203.241.151.50 - - [14/Mar/2016:03:08:07 +0200] "GET /wp-content/themes/iconic-one/custom.css?ver=06820f499ad3078ba51bb8a3026295a9 HTTP/1.0" 200 408 "http://blogs.selectsifiso.com/programmatically-create-data-flow-task-in-ssis-package-using-c/" "Mozilla/5.0 (Windows NT 6.1; WOW64; Trident/7.0; rv:11.0) like Gecko"
203.241.151.50 - - [14/Mar/2016:03:08:07 +0200] "GET /wp-content/themes/iconic-one/style.css?ver=06820f499ad3078ba51bb8a3026295a9 HTTP/1.0" 200 271 "http://blogs.selectsifiso.com/programmatically-create-data-flow-task-in-ssis-package-using-c/" "Mozilla/5.0 (Windows NT 6.1; WOW64; Trident/7.0; rv:11.0) like Gecko"
203.241.151.50 - - [14/Mar/2016:03:08:07 +0200] "GET /wp-includes/js/jquery/jquery-migrate.min.js?ver=06820f499ad3078ba51bb8a3026295a9 HTTP/1.0" 200 290 "http://blogs.selectsifiso.com/programmatically-create-data-flow-task-in-ssis-package-using-c/" "Mozilla/5.0 (Windows NT 6.1; WOW64; Trident/7.0; rv:11.0) like Gecko"
203.241.151.50 - - [14/Mar/2016:03:08:07 +0200] "GET /wp-content/plugins/tablepress/css/default.min.css?ver=06820f499ad3078ba51bb8a3026295a9 HTTP/1.0" 200 282 "http://blogs.selectsifiso.com/programmatically-create-data-flow-task-in-ssis-package-using-c/" "Mozilla/5.0 (Windows NT 6.1; WOW64; Trident/7.0; rv:11.0) like Gecko"
203.241.151.50 - - [14/Mar/2016:03:08:07 +0200] "GET /wp-content/plugins/counterize/counterize.css.php?ver=06820f499ad3078ba51bb8a3026295a9 HTTP/1.0" 200 1373 "http://blogs.selectsifiso.com/programmatically-create-data-flow-task-in-ssis-package-using-c/" "Mozilla/5.0 (Windows NT 6.1; WOW64; Trident/7.0; rv:11.0) like Gecko"
203.241.151.50 - - [14/Mar/2016:03:08:08 +0200] "GET /wp-includes/js/underscore.min.js?ver=06820f499ad3078ba51bb8a3026295a9 HTTP/1.0" 200 279 "http://blogs.selectsifiso.com/programmatically-create-data-flow-task-in-ssis-package-using-c/" "Mozilla/5.0 (Windows NT 6.1; WOW64; Trident/7.0; rv:11.0) like Gecko"
203.241.151.50 - - [14/Mar/2016:03:08:08 +0200] "GET /wp-includes/js/backbone.min.js?ver=06820f499ad3078ba51bb8a3026295a9 HTTP/1.0" 200 277 "http://blogs.selectsifiso.com/programmatically-create-data-flow-task-in-ssis-package-using-c/" "Mozilla/5.0 (Windows NT 6.1; WOW64; Trident/7.0; rv:11.0) like Gecko"
203.241.151.50 - - [14/Mar/2016:03:08:08 +0200] "GET /wp-content/plugins/page-views-count/assets/js/pvc.backbone.min.js?ver=06820f499ad3078ba51bb8a3026295a9 HTTP/1.0" 200 312 "http://blogs.selectsifiso.com/programmatically-create-data-flow-task-in-ssis-package-using-c/" "Mozilla/5.0 (Windows NT 6.1; WOW64; Trident/7.0; rv:11.0) like Gecko"
203.241.151.50 - - [14/Mar/2016:03:08:08 +0200] "GET /wp-content/plugins/counterize/counterize.js.php?ver=06820f499ad3078ba51bb8a3026295a9 HTTP/1.0" 200 11428 "http://blogs.selectsifiso.com/programmatically-create-data-flow-task-in-ssis-package-using-c/" "Mozilla/5.0 (Windows NT 6.1; WOW64; Trident/7.0; rv:11.0) like Gecko"
203.241.151.50 - - [14/Mar/2016:03:08:08 +0200] "GET /wp-content/plugins/akismet/_inc/form.js?ver=06820f499ad3078ba51bb8a3026295a9 HTTP/1.0" 200 662 "http://blogs.selectsifiso.com/programmatically-create-data-flow-task-in-ssis-package-using-c/" "Mozilla/5.0 (Windows NT 6.1; WOW64; Trident/7.0; rv:11.0) like Gecko"
203.241.151.50 - - [14/Mar/2016:03:08:08 +0200] "GET /wp-content/plugins/contact-form-7/includes/js/jquery.form.min.js?ver=06820f499ad3078ba51bb8a3026295a9-2014.06.20 HTTP/1.0" 200 311 "http://blogs.selectsifiso.com/programmatically-create-data-flow-task-in-ssis-package-using-c/" "Mozilla/5.0 (Windows NT 6.1; WOW64; Trident/7.0; rv:11.0) like Gecko"
203.241.151.50 - - [14/Mar/2016:03:08:08 +0200] "GET /wp-content/plugins/contact-form-7/includes/js/scripts.js?ver=06820f499ad3078ba51bb8a3026295a9 HTTP/1.0" 200 303 "http://blogs.selectsifiso.com/programmatically-create-data-flow-task-in-ssis-package-using-c/" "Mozilla/5.0 (Windows NT 6.1; WOW64; Trident/7.0; rv:11.0) like Gecko"
203.241.151.50 - - [14/Mar/2016:03:08:08 +0200] "GET /wp-includes/js/comment-reply.min.js?ver=06820f499ad3078ba51bb8a3026295a9 HTTP/1.0" 200 282 "http://blogs.selectsifiso.com/programmatically-create-data-flow-task-in-ssis-package-using-c/" "Mozilla/5.0 (Windows NT 6.1; WOW64; Trident/7.0; rv:11.0) like Gecko"
203.241.151.50 - - [14/Mar/2016:03:08:08 +0200] "GET /wp-content/themes/iconic-one/js/selectnav.js?ver=06820f499ad3078ba51bb8a3026295a9 HTTP/1.0" 200 291 "http://blogs.selectsifiso.com/programmatically-create-data-flow-task-in-ssis-package-using-c/" "Mozilla/5.0 (Windows NT 6.1; WOW64; Trident/7.0; rv:11.0) like Gecko"
203.241.151.50 - - [14/Mar/2016:03:08:08 +0200] "GET /wp-includes/js/wp-embed.min.js?ver=06820f499ad3078ba51bb8a3026295a9 HTTP/1.0" 200 277 "http://blogs.selectsifiso.com/programmatically-create-data-flow-task-in-ssis-package-using-c/" "Mozilla/5.0 (Windows NT 6.1; WOW64; Trident/7.0; rv:11.0) like Gecko"
203.241.151.50 - - [14/Mar/2016:03:08:08 +0200] "GET /wp-content/plugins/simplified-social-share/oss-social-sharing/assets/js/oss_share.js?ver=06820f499ad3078ba51bb8a3026295a9 HTTP/1.0" 200 488 "http://blogs.selectsifiso.com/programmatically-create-data-flow-task-in-ssis-package-using-c/" "Mozilla/5.0 (Windows NT 6.1; WOW64; Trident/7.0; rv:11.0) like Gecko"
203.241.151.50 - - [14/Mar/2016:03:08:08 +0200] "GET /wp-content/uploads/2015/09/selectSIFISOforBlogsNew.png HTTP/1.0" 200 288 "http://blogs.selectsifiso.com/programmatically-create-data-flow-task-in-ssis-package-using-c/" "Mozilla/5.0 (Windows NT 6.1; WOW64; Trident/7.0; rv:11.0) like Gecko"
203.241.151.50 - - [14/Mar/2016:03:08:08 +0200] "GET /wp-content/plugins/page-views-count/ajax-loader.gif HTTP/1.0" 200 1190 "http://blogs.selectsifiso.com/programmatically-create-data-flow-task-in-ssis-package-using-c/" "Mozilla/5.0 (Windows NT 6.1; WOW64; Trident/7.0; rv:11.0) like Gecko"
203.241.151.50 - - [14/Mar/2016:03:08:08 +0200] "GET /wp-content/themes/iconic-one/img/rss.png HTTP/1.0" 200 644 "http://blogs.selectsifiso.com/programmatically-create-data-flow-task-in-ssis-package-using-c/" "Mozilla/5.0 (Windows NT 6.1; WOW64; Trident/7.0; rv:11.0) like Gecko"
203.241.151.50 - - [14/Mar/2016:03:08:08 +0200] "GET /wp-content/themes/iconic-one/img/gplus.png HTTP/1.0" 200 1247 "http://blogs.selectsifiso.com/programmatically-create-data-flow-task-in-ssis-package-using-c/" "Mozilla/5.0 (Windows NT 6.1; WOW64; Trident/7.0; rv:11.0) like Gecko"
203.241.151.50 - - [14/Mar/2016:03:08:08 +0200] "GET /wp-content/themes/iconic-one/img/facebook.png HTTP/1.0" 200 505 "http://blogs.selectsifiso.com/programmatically-create-data-flow-task-in-ssis-package-using-c/" "Mozilla/5.0 (Windows NT 6.1; WOW64; Trident/7.0; rv:11.0) like Gecko"
203.241.151.50 - - [14/Mar/2016:03:08:08 +0200] "GET /wp-content/themes/iconic-one/img/twitter.png HTTP/1.0" 200 568 "http://blogs.selectsifiso.com/programmatically-create-data-flow-task-in-ssis-package-using-c/" "Mozilla/5.0 (Windows NT 6.1; WOW64; Trident/7.0; rv:11.0) like Gecko"
203.241.151.50 - - [14/Mar/2016:03:08:09 +0200] "GET /wp-content/plugins/social-autho-bio/images/Wordpress.png HTTP/1.0" 200 290 "http://blogs.selectsifiso.com/programmatically-create-data-flow-task-in-ssis-package-using-c/" "Mozilla/5.0 (Windows NT 6.1; WOW64; Trident/7.0; rv:11.0) like Gecko"
203.241.151.50 - - [14/Mar/2016:03:08:09 +0200] "GET /wp-content/uploads/sw_ndlovu-144x150.png HTTP/1.0" 200 274 "http://blogs.selectsifiso.com/programmatically-create-data-flow-task-in-ssis-package-using-c/" "Mozilla/5.0 (Windows NT 6.1; WOW64; Trident/7.0; rv:11.0) like Gecko"
203.241.151.50 - - [14/Mar/2016:03:08:09 +0200] "GET /wp-includes/fonts/dashicons.eot HTTP/1.0" 200 285 "http://blogs.selectsifiso.com/programmatically-create-data-flow-task-in-ssis-package-using-c/" "Mozilla/5.0 (Windows NT 6.1; WOW64; Trident/7.0; rv:11.0) like Gecko"
203.241.151.50 - - [14/Mar/2016:03:08:09 +0200] "GET /wp-content/plugins/page-views-count/chart-bar.png HTTP/1.0" 200 820 "http://blogs.selectsifiso.com/programmatically-create-data-flow-task-in-ssis-package-using-c/" "Mozilla/5.0 (Windows NT 6.1; WOW64; Trident/7.0; rv:11.0) like Gecko"
203.241.151.50 - - [14/Mar/2016:03:08:09 +0200] "GET /wp-admin/admin-ajax.php?action=pvc_backbone_load_stats&post_ids%5B288%5D%5Bpost_id%5D=288&post_ids%5B288%5D%5Bask_update%5D=true HTTP/1.0" 200 399 "http://blogs.selectsifiso.com/programmatically-create-data-flow-task-in-ssis-package-using-c/" "Mozilla/5.0 (Windows NT 6.1; WOW64; Trident/7.0; rv:11.0) like Gecko"
203.241.151.50 - - [14/Mar/2016:03:08:10 +0200] "GET /favicon.ico HTTP/1.0" 200 260 "-" "Mozilla/5.0 (Windows NT 6.1; WOW64; Trident/7.0; rv:11.0) like Gecko"
41.78.28.152 - - [14/Mar/2016:03:12:23 +0200] "GET /wp-content/plugins/page-views-count/admin/assets/webfonts/webfonts.json HTTP/1.0" 200 312 "-" "WordPress/4.4.2; http://blogs.selectsifiso.com"
180.76.15.15 - - [14/Mar/2016:03:12:22 +0200] "GET /tag/vso/ HTTP/1.0" 200 7732 "-" "Mozilla/5.0 (compatible; Baiduspider/2.0; +http://www.baidu.com/search/spider.html)"
23.108.176.108 - - [14/Mar/2016:03:14:35 +0200] "GET / HTTP/1.0" 200 10463 "http://www.selectsifiso.net/" "Mozilla/5.0 (Windows NT 5.1) AppleWebKit/537.36 (KHTML, like Gecko) Chrome/39.0.2171.99 Safari/537.36"
190.149.53.149 - - [14/Mar/2016:03:14:59 +0200] "GET /wp-content/plugins/page-views-count/ajax-loader.gif HTTP/1.0" 200 1190 "http://s3.feedly.com/production/head/" "Mozilla/5.0 (Windows NT 6.1; WOW64) AppleWebKit/537.36 (KHTML, like Gecko) Chrome/48.0.2564.116 Safari/537.36"
23.23.61.167 - - [14/Mar/2016:03:18:53 +0200] "GET / HTTP/1.0" 200 10463 "-" "Ruby"
54.205.186.30 - - [14/Mar/2016:03:18:53 +0200] "GET / HTTP/1.0" 200 10463 "-" "Ruby"
41.78.28.152 - - [14/Mar/2016:03:34:59 +0200] "POST /wp-cron.php?465a16b660ca40f346fc5a8baf6351e3&action=wysija_cron&process=bounce&silent=1 HTTP/1.0" 200 354 "-" "WordPress/4.4.2; http://blogs.selectsifiso.com"
66.249.65.39 - - [14/Mar/2016:03:34:58 +0200] "GET /wp-admin/admin-ajax.php?action=pvc_backbone_load_stats&post_ids%5B386%5D%5Bpost_id%5D=386&post_ids%5B386%5D%5Bask_update%5D=false&post_ids%5B397%5D%5Bpost_id%5D=397&post_ids%5B397%5D%5Bask_update%5D=false&post_ids%5B442%5D%5Bpost_id%5D=442&post_ids%5B442%5D%5Bask_update%5D=false&post_ids%5B459%5D%5Bpost_id%5D=459&post_ids%5B459%5D%5Bask_update%5D=false HTTP/1.0" 200 560 "http://blogs.selectsifiso.com/category/savetoxml/" "Mozilla/5.0 (compatible; Googlebot/2.1; +http://www.google.com/bot.html)"
41.78.28.152 - - [14/Mar/2016:03:35:00 +0200] "POST /wp-cron.php?doing_wp_cron=1457919300.5500190258026123046875 HTTP/1.0" 200 354 "-" "WordPress/4.4.2; http://blogs.selectsifiso.com"
180.76.15.15 - - [14/Mar/2016:03:45:51 +0200] "GET /category/mysql/ HTTP/1.0" 200 7697 "-" "Mozilla/5.0 (compatible; Baiduspider/2.0; +http://www.baidu.com/search/spider.html)"
94.236.39.228 - - [14/Mar/2016:03:49:32 +0200] "GET / HTTP/1.0" 200 46080 "-" "-"
94.236.39.228 - - [14/Mar/2016:03:52:02 +0200] "GET / HTTP/1.0" 200 46080 "-" "-"
41.78.28.152 - - [14/Mar/2016:04:06:46 +0200] "POST /wp-cron.php?465a16b660ca40f346fc5a8baf6351e3&action=wysija_cron&process=queue,bounce&silent=1 HTTP/1.0" 200 354 "-" "WordPress/4.4.2; http://blogs.selectsifiso.com"
66.249.65.39 - - [14/Mar/2016:04:06:46 +0200] "GET /robots.txt HTTP/1.0" 200 612 "-" "Mozilla/5.0 (compatible; Googlebot/2.1; +http://www.google.com/bot.html)"
41.78.28.152 - - [14/Mar/2016:04:06:48 +0200] "POST /wp-cron.php?465a16b660ca40f346fc5a8baf6351e3&action=wysija_cron&process=queue,bounce&silent=1 HTTP/1.0" 200 354 "-" "WordPress/4.4.2; http://blogs.selectsifiso.com"
41.78.28.152 - - [14/Mar/2016:04:06:48 +0200] "POST /wp-cron.php?doing_wp_cron=1457921208.0104470252990722656250 HTTP/1.0" 200 354 "-" "WordPress/4.4.2; http://blogs.selectsifiso.com"
66.249.65.39 - - [14/Mar/2016:04:06:46 +0200] "GET /programmatically-insert-into-sql-server-table-from-an-excel-file-using-ssis-script-tasks/ HTTP/1.0" 200 14676 "-" "Mozilla/5.0 (compatible; Googlebot/2.1; +http://www.google.com/bot.html)"
54.205.186.30 - - [14/Mar/2016:04:19:15 +0200] "GET / HTTP/1.0" 200 10463 "-" "Ruby"
23.23.61.167 - - [14/Mar/2016:04:19:15 +0200] "GET / HTTP/1.0" 200 10463 "-" "Ruby"
41.78.28.152 - - [14/Mar/2016:04:19:20 +0200] "POST /wp-cron.php?465a16b660ca40f346fc5a8baf6351e3&action=wysija_cron&process=bounce&silent=1 HTTP/1.0" 200 354 "-" "WordPress/4.4.2; http://blogs.selectsifiso.com"
41.78.28.152 - - [14/Mar/2016:04:19:22 +0200] "POST /wp-cron.php?doing_wp_cron=1457921962.0058319568634033203125 HTTP/1.0" 200 354 "-" "WordPress/4.4.2; http://blogs.selectsifiso.com"
180.76.15.28 - - [14/Mar/2016:04:19:20 +0200] "GET /programmatically-create-data-flow-task-inside-a-sequence-container-using-c/ HTTP/1.0" 200 14010 "-" "Mozilla/5.0 (compatible; Baiduspider/2.0; +http://www.baidu.com/search/spider.html)"
207.46.13.193 - - [14/Mar/2016:04:19:40 +0200] "GET /robots.txt HTTP/1.0" 200 612 "-" "Mozilla/5.0 (compatible; bingbot/2.0; +http://www.bing.com/bingbot.htm)"
41.78.28.152 - - [14/Mar/2016:04:38:58 +0200] "POST /wp-cron.php?465a16b660ca40f346fc5a8baf6351e3&action=wysija_cron&process=bounce&silent=1 HTTP/1.0" 200 354 "-" "WordPress/4.4.2; http://blogs.selectsifiso.com"
91.200.12.53 - - [14/Mar/2016:04:38:57 +0200] "GET / HTTP/1.0" 200 10553 "-" "Mozilla/5.0 (X11; Linux i686 on x86_64) AppleWebKit/537.36 (KHTML, like Gecko) Chrome/36.0.1989.2 Safari/537.36"
41.78.28.152 - - [14/Mar/2016:04:38:59 +0200] "POST /wp-cron.php?doing_wp_cron=1457923139.2269959449768066406250 HTTP/1.0" 200 354 "-" "WordPress/4.4.2; http://blogs.selectsifiso.com"
94.236.39.228 - - [14/Mar/2016:04:56:52 +0200] "GET / HTTP/1.0" 200 46080 "-" "-"
94.236.39.228 - - [14/Mar/2016:04:57:12 +0200] "GET / HTTP/1.0" 200 46080 "-" "-"
54.205.135.22 - - [14/Mar/2016:05:10:46 +0200] "GET / HTTP/1.0" 200 46080 "-" "Mozilla/5.0 (Windows; U; Windows NT 6.0; en-US; rv:1.9.2.3) Gecko/20100401 Firefox/3.6.3 GTB6 (.NET CLR 3.5.30729)"
23.23.61.167 - - [14/Mar/2016:05:19:18 +0200] "GET / HTTP/1.0" 200 10464 "-" "Ruby"
54.205.186.30 - - [14/Mar/2016:05:19:18 +0200] "GET / HTTP/1.0" 200 10464 "-" "Ruby"
41.78.28.152 - - [14/Mar/2016:05:36:04 +0200] "POST /wp-cron.php?465a16b660ca40f346fc5a8baf6351e3&action=wysija_cron&process=queue,bounce&silent=1 HTTP/1.0" 200 354 "-" "WordPress/4.4.2; http://blogs.selectsifiso.com"
68.180.228.100 - - [14/Mar/2016:05:36:03 +0200] "GET /robots.txt HTTP/1.0" 200 570 "-" "Mozilla/5.0 (compatible; Yahoo! Slurp; http://help.yahoo.com/help/us/ysearch/slurp)"
41.78.28.152 - - [14/Mar/2016:05:36:05 +0200] "POST /wp-cron.php?doing_wp_cron=1457926565.5843560695648193359375 HTTP/1.0" 200 354 "-" "WordPress/4.4.2; http://blogs.selectsifiso.com"
68.180.228.100 - - [14/Mar/2016:05:36:08 +0200] "GET /programmatically-extract-save-sql-statements-in-execute-sql-tasks-using-c/ HTTP/1.0" 200 15079 "-" "Mozilla/5.0 (compatible; Yahoo! Slurp; http://help.yahoo.com/help/us/ysearch/slurp)"
68.180.230.179 - - [14/Mar/2016:05:36:13 +0200] "GET /robots.txt HTTP/1.0" 200 570 "-" "Mozilla/5.0 (compatible; Yahoo! Slurp; http://help.yahoo.com/help/us/ysearch/slurp)"
23.108.176.164 - - [14/Mar/2016:05:44:03 +0200] "GET / HTTP/1.0" 200 10464 "http://www.selectsifiso.net/" "Mozilla/5.0 (Windows NT 6.1; WOW64) AppleWebKit/537.36 (KHTML, like Gecko) Iron/29.0.1600.1 Chrome/29.0.1600.1 Safari/537.36"
41.78.28.152 - - [14/Mar/2016:05:49:36 +0200] "POST /wp-cron.php?465a16b660ca40f346fc5a8baf6351e3&action=wysija_cron&process=bounce&silent=1 HTTP/1.0" 200 354 "-" "WordPress/4.4.2; http://blogs.selectsifiso.com"
66.249.65.36 - - [14/Mar/2016:05:49:35 +0200] "GET /robots.txt HTTP/1.0" 200 612 "-" "Mozilla/5.0 (compatible; Googlebot/2.1; +http://www.google.com/bot.html)"
41.78.28.152 - - [14/Mar/2016:05:49:37 +0200] "POST /wp-cron.php?doing_wp_cron=1457927377.1207339763641357421875 HTTP/1.0" 200 354 "-" "WordPress/4.4.2; http://blogs.selectsifiso.com"
66.249.65.33 - - [14/Mar/2016:05:52:46 +0200] "GET /tag/oledb-source/ HTTP/1.0" 200 9783 "-" "Mozilla/5.0 (compatible; Googlebot/2.1; +http://www.google.com/bot.html)"
147.194.102.247 - - [14/Mar/2016:05:59:46 +0200] "GET /wp-content/plugins/page-views-count/ajax-loader.gif HTTP/1.0" 200 1190 "http://www.codeproject.com/Articles/1083644/Duplicate-MySQL-Table-Using-phpMyAdmin" "Mozilla/5.0 (Windows NT 6.1; Trident/7.0; rv:11.0) like Gecko"
54.205.186.30 - - [14/Mar/2016:06:18:58 +0200] "GET / HTTP/1.0" 200 10464 "-" "Ruby"
23.23.61.167 - - [14/Mar/2016:06:18:59 +0200] "GET / HTTP/1.0" 200 10464 "-" "Ruby"
41.78.28.152 - - [14/Mar/2016:06:24:21 +0200] "POST /wp-cron.php?465a16b660ca40f346fc5a8baf6351e3&action=wysija_cron&process=bounce&silent=1 HTTP/1.0" 200 354 "-" "WordPress/4.4.2; http://blogs.selectsifiso.com"
141.8.142.74 - - [14/Mar/2016:06:24:20 +0200] "GET /robots.txt HTTP/1.0" 200 570 "-" "Mozilla/5.0 (compatible; YandexBot/3.0; +http://yandex.com/bots)"
41.78.28.152 - - [14/Mar/2016:06:24:22 +0200] "POST /wp-cron.php?doing_wp_cron=1457929462.3617489337921142578125 HTTP/1.0" 200 354 "-" "WordPress/4.4.2; http://blogs.selectsifiso.com"
66.249.65.36 - - [13/Mar/2016:10:22:38 +0200] "GET /wp-content/themes/iconic-one/style.css?ver=06820f499ad3078ba51bb8a3026295a9 HTTP/1.1" 200 34711 "-" "Mozilla/5.0 (compatible; Googlebot/2.1; +http://www.google.com/bot.html)"
197.32.108.233 - - [13/Mar/2016:10:40:54 +0200] "GET /wp-content/plugins/wysija-newsletters/css/validationEngine.jquery.css?ver=06820f499ad3078ba51bb8a3026295a9 HTTP/1.1" 200 4685 "http://blogs.selectsifiso.com/" "Mozilla/5.0 (Windows NT 6.2; WOW64) AppleWebKit/537.36 (KHTML, like Gecko) Chrome/48.0.2564.116 Safari/537.36"
197.32.108.233 - - [13/Mar/2016:10:40:54 +0200] "GET /wp-content/plugins/captcha/css/style.css?ver=06820f499ad3078ba51bb8a3026295a9 HTTP/1.1" 200 3001 "http://blogs.selectsifiso.com/" "Mozilla/5.0 (Windows NT 6.2; WOW64) AppleWebKit/537.36 (KHTML, like Gecko) Chrome/48.0.2564.116 Safari/537.36"
197.32.108.233 - - [13/Mar/2016:10:40:54 +0200] "GET /wp-content/plugins/captcha/css/desktop_style.css?ver=06820f499ad3078ba51bb8a3026295a9 HTTP/1.1" 200 1615 "http://blogs.selectsifiso.com/" "Mozilla/5.0 (Windows NT 6.2; WOW64) AppleWebKit/537.36 (KHTML, like Gecko) Chrome/48.0.2564.116 Safari/537.36"
197.32.108.233 - - [13/Mar/2016:10:40:54 +0200] "GET /wp-content/plugins/contact-form-7/includes/css/styles.css?ver=06820f499ad3078ba51bb8a3026295a9 HTTP/1.1" 200 1099 "http://blogs.selectsifiso.com/" "Mozilla/5.0 (Windows NT 6.2; WOW64) AppleWebKit/537.36 (KHTML, like Gecko) Chrome/48.0.2564.116 Safari/537.36"
197.32.108.233 - - [13/Mar/2016:10:40:55 +0200] "GET /wp-content/plugins/tablepress/css/default.min.css?ver=06820f499ad3078ba51bb8a3026295a9 HTTP/1.1" 200 5606 "http://blogs.selectsifiso.com/" "Mozilla/5.0 (Windows NT 6.2; WOW64) AppleWebKit/537.36 (KHTML, like Gecko) Chrome/48.0.2564.116 Safari/537.36"
197.32.108.233 - - [13/Mar/2016:10:40:55 +0200] "GET /wp-content/themes/iconic-one/style.css?ver=06820f499ad3078ba51bb8a3026295a9 HTTP/1.1" 200 34711 "http://blogs.selectsifiso.com/" "Mozilla/5.0 (Windows NT 6.2; WOW64) AppleWebKit/537.36 (KHTML, like Gecko) Chrome/48.0.2564.116 Safari/537.36"
197.32.108.233 - - [13/Mar/2016:10:40:56 +0200] "GET /wp-includes/js/jquery/jquery-migrate.min.js?ver=06820f499ad3078ba51bb8a3026295a9 HTTP/1.1" 200 7200 "http://blogs.selectsifiso.com/" "Mozilla/5.0 (Windows NT 6.2; WOW64) AppleWebKit/537.36 (KHTML, like Gecko) Chrome/48.0.2564.116 Safari/537.36"
197.32.108.233 - - [13/Mar/2016:10:40:56 +0200] "GET /wp-includes/js/underscore.min.js?ver=06820f499ad3078ba51bb8a3026295a9 HTTP/1.1" 200 14643 "http://blogs.selectsifiso.com/" "Mozilla/5.0 (Windows NT 6.2; WOW64) AppleWebKit/537.36 (KHTML, like Gecko) Chrome/48.0.2564.116 Safari/537.36"
197.32.108.233 - - [13/Mar/2016:10:40:57 +0200] "GET /wp-includes/js/jquery/jquery.js?ver=06820f499ad3078ba51bb8a3026295a9 HTTP/1.1" 200 95977 "http://blogs.selectsifiso.com/" "Mozilla/5.0 (Windows NT 6.2; WOW64) AppleWebKit/537.36 (KHTML, like Gecko) Chrome/48.0.2564.116 Safari/537.36"
197.32.108.233 - - [13/Mar/2016:10:40:57 +0200] "GET /wp-includes/js/backbone.min.js?ver=06820f499ad3078ba51bb8a3026295a9 HTTP/1.1" 200 19962 "http://blogs.selectsifiso.com/" "Mozilla/5.0 (Windows NT 6.2; WOW64) AppleWebKit/537.36 (KHTML, like Gecko) Chrome/48.0.2564.116 Safari/537.36"
197.32.108.233 - - [13/Mar/2016:10:40:57 +0200] "GET /wp-content/plugins/page-views-count/assets/js/pvc.backbone.min.js?ver=06820f499ad3078ba51bb8a3026295a9 HTTP/1.1" 200 1513 "http://blogs.selectsifiso.com/" "Mozilla/5.0 (Windows NT 6.2; WOW64) AppleWebKit/537.36 (KHTML, like Gecko) Chrome/48.0.2564.116 Safari/537.36"
197.32.108.233 - - [13/Mar/2016:10:40:57 +0200] "GET /wp-includes/css/dashicons.min.css?ver=06820f499ad3078ba51bb8a3026295a9 HTTP/1.1" 200 46136 "http://blogs.selectsifiso.com/" "Mozilla/5.0 (Windows NT 6.2; WOW64) AppleWebKit/537.36 (KHTML, like Gecko) Chrome/48.0.2564.116 Safari/537.36"
197.32.108.233 - - [13/Mar/2016:10:40:58 +0200] "GET /wp-content/plugins/contact-form-7/includes/js/jquery.form.min.js?ver=06820f499ad3078ba51bb8a3026295a9-2014.06.20 HTTP/1.1" 200 15248 "http://blogs.selectsifiso.com/" "Mozilla/5.0 (Windows NT 6.2; WOW64) AppleWebKit/537.36 (KHTML, like Gecko) Chrome/48.0.2564.116 Safari/537.36"
197.32.108.233 - - [13/Mar/2016:10:40:58 +0200] "GET /wp-content/plugins/contact-form-7/includes/js/scripts.js?ver=06820f499ad3078ba51bb8a3026295a9 HTTP/1.1" 200 11819 "http://blogs.selectsifiso.com/" "Mozilla/5.0 (Windows NT 6.2; WOW64) AppleWebKit/537.36 (KHTML, like Gecko) Chrome/48.0.2564.116 Safari/537.36"
197.32.108.233 - - [13/Mar/2016:10:40:58 +0200] "GET /wp-content/themes/iconic-one/js/selectnav.js?ver=06820f499ad3078ba51bb8a3026295a9 HTTP/1.1" 200 4195 "http://blogs.selectsifiso.com/" "Mozilla/5.0 (Windows NT 6.2; WOW64) AppleWebKit/537.36 (KHTML, like Gecko) Chrome/48.0.2564.116 Safari/537.36"
197.32.108.233 - - [13/Mar/2016:10:40:58 +0200] "GET /wp-includes/js/wp-embed.min.js?ver=06820f499ad3078ba51bb8a3026295a9 HTTP/1.1" 200 1518 "http://blogs.selectsifiso.com/" "Mozilla/5.0 (Windows NT 6.2; WOW64) AppleWebKit/537.36 (KHTML, like Gecko) Chrome/48.0.2564.116 Safari/537.36"
197.32.108.233 - - [13/Mar/2016:10:40:58 +0200] "GET /wp-includes/js/wp-emoji-release.min.js?ver=06820f499ad3078ba51bb8a3026295a9 HTTP/1.1" 200 33713 "http://blogs.selectsifiso.com/" "Mozilla/5.0 (Windows NT 6.2; WOW64) AppleWebKit/537.36 (KHTML, like Gecko) Chrome/48.0.2564.116 Safari/537.36"
197.32.108.233 - - [13/Mar/2016:10:40:59 +0200] "GET /wp-content/uploads/2015/09/selectSIFISOforBlogsNew.png HTTP/1.1" 200 28335 "http://blogs.selectsifiso.com/" "Mozilla/5.0 (Windows NT 6.2; WOW64) AppleWebKit/537.36 (KHTML, like Gecko) Chrome/48.0.2564.116 Safari/537.36"
197.32.108.233 - - [13/Mar/2016:10:41:11 +0200] "GET /favicon.ico HTTP/1.1" 200 17542 "http://blogs.selectsifiso.com/" "Mozilla/5.0 (Windows NT 6.2; WOW64) AppleWebKit/537.36 (KHTML, like Gecko) Chrome/48.0.2564.116 Safari/537.36"
41.202.219.67 - - [13/Mar/2016:11:25:34 +0200] "GET /wp-content/plugins/wysija-newsletters/css/validationEngine.jquery.css?ver=06820f499ad3078ba51bb8a3026295a9 HTTP/1.1" 200 4685 "http://blogs.selectsifiso.com/programmatically-import-delimited-text-file-with-derived-columns-into-flat-file-destination-using-ssiss-script-task-tool/" "Mozilla/5.0 (Android 5.1; Mobile; rv:45.0) Gecko/45.0 Firefox/45.0"
41.202.219.67 - - [13/Mar/2016:11:25:34 +0200] "GET /wp-content/plugins/captcha/css/style.css?ver=06820f499ad3078ba51bb8a3026295a9 HTTP/1.1" 200 3001 "http://blogs.selectsifiso.com/programmatically-import-delimited-text-file-with-derived-columns-into-flat-file-destination-using-ssiss-script-task-tool/" "Mozilla/5.0 (Android 5.1; Mobile; rv:45.0) Gecko/45.0 Firefox/45.0"
41.202.219.67 - - [13/Mar/2016:11:25:34 +0200] "GET /wp-content/plugins/contact-form-7/includes/css/styles.css?ver=06820f499ad3078ba51bb8a3026295a9 HTTP/1.1" 200 1099 "http://blogs.selectsifiso.com/programmatically-import-delimited-text-file-with-derived-columns-into-flat-file-destination-using-ssiss-script-task-tool/" "Mozilla/5.0 (Android 5.1; Mobile; rv:45.0) Gecko/45.0 Firefox/45.0"
41.202.219.67 - - [13/Mar/2016:11:25:35 +0200] "GET /wp-content/plugins/tablepress/css/default.min.css?ver=06820f499ad3078ba51bb8a3026295a9 HTTP/1.1" 200 5606 "http://blogs.selectsifiso.com/programmatically-import-delimited-text-file-with-derived-columns-into-flat-file-destination-using-ssiss-script-task-tool/" "Mozilla/5.0 (Android 5.1; Mobile; rv:45.0) Gecko/45.0 Firefox/45.0"
41.202.219.67 - - [13/Mar/2016:11:25:35 +0200] "GET /wp-includes/js/jquery/jquery-migrate.min.js?ver=06820f499ad3078ba51bb8a3026295a9 HTTP/1.1" 200 7200 "http://blogs.selectsifiso.com/programmatically-import-delimited-text-file-with-derived-columns-into-flat-file-destination-using-ssiss-script-task-tool/" "Mozilla/5.0 (Android 5.1; Mobile; rv:45.0) Gecko/45.0 Firefox/45.0"
41.202.219.67 - - [13/Mar/2016:11:25:35 +0200] "GET /wp-includes/js/comment-reply.min.js?ver=06820f499ad3078ba51bb8a3026295a9 HTTP/1.1" 200 1078 "http://blogs.selectsifiso.com/programmatically-import-delimited-text-file-with-derived-columns-into-flat-file-destination-using-ssiss-script-task-tool/" "Mozilla/5.0 (Android 5.1; Mobile; rv:45.0) Gecko/45.0 Firefox/45.0"
41.202.219.67 - - [13/Mar/2016:11:25:35 +0200] "GET /wp-includes/js/backbone.min.js?ver=06820f499ad3078ba51bb8a3026295a9 HTTP/1.1" 200 19962 "http://blogs.selectsifiso.com/programmatically-import-delimited-text-file-with-derived-columns-into-flat-file-destination-using-ssiss-script-task-tool/" "Mozilla/5.0 (Android 5.1; Mobile; rv:45.0) Gecko/45.0 Firefox/45.0"
41.202.219.67 - - [13/Mar/2016:11:25:35 +0200] "GET /wp-includes/js/underscore.min.js?ver=06820f499ad3078ba51bb8a3026295a9 HTTP/1.1" 200 14643 "http://blogs.selectsifiso.com/programmatically-import-delimited-text-file-with-derived-columns-into-flat-file-destination-using-ssiss-script-task-tool/" "Mozilla/5.0 (Android 5.1; Mobile; rv:45.0) Gecko/45.0 Firefox/45.0"
41.202.219.67 - - [13/Mar/2016:11:25:35 +0200] "GET /wp-includes/js/wp-embed.min.js?ver=06820f499ad3078ba51bb8a3026295a9 HTTP/1.1" 200 1518 "http://blogs.selectsifiso.com/programmatically-import-delimited-text-file-with-derived-columns-into-flat-file-destination-using-ssiss-script-task-tool/" "Mozilla/5.0 (Android 5.1; Mobile; rv:45.0) Gecko/45.0 Firefox/45.0"
41.202.219.67 - - [13/Mar/2016:11:25:35 +0200] "GET /wp-content/plugins/contact-form-7/includes/js/jquery.form.min.js?ver=06820f499ad3078ba51bb8a3026295a9-2014.06.20 HTTP/1.1" 200 15248 "http://blogs.selectsifiso.com/programmatically-import-delimited-text-file-with-derived-columns-into-flat-file-destination-using-ssiss-script-task-tool/" "Mozilla/5.0 (Android 5.1; Mobile; rv:45.0) Gecko/45.0 Firefox/45.0"
41.202.219.67 - - [13/Mar/2016:11:25:35 +0200] "GET /wp-content/themes/iconic-one/style.css?ver=06820f499ad3078ba51bb8a3026295a9 HTTP/1.1" 200 34711 "http://blogs.selectsifiso.com/programmatically-import-delimited-text-file-with-derived-columns-into-flat-file-destination-using-ssiss-script-task-tool/" "Mozilla/5.0 (Android 5.1; Mobile; rv:45.0) Gecko/45.0 Firefox/45.0"
41.202.219.67 - - [13/Mar/2016:11:25:35 +0200] "GET /wp-content/plugins/page-views-count/assets/js/pvc.backbone.min.js?ver=06820f499ad3078ba51bb8a3026295a9 HTTP/1.1" 200 1513 "http://blogs.selectsifiso.com/programmatically-import-delimited-text-file-with-derived-columns-into-flat-file-destination-using-ssiss-script-task-tool/" "Mozilla/5.0 (Android 5.1; Mobile; rv:45.0) Gecko/45.0 Firefox/45.0"
41.202.219.67 - - [13/Mar/2016:11:25:36 +0200] "GET /wp-includes/css/dashicons.min.css?ver=06820f499ad3078ba51bb8a3026295a9 HTTP/1.1" 200 46136 "http://blogs.selectsifiso.com/programmatically-import-delimited-text-file-with-derived-columns-into-flat-file-destination-using-ssiss-script-task-tool/" "Mozilla/5.0 (Android 5.1; Mobile; rv:45.0) Gecko/45.0 Firefox/45.0"
41.202.219.67 - - [13/Mar/2016:11:25:36 +0200] "GET /wp-includes/js/wp-emoji-release.min.js?ver=06820f499ad3078ba51bb8a3026295a9 HTTP/1.1" 200 33713 "http://blogs.selectsifiso.com/programmatically-import-delimited-text-file-with-derived-columns-into-flat-file-destination-using-ssiss-script-task-tool/" "Mozilla/5.0 (Android 5.1; Mobile; rv:45.0) Gecko/45.0 Firefox/45.0"
41.202.219.67 - - [13/Mar/2016:11:25:36 +0200] "GET /wp-content/themes/iconic-one/js/selectnav.js?ver=06820f499ad3078ba51bb8a3026295a9 HTTP/1.1" 200 4195 "http://blogs.selectsifiso.com/programmatically-import-delimited-text-file-with-derived-columns-into-flat-file-destination-using-ssiss-script-task-tool/" "Mozilla/5.0 (Android 5.1; Mobile; rv:45.0) Gecko/45.0 Firefox/45.0"
41.202.219.67 - - [13/Mar/2016:11:25:40 +0200] "GET /wp-includes/js/jquery/jquery.js?ver=06820f499ad3078ba51bb8a3026295a9 HTTP/1.1" 200 95977 "http://blogs.selectsifiso.com/programmatically-import-delimited-text-file-with-derived-columns-into-flat-file-destination-using-ssiss-script-task-tool/" "Mozilla/5.0 (Android 5.1; Mobile; rv:45.0) Gecko/45.0 Firefox/45.0"
41.202.219.67 - - [13/Mar/2016:11:25:40 +0200] "GET /wp-content/plugins/contact-form-7/includes/js/scripts.js?ver=06820f499ad3078ba51bb8a3026295a9 HTTP/1.1" 200 11819 "http://blogs.selectsifiso.com/programmatically-import-delimited-text-file-with-derived-columns-into-flat-file-destination-using-ssiss-script-task-tool/" "Mozilla/5.0 (Android 5.1; Mobile; rv:45.0) Gecko/45.0 Firefox/45.0"
41.202.219.67 - - [13/Mar/2016:11:25:41 +0200] "GET /wp-content/uploads/2015/09/selectSIFISOforBlogsNew.png HTTP/1.1" 200 28335 "http://blogs.selectsifiso.com/programmatically-import-delimited-text-file-with-derived-columns-into-flat-file-destination-using-ssiss-script-task-tool/" "Mozilla/5.0 (Android 5.1; Mobile; rv:45.0) Gecko/45.0 Firefox/45.0"
41.202.219.67 - - [13/Mar/2016:11:25:41 +0200] "GET /wp-content/plugins/social-autho-bio/images/Wordpress.png HTTP/1.1" 200 3122 "http://blogs.selectsifiso.com/programmatically-import-delimited-text-file-with-derived-columns-into-flat-file-destination-using-ssiss-script-task-tool/" "Mozilla/5.0 (Android 5.1; Mobile; rv:45.0) Gecko/45.0 Firefox/45.0"
41.202.219.67 - - [13/Mar/2016:11:25:42 +0200] "GET /wp-content/uploads/sw_ndlovu-144x150.png HTTP/1.1" 200 39018 "http://blogs.selectsifiso.com/programmatically-import-delimited-text-file-with-derived-columns-into-flat-file-destination-using-ssiss-script-task-tool/" "Mozilla/5.0 (Android 5.1; Mobile; rv:45.0) Gecko/45.0 Firefox/45.0"
41.202.219.67 - - [13/Mar/2016:11:25:44 +0200] "GET /favicon.ico HTTP/1.1" 200 17542 "-" "Mozilla/5.0 (Android 5.1; Mobile; rv:45.0) Gecko/45.0 Firefox/45.0"
66.249.93.1 - - [13/Mar/2016:13:52:08 +0200] "GET /favicon.ico HTTP/1.1" 200 17542 "-" "Mozilla/5.0 (X11; Linux x86_64) AppleWebKit/537.36 (KHTML, like Gecko) Chrome/49.0.2623.75 Safari/537.36 Google Favicon"
207.46.13.193 - - [13/Mar/2016:15:21:31 +0200] "GET /wp-includes/js/underscore.min.js?ver=06820f499ad3078ba51bb8a3026295a9 HTTP/1.1" 200 14643 "-" "Mozilla/5.0 (compatible; bingbot/2.0; +http://www.bing.com/bingbot.htm)"
180.76.15.13 - - [13/Mar/2016:16:10:39 +0200] "GET /wp-content/plugins/contact-form-7/includes/js/jquery.form.min.js HTTP/1.1" 200 15248 "-" "Mozilla/5.0 (compatible; Baiduspider/2.0; +http://www.baidu.com/search/spider.html)"
80.110.9.77 - - [13/Mar/2016:19:17:38 +0200] "GET /wp-content/plugins/wysija-newsletters/css/validationEngine.jquery.css?ver=06820f499ad3078ba51bb8a3026295a9 HTTP/1.1" 200 4685 "http://blogs.selectsifiso.com/" "Mozilla/5.0 (Windows NT 10.0; Win64; x64) AppleWebKit/537.36 (KHTML, like Gecko) Chrome/46.0.2486.0 Safari/537.36 Edge/14.14279"
80.110.9.77 - - [13/Mar/2016:19:17:38 +0200] "GET /wp-content/plugins/captcha/css/style.css?ver=06820f499ad3078ba51bb8a3026295a9 HTTP/1.1" 200 3001 "http://blogs.selectsifiso.com/" "Mozilla/5.0 (Windows NT 10.0; Win64; x64) AppleWebKit/537.36 (KHTML, like Gecko) Chrome/46.0.2486.0 Safari/537.36 Edge/14.14279"
80.110.9.77 - - [13/Mar/2016:19:17:38 +0200] "GET /wp-content/plugins/captcha/css/desktop_style.css?ver=06820f499ad3078ba51bb8a3026295a9 HTTP/1.1" 200 1615 "http://blogs.selectsifiso.com/" "Mozilla/5.0 (Windows NT 10.0; Win64; x64) AppleWebKit/537.36 (KHTML, like Gecko) Chrome/46.0.2486.0 Safari/537.36 Edge/14.14279"
80.110.9.77 - - [13/Mar/2016:19:17:38 +0200] "GET /wp-includes/css/dashicons.min.css?ver=06820f499ad3078ba51bb8a3026295a9 HTTP/1.1" 200 46136 "http://blogs.selectsifiso.com/" "Mozilla/5.0 (Windows NT 10.0; Win64; x64) AppleWebKit/537.36 (KHTML, like Gecko) Chrome/46.0.2486.0 Safari/537.36 Edge/14.14279"
80.110.9.77 - - [13/Mar/2016:19:17:38 +0200] "GET /wp-content/plugins/contact-form-7/includes/css/styles.css?ver=06820f499ad3078ba51bb8a3026295a9 HTTP/1.1" 200 1099 "http://blogs.selectsifiso.com/" "Mozilla/5.0 (Windows NT 10.0; Win64; x64) AppleWebKit/537.36 (KHTML, like Gecko) Chrome/46.0.2486.0 Safari/537.36 Edge/14.14279"
80.110.9.77 - - [13/Mar/2016:19:17:38 +0200] "GET /wp-includes/js/wp-emoji-release.min.js?ver=06820f499ad3078ba51bb8a3026295a9 HTTP/1.1" 200 33713 "http://blogs.selectsifiso.com/" "Mozilla/5.0 (Windows NT 10.0; Win64; x64) AppleWebKit/537.36 (KHTML, like Gecko) Chrome/46.0.2486.0 Safari/537.36 Edge/14.14279"
80.110.9.77 - - [13/Mar/2016:19:17:39 +0200] "GET /wp-content/themes/iconic-one/style.css?ver=06820f499ad3078ba51bb8a3026295a9 HTTP/1.1" 200 34711 "http://blogs.selectsifiso.com/" "Mozilla/5.0 (Windows NT 10.0; Win64; x64) AppleWebKit/537.36 (KHTML, like Gecko) Chrome/46.0.2486.0 Safari/537.36 Edge/14.14279"
80.110.9.77 - - [13/Mar/2016:19:17:39 +0200] "GET /wp-content/plugins/tablepress/css/default.min.css?ver=06820f499ad3078ba51bb8a3026295a9 HTTP/1.1" 200 5606 "http://blogs.selectsifiso.com/" "Mozilla/5.0 (Windows NT 10.0; Win64; x64) AppleWebKit/537.36 (KHTML, like Gecko) Chrome/46.0.2486.0 Safari/537.36 Edge/14.14279"
80.110.9.77 - - [13/Mar/2016:19:17:39 +0200] "GET /wp-includes/js/jquery/jquery-migrate.min.js?ver=06820f499ad3078ba51bb8a3026295a9 HTTP/1.1" 200 7200 "http://blogs.selectsifiso.com/" "Mozilla/5.0 (Windows NT 10.0; Win64; x64) AppleWebKit/537.36 (KHTML, like Gecko) Chrome/46.0.2486.0 Safari/537.36 Edge/14.14279"
80.110.9.77 - - [13/Mar/2016:19:17:39 +0200] "GET /wp-includes/js/underscore.min.js?ver=06820f499ad3078ba51bb8a3026295a9 HTTP/1.1" 200 14643 "http://blogs.selectsifiso.com/" "Mozilla/5.0 (Windows NT 10.0; Win64; x64) AppleWebKit/537.36 (KHTML, like Gecko) Chrome/46.0.2486.0 Safari/537.36 Edge/14.14279"
80.110.9.77 - - [13/Mar/2016:19:17:39 +0200] "GET /wp-includes/js/backbone.min.js?ver=06820f499ad3078ba51bb8a3026295a9 HTTP/1.1" 200 19962 "http://blogs.selectsifiso.com/" "Mozilla/5.0 (Windows NT 10.0; Win64; x64) AppleWebKit/537.36 (KHTML, like Gecko) Chrome/46.0.2486.0 Safari/537.36 Edge/14.14279"
80.110.9.77 - - [13/Mar/2016:19:17:39 +0200] "GET /wp-content/plugins/page-views-count/assets/js/pvc.backbone.min.js?ver=06820f499ad3078ba51bb8a3026295a9 HTTP/1.1" 200 1513 "http://blogs.selectsifiso.com/" "Mozilla/5.0 (Windows NT 10.0; Win64; x64) AppleWebKit/537.36 (KHTML, like Gecko) Chrome/46.0.2486.0 Safari/537.36 Edge/14.14279"
80.110.9.77 - - [13/Mar/2016:19:17:39 +0200] "GET /wp-includes/js/jquery/jquery.js?ver=06820f499ad3078ba51bb8a3026295a9 HTTP/1.1" 200 95977 "http://blogs.selectsifiso.com/" "Mozilla/5.0 (Windows NT 10.0; Win64; x64) AppleWebKit/537.36 (KHTML, like Gecko) Chrome/46.0.2486.0 Safari/537.36 Edge/14.14279"
80.110.9.77 - - [13/Mar/2016:19:17:39 +0200] "GET /wp-content/plugins/contact-form-7/includes/js/jquery.form.min.js?ver=06820f499ad3078ba51bb8a3026295a9-2014.06.20 HTTP/1.1" 200 15248 "http://blogs.selectsifiso.com/" "Mozilla/5.0 (Windows NT 10.0; Win64; x64) AppleWebKit/537.36 (KHTML, like Gecko) Chrome/46.0.2486.0 Safari/537.36 Edge/14.14279"
80.110.9.77 - - [13/Mar/2016:19:17:39 +0200] "GET /wp-content/plugins/contact-form-7/includes/js/scripts.js?ver=06820f499ad3078ba51bb8a3026295a9 HTTP/1.1" 200 11819 "http://blogs.selectsifiso.com/" "Mozilla/5.0 (Windows NT 10.0; Win64; x64) AppleWebKit/537.36 (KHTML, like Gecko) Chrome/46.0.2486.0 Safari/537.36 Edge/14.14279"
80.110.9.77 - - [13/Mar/2016:19:17:39 +0200] "GET /wp-content/themes/iconic-one/js/selectnav.js?ver=06820f499ad3078ba51bb8a3026295a9 HTTP/1.1" 200 4195 "http://blogs.selectsifiso.com/" "Mozilla/5.0 (Windows NT 10.0; Win64; x64) AppleWebKit/537.36 (KHTML, like Gecko) Chrome/46.0.2486.0 Safari/537.36 Edge/14.14279"
80.110.9.77 - - [13/Mar/2016:19:17:39 +0200] "GET /wp-includes/js/wp-embed.min.js?ver=06820f499ad3078ba51bb8a3026295a9 HTTP/1.1" 200 1518 "http://blogs.selectsifiso.com/" "Mozilla/5.0 (Windows NT 10.0; Win64; x64) AppleWebKit/537.36 (KHTML, like Gecko) Chrome/46.0.2486.0 Safari/537.36 Edge/14.14279"
80.110.9.77 - - [13/Mar/2016:19:17:40 +0200] "GET /wp-content/uploads/2015/09/selectSIFISOforBlogsNew.png HTTP/1.1" 200 28335 "http://blogs.selectsifiso.com/" "Mozilla/5.0 (Windows NT 10.0; Win64; x64) AppleWebKit/537.36 (KHTML, like Gecko) Chrome/46.0.2486.0 Safari/537.36 Edge/14.14279"
80.110.9.77 - - [13/Mar/2016:19:17:41 +0200] "GET /favicon.ico HTTP/1.1" 200 17542 "-" "Mozilla/5.0 (Windows NT 10.0; Win64; x64) AppleWebKit/537.36 (KHTML, like Gecko) Chrome/46.0.2486.0 Safari/537.36 Edge/14.14279"
187.20.140.62 - - [13/Mar/2016:20:11:48 +0200] "GET /wp-content/plugins/captcha/css/style.css?ver=06820f499ad3078ba51bb8a3026295a9 HTTP/1.1" 200 3001 "http://blogs.selectsifiso.com/" "Mozilla/5.0 (Windows NT 6.1; WOW64) AppleWebKit/537.36 (KHTML, like Gecko) Chrome/47.0.2526.111 Safari/537.36"
187.20.140.62 - - [13/Mar/2016:20:11:48 +0200] "GET /wp-includes/css/dashicons.min.css?ver=06820f499ad3078ba51bb8a3026295a9 HTTP/1.1" 200 46136 "http://blogs.selectsifiso.com/" "Mozilla/5.0 (Windows NT 6.1; WOW64) AppleWebKit/537.36 (KHTML, like Gecko) Chrome/47.0.2526.111 Safari/537.36"
187.20.140.62 - - [13/Mar/2016:20:11:48 +0200] "GET /wp-content/plugins/captcha/css/desktop_style.css?ver=06820f499ad3078ba51bb8a3026295a9 HTTP/1.1" 200 1615 "http://blogs.selectsifiso.com/" "Mozilla/5.0 (Windows NT 6.1; WOW64) AppleWebKit/537.36 (KHTML, like Gecko) Chrome/47.0.2526.111 Safari/537.36"
187.20.140.62 - - [13/Mar/2016:20:11:48 +0200] "GET /wp-content/plugins/contact-form-7/includes/css/styles.css?ver=06820f499ad3078ba51bb8a3026295a9 HTTP/1.1" 200 1099 "http://blogs.selectsifiso.com/" "Mozilla/5.0 (Windows NT 6.1; WOW64) AppleWebKit/537.36 (KHTML, like Gecko) Chrome/47.0.2526.111 Safari/537.36"
187.20.140.62 - - [13/Mar/2016:20:11:49 +0200] "GET /wp-content/themes/iconic-one/style.css?ver=06820f499ad3078ba51bb8a3026295a9 HTTP/1.1" 200 34711 "http://blogs.selectsifiso.com/" "Mozilla/5.0 (Windows NT 6.1; WOW64) AppleWebKit/537.36 (KHTML, like Gecko) Chrome/47.0.2526.111 Safari/537.36"
187.20.140.62 - - [13/Mar/2016:20:11:49 +0200] "GET /wp-content/plugins/wysija-newsletters/css/validationEngine.jquery.css?ver=06820f499ad3078ba51bb8a3026295a9 HTTP/1.1" 200 4685 "http://blogs.selectsifiso.com/" "Mozilla/5.0 (Windows NT 6.1; WOW64) AppleWebKit/537.36 (KHTML, like Gecko) Chrome/47.0.2526.111 Safari/537.36"
187.20.140.62 - - [13/Mar/2016:20:11:49 +0200] "GET /wp-includes/js/jquery/jquery-migrate.min.js?ver=06820f499ad3078ba51bb8a3026295a9 HTTP/1.1" 200 7200 "http://blogs.selectsifiso.com/" "Mozilla/5.0 (Windows NT 6.1; WOW64) AppleWebKit/537.36 (KHTML, like Gecko) Chrome/47.0.2526.111 Safari/537.36"
187.20.140.62 - - [13/Mar/2016:20:11:50 +0200] "GET /wp-includes/js/underscore.min.js?ver=06820f499ad3078ba51bb8a3026295a9 HTTP/1.1" 200 14643 "http://blogs.selectsifiso.com/" "Mozilla/5.0 (Windows NT 6.1; WOW64) AppleWebKit/537.36 (KHTML, like Gecko) Chrome/47.0.2526.111 Safari/537.36"
187.20.140.62 - - [13/Mar/2016:20:11:50 +0200] "GET /wp-includes/js/backbone.min.js?ver=06820f499ad3078ba51bb8a3026295a9 HTTP/1.1" 200 19962 "http://blogs.selectsifiso.com/" "Mozilla/5.0 (Windows NT 6.1; WOW64) AppleWebKit/537.36 (KHTML, like Gecko) Chrome/47.0.2526.111 Safari/537.36"
187.20.140.62 - - [13/Mar/2016:20:11:50 +0200] "GET /wp-content/plugins/page-views-count/assets/js/pvc.backbone.min.js?ver=06820f499ad3078ba51bb8a3026295a9 HTTP/1.1" 200 1513 "http://blogs.selectsifiso.com/" "Mozilla/5.0 (Windows NT 6.1; WOW64) AppleWebKit/537.36 (KHTML, like Gecko) Chrome/47.0.2526.111 Safari/537.36"
187.20.140.62 - - [13/Mar/2016:20:11:50 +0200] "GET /wp-content/plugins/tablepress/css/default.min.css?ver=06820f499ad3078ba51bb8a3026295a9 HTTP/1.1" 200 5606 "http://blogs.selectsifiso.com/" "Mozilla/5.0 (Windows NT 6.1; WOW64) AppleWebKit/537.36 (KHTML, like Gecko) Chrome/47.0.2526.111 Safari/537.36"
187.20.140.62 - - [13/Mar/2016:20:11:50 +0200] "GET /wp-includes/js/jquery/jquery.js?ver=06820f499ad3078ba51bb8a3026295a9 HTTP/1.1" 200 95977 "http://blogs.selectsifiso.com/" "Mozilla/5.0 (Windows NT 6.1; WOW64) AppleWebKit/537.36 (KHTML, like Gecko) Chrome/47.0.2526.111 Safari/537.36"
187.20.140.62 - - [13/Mar/2016:20:11:50 +0200] "GET /wp-content/plugins/contact-form-7/includes/js/scripts.js?ver=06820f499ad3078ba51bb8a3026295a9 HTTP/1.1" 200 11819 "http://blogs.selectsifiso.com/" "Mozilla/5.0 (Windows NT 6.1; WOW64) AppleWebKit/537.36 (KHTML, like Gecko) Chrome/47.0.2526.111 Safari/537.36"
187.20.140.62 - - [13/Mar/2016:20:11:50 +0200] "GET /wp-content/themes/iconic-one/js/selectnav.js?ver=06820f499ad3078ba51bb8a3026295a9 HTTP/1.1" 200 4195 "http://blogs.selectsifiso.com/" "Mozilla/5.0 (Windows NT 6.1; WOW64) AppleWebKit/537.36 (KHTML, like Gecko) Chrome/47.0.2526.111 Safari/537.36"
187.20.140.62 - - [13/Mar/2016:20:11:50 +0200] "GET /wp-content/plugins/contact-form-7/includes/js/jquery.form.min.js?ver=06820f499ad3078ba51bb8a3026295a9-2014.06.20 HTTP/1.1" 200 15248 "http://blogs.selectsifiso.com/" "Mozilla/5.0 (Windows NT 6.1; WOW64) AppleWebKit/537.36 (KHTML, like Gecko) Chrome/47.0.2526.111 Safari/537.36"
187.20.140.62 - - [13/Mar/2016:20:11:50 +0200] "GET /wp-includes/js/wp-embed.min.js?ver=06820f499ad3078ba51bb8a3026295a9 HTTP/1.1" 200 1518 "http://blogs.selectsifiso.com/" "Mozilla/5.0 (Windows NT 6.1; WOW64) AppleWebKit/537.36 (KHTML, like Gecko) Chrome/47.0.2526.111 Safari/537.36"
187.20.140.62 - - [13/Mar/2016:20:11:54 +0200] "GET /wp-content/uploads/2015/09/selectSIFISOforBlogsNew.png HTTP/1.1" 200 28335 "http://blogs.selectsifiso.com/" "Mozilla/5.0 (Windows NT 6.1; WOW64) AppleWebKit/537.36 (KHTML, like Gecko) Chrome/47.0.2526.111 Safari/537.36"
197.228.84.183 - - [13/Mar/2016:21:24:06 +0200] "GET /wp-includes/js/wp-emoji-release.min.js?ver=06820f499ad3078ba51bb8a3026295a9 HTTP/1.1" 200 33713 "http://blogs.selectsifiso.com/" "Mozilla/5.0 (Macintosh; Intel Mac OS X 10_11_3) AppleWebKit/601.4.4 (KHTML, like Gecko) Version/9.0.3 Safari/601.4.4"
197.228.84.183 - - [13/Mar/2016:21:24:06 +0200] "GET /wp-content/plugins/wysija-newsletters/css/validationEngine.jquery.css?ver=06820f499ad3078ba51bb8a3026295a9 HTTP/1.1" 200 4685 "http://blogs.selectsifiso.com/" "Mozilla/5.0 (Macintosh; Intel Mac OS X 10_11_3) AppleWebKit/601.4.4 (KHTML, like Gecko) Version/9.0.3 Safari/601.4.4"
197.228.84.183 - - [13/Mar/2016:21:24:06 +0200] "GET /wp-content/plugins/captcha/css/style.css?ver=06820f499ad3078ba51bb8a3026295a9 HTTP/1.1" 200 3001 "http://blogs.selectsifiso.com/" "Mozilla/5.0 (Macintosh; Intel Mac OS X 10_11_3) AppleWebKit/601.4.4 (KHTML, like Gecko) Version/9.0.3 Safari/601.4.4"
197.228.84.183 - - [13/Mar/2016:21:24:06 +0200] "GET /wp-content/plugins/captcha/css/desktop_style.css?ver=06820f499ad3078ba51bb8a3026295a9 HTTP/1.1" 200 1615 "http://blogs.selectsifiso.com/" "Mozilla/5.0 (Macintosh; Intel Mac OS X 10_11_3) AppleWebKit/601.4.4 (KHTML, like Gecko) Version/9.0.3 Safari/601.4.4"
197.228.84.183 - - [13/Mar/2016:21:24:06 +0200] "GET /wp-content/plugins/contact-form-7/includes/css/styles.css?ver=06820f499ad3078ba51bb8a3026295a9 HTTP/1.1" 200 1099 "http://blogs.selectsifiso.com/" "Mozilla/5.0 (Macintosh; Intel Mac OS X 10_11_3) AppleWebKit/601.4.4 (KHTML, like Gecko) Version/9.0.3 Safari/601.4.4"
197.228.84.183 - - [13/Mar/2016:21:24:06 +0200] "GET /wp-includes/css/dashicons.min.css?ver=06820f499ad3078ba51bb8a3026295a9 HTTP/1.1" 200 46136 "http://blogs.selectsifiso.com/" "Mozilla/5.0 (Macintosh; Intel Mac OS X 10_11_3) AppleWebKit/601.4.4 (KHTML, like Gecko) Version/9.0.3 Safari/601.4.4"
197.228.84.183 - - [13/Mar/2016:21:24:06 +0200] "GET /wp-content/plugins/tablepress/css/default.min.css?ver=06820f499ad3078ba51bb8a3026295a9 HTTP/1.1" 200 5606 "http://blogs.selectsifiso.com/" "Mozilla/5.0 (Macintosh; Intel Mac OS X 10_11_3) AppleWebKit/601.4.4 (KHTML, like Gecko) Version/9.0.3 Safari/601.4.4"
197.228.84.183 - - [13/Mar/2016:21:24:06 +0200] "GET /wp-content/themes/iconic-one/style.css?ver=06820f499ad3078ba51bb8a3026295a9 HTTP/1.1" 200 34711 "http://blogs.selectsifiso.com/" "Mozilla/5.0 (Macintosh; Intel Mac OS X 10_11_3) AppleWebKit/601.4.4 (KHTML, like Gecko) Version/9.0.3 Safari/601.4.4"
197.228.84.183 - - [13/Mar/2016:21:24:06 +0200] "GET /wp-includes/js/jquery/jquery-migrate.min.js?ver=06820f499ad3078ba51bb8a3026295a9 HTTP/1.1" 200 7200 "http://blogs.selectsifiso.com/" "Mozilla/5.0 (Macintosh; Intel Mac OS X 10_11_3) AppleWebKit/601.4.4 (KHTML, like Gecko) Version/9.0.3 Safari/601.4.4"
197.228.84.183 - - [13/Mar/2016:21:24:06 +0200] "GET /wp-includes/js/underscore.min.js?ver=06820f499ad3078ba51bb8a3026295a9 HTTP/1.1" 200 14643 "http://blogs.selectsifiso.com/" "Mozilla/5.0 (Macintosh; Intel Mac OS X 10_11_3) AppleWebKit/601.4.4 (KHTML, like Gecko) Version/9.0.3 Safari/601.4.4"
197.228.84.183 - - [13/Mar/2016:21:24:07 +0200] "GET /wp-includes/js/jquery/jquery.js?ver=06820f499ad3078ba51bb8a3026295a9 HTTP/1.1" 200 95977 "http://blogs.selectsifiso.com/" "Mozilla/5.0 (Macintosh; Intel Mac OS X 10_11_3) AppleWebKit/601.4.4 (KHTML, like Gecko) Version/9.0.3 Safari/601.4.4"
197.228.84.183 - - [13/Mar/2016:21:24:07 +0200] "GET /wp-includes/js/backbone.min.js?ver=06820f499ad3078ba51bb8a3026295a9 HTTP/1.1" 200 19962 "http://blogs.selectsifiso.com/" "Mozilla/5.0 (Macintosh; Intel Mac OS X 10_11_3) AppleWebKit/601.4.4 (KHTML, like Gecko) Version/9.0.3 Safari/601.4.4"
197.228.84.183 - - [13/Mar/2016:21:24:07 +0200] "GET /wp-content/plugins/page-views-count/assets/js/pvc.backbone.min.js?ver=06820f499ad3078ba51bb8a3026295a9 HTTP/1.1" 200 1513 "http://blogs.selectsifiso.com/" "Mozilla/5.0 (Macintosh; Intel Mac OS X 10_11_3) AppleWebKit/601.4.4 (KHTML, like Gecko) Version/9.0.3 Safari/601.4.4"
197.228.84.183 - - [13/Mar/2016:21:24:07 +0200] "GET /wp-content/plugins/contact-form-7/includes/js/jquery.form.min.js?ver=06820f499ad3078ba51bb8a3026295a9-2014.06.20 HTTP/1.1" 200 15248 "http://blogs.selectsifiso.com/" "Mozilla/5.0 (Macintosh; Intel Mac OS X 10_11_3) AppleWebKit/601.4.4 (KHTML, like Gecko) Version/9.0.3 Safari/601.4.4"
197.228.84.183 - - [13/Mar/2016:21:24:07 +0200] "GET /wp-content/plugins/contact-form-7/includes/js/scripts.js?ver=06820f499ad3078ba51bb8a3026295a9 HTTP/1.1" 200 11819 "http://blogs.selectsifiso.com/" "Mozilla/5.0 (Macintosh; Intel Mac OS X 10_11_3) AppleWebKit/601.4.4 (KHTML, like Gecko) Version/9.0.3 Safari/601.4.4"
197.228.84.183 - - [13/Mar/2016:21:24:07 +0200] "GET /wp-content/themes/iconic-one/js/selectnav.js?ver=06820f499ad3078ba51bb8a3026295a9 HTTP/1.1" 200 4195 "http://blogs.selectsifiso.com/" "Mozilla/5.0 (Macintosh; Intel Mac OS X 10_11_3) AppleWebKit/601.4.4 (KHTML, like Gecko) Version/9.0.3 Safari/601.4.4"
197.228.84.183 - - [13/Mar/2016:21:24:07 +0200] "GET /wp-includes/js/wp-embed.min.js?ver=06820f499ad3078ba51bb8a3026295a9 HTTP/1.1" 200 1518 "http://blogs.selectsifiso.com/" "Mozilla/5.0 (Macintosh; Intel Mac OS X 10_11_3) AppleWebKit/601.4.4 (KHTML, like Gecko) Version/9.0.3 Safari/601.4.4"
197.228.84.183 - - [13/Mar/2016:21:24:08 +0200] "GET /wp-content/uploads/2015/09/selectSIFISOforBlogsNew.png HTTP/1.1" 200 28335 "http://blogs.selectsifiso.com/" "Mozilla/5.0 (Macintosh; Intel Mac OS X 10_11_3) AppleWebKit/601.4.4 (KHTML, like Gecko) Version/9.0.3 Safari/601.4.4"
197.228.84.183 - - [13/Mar/2016:21:29:18 +0200] "GET /wp-includes/js/wp-emoji-release.min.js?ver=06820f499ad3078ba51bb8a3026295a9 HTTP/1.1" 200 33713 "http://blogs.selectsifiso.com/" "Mozilla/5.0 (Macintosh; Intel Mac OS X 10_11_3) AppleWebKit/601.4.4 (KHTML, like Gecko) Version/9.0.3 Safari/601.4.4"
197.228.84.183 - - [13/Mar/2016:21:29:18 +0200] "GET /wp-content/plugins/wysija-newsletters/css/validationEngine.jquery.css?ver=06820f499ad3078ba51bb8a3026295a9 HTTP/1.1" 200 4685 "http://blogs.selectsifiso.com/" "Mozilla/5.0 (Macintosh; Intel Mac OS X 10_11_3) AppleWebKit/601.4.4 (KHTML, like Gecko) Version/9.0.3 Safari/601.4.4"
197.228.84.183 - - [13/Mar/2016:21:29:18 +0200] "GET /wp-content/plugins/captcha/css/style.css?ver=06820f499ad3078ba51bb8a3026295a9 HTTP/1.1" 200 3001 "http://blogs.selectsifiso.com/" "Mozilla/5.0 (Macintosh; Intel Mac OS X 10_11_3) AppleWebKit/601.4.4 (KHTML, like Gecko) Version/9.0.3 Safari/601.4.4"
197.228.84.183 - - [13/Mar/2016:21:29:18 +0200] "GET /wp-content/plugins/captcha/css/desktop_style.css?ver=06820f499ad3078ba51bb8a3026295a9 HTTP/1.1" 200 1615 "http://blogs.selectsifiso.com/" "Mozilla/5.0 (Macintosh; Intel Mac OS X 10_11_3) AppleWebKit/601.4.4 (KHTML, like Gecko) Version/9.0.3 Safari/601.4.4"
197.228.84.183 - - [13/Mar/2016:21:29:19 +0200] "GET /wp-content/plugins/contact-form-7/includes/css/styles.css?ver=06820f499ad3078ba51bb8a3026295a9 HTTP/1.1" 200 1099 "http://blogs.selectsifiso.com/" "Mozilla/5.0 (Macintosh; Intel Mac OS X 10_11_3) AppleWebKit/601.4.4 (KHTML, like Gecko) Version/9.0.3 Safari/601.4.4"
197.228.84.183 - - [13/Mar/2016:21:29:19 +0200] "GET /wp-includes/css/dashicons.min.css?ver=06820f499ad3078ba51bb8a3026295a9 HTTP/1.1" 200 46136 "http://blogs.selectsifiso.com/" "Mozilla/5.0 (Macintosh; Intel Mac OS X 10_11_3) AppleWebKit/601.4.4 (KHTML, like Gecko) Version/9.0.3 Safari/601.4.4"
197.228.84.183 - - [13/Mar/2016:21:29:19 +0200] "GET /wp-content/plugins/tablepress/css/default.min.css?ver=06820f499ad3078ba51bb8a3026295a9 HTTP/1.1" 200 5606 "http://blogs.selectsifiso.com/" "Mozilla/5.0 (Macintosh; Intel Mac OS X 10_11_3) AppleWebKit/601.4.4 (KHTML, like Gecko) Version/9.0.3 Safari/601.4.4"
