41.78.28.152 - - [16/Mar/2016:09:18:48 +0200] "POST /wp-cron.php?465a16b660ca40f346fc5a8baf6351e3&action=wysija_cron&process=bounce&silent=1 HTTP/1.0" 200 354 "-" "WordPress/4.4.2; http://blogs.selectsifiso.com"
66.249.65.36 - - [16/Mar/2016:09:18:47 +0200] "GET /wp-admin/admin-ajax.php?action=pvc_backbone_load_stats&post_ids%5B1043%5D%5Bpost_id%5D=1043&post_ids%5B1043%5D%5Bask_update%5D=false&post_ids%5B1112%5D%5Bpost_id%5D=1112&post_ids%5B1112%5D%5Bask_update%5D=false&post_ids%5B1136%5D%5Bpost_id%5D=1136&post_ids%5B1136%5D%5Bask_update%5D=false&post_ids%5B1188%5D%5Bpost_id%5D=1188&post_ids%5B1188%5D%5Bask_update%5D=false&post_ids%5B1196%5D%5Bpost_id%5D=1196&post_ids%5B1196%5D%5Bask_update%5D=false&post_ids%5B1204%5D%5Bpost_id%5D=1204&post_ids%5B1204%5D%5Bask_update%5D=false HTTP/1.0" 200 675 "http://blogs.selectsifiso.com/" "Mozilla/5.0 (compatible; Googlebot/2.1; +http://www.google.com/bot.html)"
41.78.28.152 - - [16/Mar/2016:09:18:49 +0200] "POST /wp-cron.php?doing_wp_cron=1458112729.6951510906219482421875 HTTP/1.0" 200 354 "-" "WordPress/4.4.2; http://blogs.selectsifiso.com"
54.205.186.30 - - [16/Mar/2016:09:18:58 +0200] "GET / HTTP/1.0" 200 9205 "-" "Ruby"
23.23.61.167 - - [16/Mar/2016:09:19:01 +0200] "GET / HTTP/1.0" 200 9116 "-" "Ruby"
94.236.39.228 - - [16/Mar/2016:09:20:18 +0200] "GET / HTTP/1.0" 200 38790 "-" "-"
60.250.207.218 - - [16/Mar/2016:09:20:51 +0200] "GET /wp-content/plugins/page-views-count/ajax-loader.gif HTTP/1.0" 200 1190 "http://www.codeproject.com/Articles/1083644/Duplicate-MySQL-Table-Using-phpMyAdmin" "Mozilla/5.0 (Windows NT 6.1; WOW64; Trident/7.0; rv:11.0) like Gecko"
180.76.15.154 - - [16/Mar/2016:09:21:22 +0200] "GET /tag/dim/ HTTP/1.0" 200 8235 "-" "Mozilla/5.0 (compatible; Baiduspider/2.0; +http://www.baidu.com/search/spider.html)"
41.78.28.152 - - [16/Mar/2016:09:21:23 +0200] "POST /wp-cron.php?doing_wp_cron=1458112883.3904581069946289062500 HTTP/1.0" 200 354 "-" "WordPress/4.4.2; http://blogs.selectsifiso.com"
94.236.39.228 - - [16/Mar/2016:09:28:39 +0200] "GET / HTTP/1.0" 200 38790 "-" "-"
41.78.28.152 - - [16/Mar/2016:09:36:46 +0200] "POST /wp-cron.php?465a16b660ca40f346fc5a8baf6351e3&action=wysija_cron&process=bounce&silent=1 HTTP/1.0" 200 354 "-" "WordPress/4.4.2; http://blogs.selectsifiso.com"
66.249.65.33 - - [16/Mar/2016:09:36:45 +0200] "GET /wp-admin/admin-ajax.php?action=pvc_backbone_load_stats&post_ids%5B442%5D%5Bpost_id%5D=442&post_ids%5B442%5D%5Bask_update%5D=false HTTP/1.0" 200 398 "http://blogs.selectsifiso.com/category/derived-column-transformation/" "Mozilla/5.0 (compatible; Googlebot/2.1; +http://www.google.com/bot.html)"
41.78.28.152 - - [16/Mar/2016:09:36:47 +0200] "POST /wp-cron.php?doing_wp_cron=1458113807.7665510177612304687500 HTTP/1.0" 200 354 "-" "WordPress/4.4.2; http://blogs.selectsifiso.com"
141.8.142.74 - - [16/Mar/2016:09:40:11 +0200] "GET /tag/script-component/ HTTP/1.0" 200 8216 "-" "Mozilla/5.0 (compatible; YandexBot/3.0; +http://yandex.com/bots)"
41.78.28.152 - - [16/Mar/2016:09:40:12 +0200] "POST /wp-cron.php?doing_wp_cron=1458114012.8842270374298095703125 HTTP/1.0" 200 354 "-" "WordPress/4.4.2; http://blogs.selectsifiso.com"
123.30.16.80 - - [16/Mar/2016:09:45:58 +0200] "GET /wp-content/plugins/page-views-count/ajax-loader.gif HTTP/1.0" 200 1190 "http://www.codeproject.com/Articles/1083644/Duplicate-MySQL-Table-Using-phpMyAdmin" "Mozilla/5.0 (Windows NT 6.1; rv:44.0) Gecko/20100101 Firefox/44.0"
68.180.229.46 - - [16/Mar/2016:09:46:55 +0200] "GET /feed/atom/ HTTP/1.0" 200 36934 "-" "Mozilla/5.0 (compatible; Yahoo! Slurp; http://help.yahoo.com/help/us/ysearch/slurp)"
41.78.28.152 - - [16/Mar/2016:09:46:56 +0200] "POST /wp-cron.php?465a16b660ca40f346fc5a8baf6351e3&action=wysija_cron&process=bounce&silent=1 HTTP/1.0" 200 354 "-" "WordPress/4.4.2; http://blogs.selectsifiso.com"
41.160.181.147 - - [16/Mar/2016:09:50:22 +0200] "GET / HTTP/1.0" 200 9116 "https://www.google.co.za/" "Mozilla/5.0 (Windows NT 6.3; Win64; x64) AppleWebKit/537.36 (KHTML, like Gecko) Chrome/49.0.2623.87 Safari/537.36"
41.160.181.147 - - [16/Mar/2016:09:50:23 +0200] "GET /wp-content/plugins/wysija-newsletters/css/validationEngine.jquery.css?ver=06820f499ad3078ba51bb8a3026295a9 HTTP/1.0" 200 302 "http://blogs.selectsifiso.com/" "Mozilla/5.0 (Windows NT 6.3; Win64; x64) AppleWebKit/537.36 (KHTML, like Gecko) Chrome/49.0.2623.87 Safari/537.36"
41.160.181.147 - - [16/Mar/2016:09:50:23 +0200] "GET /wp-content/plugins/captcha/css/style.css?ver=06820f499ad3078ba51bb8a3026295a9 HTTP/1.0" 200 273 "http://blogs.selectsifiso.com/" "Mozilla/5.0 (Windows NT 6.3; Win64; x64) AppleWebKit/537.36 (KHTML, like Gecko) Chrome/49.0.2623.87 Safari/537.36"
41.160.181.147 - - [16/Mar/2016:09:50:23 +0200] "GET /wp-content/plugins/captcha/css/desktop_style.css?ver=06820f499ad3078ba51bb8a3026295a9 HTTP/1.0" 200 281 "http://blogs.selectsifiso.com/" "Mozilla/5.0 (Windows NT 6.3; Win64; x64) AppleWebKit/537.36 (KHTML, like Gecko) Chrome/49.0.2623.87 Safari/537.36"
41.160.181.147 - - [16/Mar/2016:09:50:23 +0200] "GET /wp-content/plugins/contact-form-7/includes/css/styles.css?ver=06820f499ad3078ba51bb8a3026295a9 HTTP/1.0" 200 290 "http://blogs.selectsifiso.com/" "Mozilla/5.0 (Windows NT 6.3; Win64; x64) AppleWebKit/537.36 (KHTML, like Gecko) Chrome/49.0.2623.87 Safari/537.36"
41.160.181.147 - - [16/Mar/2016:09:50:23 +0200] "GET /wp-content/plugins/simplified-social-share/oss-social-sharing/assets/css/oss-social-sharing-front.css?ver=06820f499ad3078ba51bb8a3026295a9 HTTP/1.0" 200 754 "http://blogs.selectsifiso.com/" "Mozilla/5.0 (Windows NT 6.3; Win64; x64) AppleWebKit/537.36 (KHTML, like Gecko) Chrome/49.0.2623.87 Safari/537.36"
41.160.181.147 - - [16/Mar/2016:09:50:23 +0200] "GET /wp-includes/css/dashicons.min.css?ver=06820f499ad3078ba51bb8a3026295a9 HTTP/1.0" 200 266 "http://blogs.selectsifiso.com/" "Mozilla/5.0 (Windows NT 6.3; Win64; x64) AppleWebKit/537.36 (KHTML, like Gecko) Chrome/49.0.2623.87 Safari/537.36"
41.160.181.147 - - [16/Mar/2016:09:50:23 +0200] "GET /wp-content/plugins/page-views-count/assets/css/style.min.css?ver=06820f499ad3078ba51bb8a3026295a9 HTTP/1.0" 200 509 "http://blogs.selectsifiso.com/" "Mozilla/5.0 (Windows NT 6.3; Win64; x64) AppleWebKit/537.36 (KHTML, like Gecko) Chrome/49.0.2623.87 Safari/537.36"
41.160.181.147 - - [16/Mar/2016:09:50:23 +0200] "GET /wp-content/plugins/counterize/counterize.css.php?ver=06820f499ad3078ba51bb8a3026295a9 HTTP/1.0" 200 1373 "http://blogs.selectsifiso.com/" "Mozilla/5.0 (Windows NT 6.3; Win64; x64) AppleWebKit/537.36 (KHTML, like Gecko) Chrome/49.0.2623.87 Safari/537.36"
41.160.181.147 - - [16/Mar/2016:09:50:23 +0200] "GET /wp-content/plugins/tablepress/css/default.min.css?ver=06820f499ad3078ba51bb8a3026295a9 HTTP/1.0" 200 282 "http://blogs.selectsifiso.com/" "Mozilla/5.0 (Windows NT 6.3; Win64; x64) AppleWebKit/537.36 (KHTML, like Gecko) Chrome/49.0.2623.87 Safari/537.36"
41.160.181.147 - - [16/Mar/2016:09:50:23 +0200] "GET /wp-content/themes/iconic-one/style.css?ver=06820f499ad3078ba51bb8a3026295a9 HTTP/1.0" 200 271 "http://blogs.selectsifiso.com/" "Mozilla/5.0 (Windows NT 6.3; Win64; x64) AppleWebKit/537.36 (KHTML, like Gecko) Chrome/49.0.2623.87 Safari/537.36"
41.160.181.147 - - [16/Mar/2016:09:50:23 +0200] "GET /wp-includes/js/jquery/jquery.js?ver=06820f499ad3078ba51bb8a3026295a9 HTTP/1.0" 200 278 "http://blogs.selectsifiso.com/" "Mozilla/5.0 (Windows NT 6.3; Win64; x64) AppleWebKit/537.36 (KHTML, like Gecko) Chrome/49.0.2623.87 Safari/537.36"
41.160.181.147 - - [16/Mar/2016:09:50:23 +0200] "GET /wp-includes/js/jquery/jquery-migrate.min.js?ver=06820f499ad3078ba51bb8a3026295a9 HTTP/1.0" 200 290 "http://blogs.selectsifiso.com/" "Mozilla/5.0 (Windows NT 6.3; Win64; x64) AppleWebKit/537.36 (KHTML, like Gecko) Chrome/49.0.2623.87 Safari/537.36"
41.160.181.147 - - [16/Mar/2016:09:50:23 +0200] "GET /wp-content/themes/iconic-one/custom.css?ver=06820f499ad3078ba51bb8a3026295a9 HTTP/1.0" 200 408 "http://blogs.selectsifiso.com/" "Mozilla/5.0 (Windows NT 6.3; Win64; x64) AppleWebKit/537.36 (KHTML, like Gecko) Chrome/49.0.2623.87 Safari/537.36"
41.160.181.147 - - [16/Mar/2016:09:50:23 +0200] "GET /wp-content/plugins/counterize/counterize.css.php?ver=06820f499ad3078ba51bb8a3026295a9 HTTP/1.0" 200 1373 "http://blogs.selectsifiso.com/" "Mozilla/5.0 (Windows NT 6.3; Win64; x64) AppleWebKit/537.36 (KHTML, like Gecko) Chrome/49.0.2623.87 Safari/537.36"
41.160.181.147 - - [16/Mar/2016:09:50:23 +0200] "GET /wp-includes/js/backbone.min.js?ver=06820f499ad3078ba51bb8a3026295a9 HTTP/1.0" 200 277 "http://blogs.selectsifiso.com/" "Mozilla/5.0 (Windows NT 6.3; Win64; x64) AppleWebKit/537.36 (KHTML, like Gecko) Chrome/49.0.2623.87 Safari/537.36"
41.160.181.147 - - [16/Mar/2016:09:50:23 +0200] "GET /wp-includes/js/underscore.min.js?ver=06820f499ad3078ba51bb8a3026295a9 HTTP/1.0" 200 279 "http://blogs.selectsifiso.com/" "Mozilla/5.0 (Windows NT 6.3; Win64; x64) AppleWebKit/537.36 (KHTML, like Gecko) Chrome/49.0.2623.87 Safari/537.36"
41.160.181.147 - - [16/Mar/2016:09:50:23 +0200] "GET /wp-content/plugins/captcha/js/front_end_script.js?ver=06820f499ad3078ba51bb8a3026295a9 HTTP/1.0" 200 790 "http://blogs.selectsifiso.com/" "Mozilla/5.0 (Windows NT 6.3; Win64; x64) AppleWebKit/537.36 (KHTML, like Gecko) Chrome/49.0.2623.87 Safari/537.36"
41.160.181.147 - - [16/Mar/2016:09:50:23 +0200] "GET /wp-content/plugins/page-views-count/assets/js/pvc.backbone.min.js?ver=06820f499ad3078ba51bb8a3026295a9 HTTP/1.0" 200 312 "http://blogs.selectsifiso.com/" "Mozilla/5.0 (Windows NT 6.3; Win64; x64) AppleWebKit/537.36 (KHTML, like Gecko) Chrome/49.0.2623.87 Safari/537.36"
41.160.181.147 - - [16/Mar/2016:09:50:23 +0200] "GET /wp-content/plugins/counterize/counterize.js.php?ver=06820f499ad3078ba51bb8a3026295a9 HTTP/1.0" 200 11428 "http://blogs.selectsifiso.com/" "Mozilla/5.0 (Windows NT 6.3; Win64; x64) AppleWebKit/537.36 (KHTML, like Gecko) Chrome/49.0.2623.87 Safari/537.36"
41.160.181.147 - - [16/Mar/2016:09:50:23 +0200] "GET /wp-content/plugins/contact-form-7/includes/js/jquery.form.min.js?ver=06820f499ad3078ba51bb8a3026295a9-2014.06.20 HTTP/1.0" 200 311 "http://blogs.selectsifiso.com/" "Mozilla/5.0 (Windows NT 6.3; Win64; x64) AppleWebKit/537.36 (KHTML, like Gecko) Chrome/49.0.2623.87 Safari/537.36"
41.160.181.147 - - [16/Mar/2016:09:50:23 +0200] "GET /wp-content/plugins/contact-form-7/includes/js/scripts.js?ver=06820f499ad3078ba51bb8a3026295a9 HTTP/1.0" 200 303 "http://blogs.selectsifiso.com/" "Mozilla/5.0 (Windows NT 6.3; Win64; x64) AppleWebKit/537.36 (KHTML, like Gecko) Chrome/49.0.2623.87 Safari/537.36"
41.160.181.147 - - [16/Mar/2016:09:50:23 +0200] "GET /wp-content/themes/iconic-one/js/selectnav.js?ver=06820f499ad3078ba51bb8a3026295a9 HTTP/1.0" 200 291 "http://blogs.selectsifiso.com/" "Mozilla/5.0 (Windows NT 6.3; Win64; x64) AppleWebKit/537.36 (KHTML, like Gecko) Chrome/49.0.2623.87 Safari/537.36"
41.160.181.147 - - [16/Mar/2016:09:50:23 +0200] "GET /wp-includes/js/wp-embed.min.js?ver=06820f499ad3078ba51bb8a3026295a9 HTTP/1.0" 200 277 "http://blogs.selectsifiso.com/" "Mozilla/5.0 (Windows NT 6.3; Win64; x64) AppleWebKit/537.36 (KHTML, like Gecko) Chrome/49.0.2623.87 Safari/537.36"
41.160.181.147 - - [16/Mar/2016:09:50:23 +0200] "GET /wp-includes/js/wp-emoji-release.min.js?ver=06820f499ad3078ba51bb8a3026295a9 HTTP/1.0" 200 285 "http://blogs.selectsifiso.com/" "Mozilla/5.0 (Windows NT 6.3; Win64; x64) AppleWebKit/537.36 (KHTML, like Gecko) Chrome/49.0.2623.87 Safari/537.36"
41.160.181.147 - - [16/Mar/2016:09:50:23 +0200] "GET /wp-content/plugins/simplified-social-share/oss-social-sharing/assets/js/oss_share.js?ver=06820f499ad3078ba51bb8a3026295a9 HTTP/1.0" 200 488 "http://blogs.selectsifiso.com/" "Mozilla/5.0 (Windows NT 6.3; Win64; x64) AppleWebKit/537.36 (KHTML, like Gecko) Chrome/49.0.2623.87 Safari/537.36"
41.160.181.147 - - [16/Mar/2016:09:50:23 +0200] "GET /wp-content/uploads/2015/09/selectSIFISOforBlogsNew.png HTTP/1.0" 200 288 "http://blogs.selectsifiso.com/" "Mozilla/5.0 (Windows NT 6.3; Win64; x64) AppleWebKit/537.36 (KHTML, like Gecko) Chrome/49.0.2623.87 Safari/537.36"
41.160.181.147 - - [16/Mar/2016:09:50:23 +0200] "GET /wp-content/themes/iconic-one/img/twitter.png HTTP/1.0" 200 568 "http://blogs.selectsifiso.com/" "Mozilla/5.0 (Windows NT 6.3; Win64; x64) AppleWebKit/537.36 (KHTML, like Gecko) Chrome/49.0.2623.87 Safari/537.36"
41.160.181.147 - - [16/Mar/2016:09:50:24 +0200] "GET /wp-content/themes/iconic-one/img/facebook.png HTTP/1.0" 200 505 "http://blogs.selectsifiso.com/" "Mozilla/5.0 (Windows NT 6.3; Win64; x64) AppleWebKit/537.36 (KHTML, like Gecko) Chrome/49.0.2623.87 Safari/537.36"
41.160.181.147 - - [16/Mar/2016:09:50:24 +0200] "GET /wp-content/themes/iconic-one/img/gplus.png HTTP/1.0" 200 1247 "http://blogs.selectsifiso.com/" "Mozilla/5.0 (Windows NT 6.3; Win64; x64) AppleWebKit/537.36 (KHTML, like Gecko) Chrome/49.0.2623.87 Safari/537.36"
41.160.181.147 - - [16/Mar/2016:09:50:24 +0200] "GET /wp-content/uploads/2015/05/linkedin_321.png HTTP/1.0" 200 277 "http://blogs.selectsifiso.com/" "Mozilla/5.0 (Windows NT 6.3; Win64; x64) AppleWebKit/537.36 (KHTML, like Gecko) Chrome/49.0.2623.87 Safari/537.36"
41.160.181.147 - - [16/Mar/2016:09:50:24 +0200] "GET /wp-content/uploads/2015/05/youtube_logo.png HTTP/1.0" 200 277 "http://blogs.selectsifiso.com/" "Mozilla/5.0 (Windows NT 6.3; Win64; x64) AppleWebKit/537.36 (KHTML, like Gecko) Chrome/49.0.2623.87 Safari/537.36"
41.160.181.147 - - [16/Mar/2016:09:50:24 +0200] "GET /wp-content/themes/iconic-one/img/rss.png HTTP/1.0" 200 644 "http://blogs.selectsifiso.com/" "Mozilla/5.0 (Windows NT 6.3; Win64; x64) AppleWebKit/537.36 (KHTML, like Gecko) Chrome/49.0.2623.87 Safari/537.36"
41.160.181.147 - - [16/Mar/2016:09:50:24 +0200] "GET /wp-content/plugins/page-views-count/ajax-loader.gif HTTP/1.0" 200 1190 "http://blogs.selectsifiso.com/" "Mozilla/5.0 (Windows NT 6.3; Win64; x64) AppleWebKit/537.36 (KHTML, like Gecko) Chrome/49.0.2623.87 Safari/537.36"
41.160.181.147 - - [16/Mar/2016:09:50:26 +0200] "GET /wp-content/plugins/counterize/counterize.js.php?ver=06820f499ad3078ba51bb8a3026295a9 HTTP/1.0" 200 11428 "http://blogs.selectsifiso.com/" "Mozilla/5.0 (Windows NT 6.3; Win64; x64) AppleWebKit/537.36 (KHTML, like Gecko) Chrome/49.0.2623.87 Safari/537.36"
41.160.181.147 - - [16/Mar/2016:09:50:26 +0200] "GET /wp-content/plugins/page-views-count/chart-bar.png HTTP/1.0" 200 820 "http://blogs.selectsifiso.com/wp-content/plugins/page-views-count/assets/css/style.min.css?ver=06820f499ad3078ba51bb8a3026295a9" "Mozilla/5.0 (Windows NT 6.3; Win64; x64) AppleWebKit/537.36 (KHTML, like Gecko) Chrome/49.0.2623.87 Safari/537.36"
41.160.181.147 - - [16/Mar/2016:09:50:26 +0200] "GET /wp-admin/admin-ajax.php?action=pvc_backbone_load_stats&post_ids%5B1043%5D%5Bpost_id%5D=1043&post_ids%5B1043%5D%5Bask_update%5D=false&post_ids%5B1112%5D%5Bpost_id%5D=1112&post_ids%5B1112%5D%5Bask_update%5D=false&post_ids%5B1136%5D%5Bpost_id%5D=1136&post_ids%5B1136%5D%5Bask_update%5D=false&post_ids%5B1188%5D%5Bpost_id%5D=1188&post_ids%5B1188%5D%5Bask_update%5D=false&post_ids%5B1196%5D%5Bpost_id%5D=1196&post_ids%5B1196%5D%5Bask_update%5D=false&post_ids%5B1204%5D%5Bpost_id%5D=1204&post_ids%5B1204%5D%5Bask_update%5D=false HTTP/1.0" 200 675 "http://blogs.selectsifiso.com/" "Mozilla/5.0 (Windows NT 6.3; Win64; x64) AppleWebKit/537.36 (KHTML, like Gecko) Chrome/49.0.2623.87 Safari/537.36"
41.160.181.147 - - [16/Mar/2016:09:50:26 +0200] "GET /favicon.ico HTTP/1.0" 200 260 "http://blogs.selectsifiso.com/" "Mozilla/5.0 (Windows NT 6.3; Win64; x64) AppleWebKit/537.36 (KHTML, like Gecko) Chrome/49.0.2623.87 Safari/537.36"
94.236.39.228 - - [16/Mar/2016:09:52:17 +0200] "GET / HTTP/1.0" 200 38790 "-" "-"
94.236.39.228 - - [16/Mar/2016:09:57:54 +0200] "GET / HTTP/1.0" 200 38790 "-" "-"
220.181.108.156 - - [16/Mar/2016:10:14:39 +0200] "GET /category/team-explorer/ HTTP/1.0" 200 7893 "-" "Mozilla/5.0 (compatible; Baiduspider/2.0; +http://www.baidu.com/search/spider.html)"
41.78.28.152 - - [16/Mar/2016:10:14:41 +0200] "POST /wp-cron.php?465a16b660ca40f346fc5a8baf6351e3&action=wysija_cron&process=queue,bounce&silent=1 HTTP/1.0" 200 354 "-" "WordPress/4.4.2; http://blogs.selectsifiso.com"
41.78.28.152 - - [16/Mar/2016:10:14:42 +0200] "POST /wp-cron.php?doing_wp_cron=1458116082.7610011100769042968750 HTTP/1.0" 200 354 "-" "WordPress/4.4.2; http://blogs.selectsifiso.com"
23.23.61.167 - - [16/Mar/2016:10:19:00 +0200] "GET / HTTP/1.0" 200 9116 "-" "Ruby"
86.98.40.95 - - [16/Mar/2016:10:21:12 +0200] "GET /wp-content/plugins/page-views-count/ajax-loader.gif HTTP/1.0" 200 1190 "http://www.codeproject.com/Articles/1083644/Duplicate-MySQL-Table-Using-phpMyAdmin" "Mozilla/5.0 (Macintosh; Intel Mac OS X 10_11_3) AppleWebKit/537.36 (KHTML, like Gecko) Chrome/48.0.2564.116 Safari/537.36"
167.114.197.22 - - [16/Mar/2016:10:23:22 +0200] "GET / HTTP/1.0" 200 9116 "http://blogs.selectsifiso.com" "Mozilla/4.0 (compatible; MSIE 6.0; Windows NT 5.1; en) Opera 8.50"
112.134.33.36 - - [16/Mar/2016:10:24:26 +0200] "GET /wp-content/plugins/page-views-count/ajax-loader.gif HTTP/1.0" 200 1190 "http://www.codeproject.com/Articles/1083644/Duplicate-MySQL-Table-Using-phpMyAdmin" "Mozilla/5.0 (Windows NT 10.0; WOW64) AppleWebKit/537.36 (KHTML, like Gecko) Chrome/45.0.0.11014 Safari/537.36"
41.78.28.152 - - [16/Mar/2016:10:28:22 +0200] "POST /wp-cron.php?465a16b660ca40f346fc5a8baf6351e3&action=wysija_cron&process=bounce&silent=1 HTTP/1.0" 200 354 "-" "WordPress/4.4.2; http://blogs.selectsifiso.com"
180.76.15.25 - - [16/Mar/2016:10:28:22 +0200] "GET /tag/copy-table/ HTTP/1.0" 200 7923 "-" "Mozilla/5.0 (compatible; Baiduspider/2.0; +http://www.baidu.com/search/spider.html)"
41.78.28.152 - - [16/Mar/2016:10:28:23 +0200] "POST /wp-cron.php?doing_wp_cron=1458116903.9036419391632080078125 HTTP/1.0" 200 354 "-" "WordPress/4.4.2; http://blogs.selectsifiso.com"
130.193.51.74 - - [16/Mar/2016:10:31:11 +0200] "GET /tag/c/ HTTP/1.0" 200 10709 "-" "Mozilla/5.0 (compatible; YandexBot/3.0; +http://yandex.com/bots)"
41.224.50.5 - - [16/Mar/2016:10:34:11 +0200] "GET / HTTP/1.0" 200 9058 "https://www.google.tn/" "Mozilla/5.0 (Windows NT 6.3; WOW64) AppleWebKit/537.36 (KHTML, like Gecko) Chrome/48.0.2564.116 Safari/537.36"
41.224.50.5 - - [16/Mar/2016:10:34:18 +0200] "GET /wp-includes/js/wp-emoji-release.min.js?ver=06820f499ad3078ba51bb8a3026295a9 HTTP/1.0" 200 285 "http://blogs.selectsifiso.com/" "Mozilla/5.0 (Windows NT 6.3; WOW64) AppleWebKit/537.36 (KHTML, like Gecko) Chrome/48.0.2564.116 Safari/537.36"
41.224.50.5 - - [16/Mar/2016:10:34:18 +0200] "GET /wp-content/plugins/wysija-newsletters/css/validationEngine.jquery.css?ver=06820f499ad3078ba51bb8a3026295a9 HTTP/1.0" 200 302 "http://blogs.selectsifiso.com/" "Mozilla/5.0 (Windows NT 6.3; WOW64) AppleWebKit/537.36 (KHTML, like Gecko) Chrome/48.0.2564.116 Safari/537.36"
41.224.50.5 - - [16/Mar/2016:10:34:18 +0200] "GET /wp-content/plugins/captcha/css/desktop_style.css?ver=06820f499ad3078ba51bb8a3026295a9 HTTP/1.0" 200 281 "http://blogs.selectsifiso.com/" "Mozilla/5.0 (Windows NT 6.3; WOW64) AppleWebKit/537.36 (KHTML, like Gecko) Chrome/48.0.2564.116 Safari/537.36"
41.224.50.5 - - [16/Mar/2016:10:34:18 +0200] "GET /wp-includes/css/dashicons.min.css?ver=06820f499ad3078ba51bb8a3026295a9 HTTP/1.0" 200 266 "http://blogs.selectsifiso.com/" "Mozilla/5.0 (Windows NT 6.3; WOW64) AppleWebKit/537.36 (KHTML, like Gecko) Chrome/48.0.2564.116 Safari/537.36"
41.224.50.5 - - [16/Mar/2016:10:34:18 +0200] "GET /wp-content/plugins/captcha/css/style.css?ver=06820f499ad3078ba51bb8a3026295a9 HTTP/1.0" 200 273 "http://blogs.selectsifiso.com/" "Mozilla/5.0 (Windows NT 6.3; WOW64) AppleWebKit/537.36 (KHTML, like Gecko) Chrome/48.0.2564.116 Safari/537.36"
41.224.50.5 - - [16/Mar/2016:10:34:18 +0200] "GET /wp-content/plugins/simplified-social-share/oss-social-sharing/assets/css/oss-social-sharing-front.css?ver=06820f499ad3078ba51bb8a3026295a9 HTTP/1.0" 200 754 "http://blogs.selectsifiso.com/" "Mozilla/5.0 (Windows NT 6.3; WOW64) AppleWebKit/537.36 (KHTML, like Gecko) Chrome/48.0.2564.116 Safari/537.36"
41.224.50.5 - - [16/Mar/2016:10:34:19 +0200] "GET /wp-content/plugins/contact-form-7/includes/css/styles.css?ver=06820f499ad3078ba51bb8a3026295a9 HTTP/1.0" 200 290 "http://blogs.selectsifiso.com/" "Mozilla/5.0 (Windows NT 6.3; WOW64) AppleWebKit/537.36 (KHTML, like Gecko) Chrome/48.0.2564.116 Safari/537.36"
41.224.50.5 - - [16/Mar/2016:10:34:20 +0200] "GET /wp-content/plugins/page-views-count/assets/css/style.min.css?ver=06820f499ad3078ba51bb8a3026295a9 HTTP/1.0" 200 509 "http://blogs.selectsifiso.com/" "Mozilla/5.0 (Windows NT 6.3; WOW64) AppleWebKit/537.36 (KHTML, like Gecko) Chrome/48.0.2564.116 Safari/537.36"
41.224.50.5 - - [16/Mar/2016:10:34:20 +0200] "GET /wp-content/themes/iconic-one/style.css?ver=06820f499ad3078ba51bb8a3026295a9 HTTP/1.0" 200 271 "http://blogs.selectsifiso.com/" "Mozilla/5.0 (Windows NT 6.3; WOW64) AppleWebKit/537.36 (KHTML, like Gecko) Chrome/48.0.2564.116 Safari/537.36"
41.224.50.5 - - [16/Mar/2016:10:34:21 +0200] "GET /wp-content/themes/iconic-one/custom.css?ver=06820f499ad3078ba51bb8a3026295a9 HTTP/1.0" 200 408 "http://blogs.selectsifiso.com/" "Mozilla/5.0 (Windows NT 6.3; WOW64) AppleWebKit/537.36 (KHTML, like Gecko) Chrome/48.0.2564.116 Safari/537.36"
41.224.50.5 - - [16/Mar/2016:10:34:21 +0200] "GET /wp-content/plugins/tablepress/css/default.min.css?ver=06820f499ad3078ba51bb8a3026295a9 HTTP/1.0" 200 282 "http://blogs.selectsifiso.com/" "Mozilla/5.0 (Windows NT 6.3; WOW64) AppleWebKit/537.36 (KHTML, like Gecko) Chrome/48.0.2564.116 Safari/537.36"
41.224.50.5 - - [16/Mar/2016:10:34:21 +0200] "GET /wp-content/plugins/counterize/counterize.css.php?ver=06820f499ad3078ba51bb8a3026295a9 HTTP/1.0" 200 1373 "http://blogs.selectsifiso.com/" "Mozilla/5.0 (Windows NT 6.3; WOW64) AppleWebKit/537.36 (KHTML, like Gecko) Chrome/48.0.2564.116 Safari/537.36"
41.224.50.5 - - [16/Mar/2016:10:34:21 +0200] "GET /wp-includes/js/jquery/jquery.js?ver=06820f499ad3078ba51bb8a3026295a9 HTTP/1.0" 200 278 "http://blogs.selectsifiso.com/" "Mozilla/5.0 (Windows NT 6.3; WOW64) AppleWebKit/537.36 (KHTML, like Gecko) Chrome/48.0.2564.116 Safari/537.36"
41.224.50.5 - - [16/Mar/2016:10:34:21 +0200] "GET /wp-includes/js/jquery/jquery-migrate.min.js?ver=06820f499ad3078ba51bb8a3026295a9 HTTP/1.0" 200 290 "http://blogs.selectsifiso.com/" "Mozilla/5.0 (Windows NT 6.3; WOW64) AppleWebKit/537.36 (KHTML, like Gecko) Chrome/48.0.2564.116 Safari/537.36"
41.224.50.5 - - [16/Mar/2016:10:34:22 +0200] "GET /wp-content/plugins/captcha/js/front_end_script.js?ver=06820f499ad3078ba51bb8a3026295a9 HTTP/1.0" 200 790 "http://blogs.selectsifiso.com/" "Mozilla/5.0 (Windows NT 6.3; WOW64) AppleWebKit/537.36 (KHTML, like Gecko) Chrome/48.0.2564.116 Safari/537.36"
41.224.50.5 - - [16/Mar/2016:10:34:22 +0200] "GET /wp-includes/js/underscore.min.js?ver=06820f499ad3078ba51bb8a3026295a9 HTTP/1.0" 200 279 "http://blogs.selectsifiso.com/" "Mozilla/5.0 (Windows NT 6.3; WOW64) AppleWebKit/537.36 (KHTML, like Gecko) Chrome/48.0.2564.116 Safari/537.36"
41.224.50.5 - - [16/Mar/2016:10:34:22 +0200] "GET /wp-includes/js/backbone.min.js?ver=06820f499ad3078ba51bb8a3026295a9 HTTP/1.0" 200 277 "http://blogs.selectsifiso.com/" "Mozilla/5.0 (Windows NT 6.3; WOW64) AppleWebKit/537.36 (KHTML, like Gecko) Chrome/48.0.2564.116 Safari/537.36"
41.224.50.5 - - [16/Mar/2016:10:34:22 +0200] "GET /wp-content/plugins/page-views-count/assets/js/pvc.backbone.min.js?ver=06820f499ad3078ba51bb8a3026295a9 HTTP/1.0" 200 312 "http://blogs.selectsifiso.com/" "Mozilla/5.0 (Windows NT 6.3; WOW64) AppleWebKit/537.36 (KHTML, like Gecko) Chrome/48.0.2564.116 Safari/537.36"
41.224.50.5 - - [16/Mar/2016:10:34:22 +0200] "GET /wp-content/plugins/counterize/counterize.js.php?ver=06820f499ad3078ba51bb8a3026295a9 HTTP/1.0" 200 11428 "http://blogs.selectsifiso.com/" "Mozilla/5.0 (Windows NT 6.3; WOW64) AppleWebKit/537.36 (KHTML, like Gecko) Chrome/48.0.2564.116 Safari/537.36"
41.224.50.5 - - [16/Mar/2016:10:34:22 +0200] "GET /wp-content/plugins/contact-form-7/includes/js/jquery.form.min.js?ver=06820f499ad3078ba51bb8a3026295a9-2014.06.20 HTTP/1.0" 200 311 "http://blogs.selectsifiso.com/" "Mozilla/5.0 (Windows NT 6.3; WOW64) AppleWebKit/537.36 (KHTML, like Gecko) Chrome/48.0.2564.116 Safari/537.36"
41.224.50.5 - - [16/Mar/2016:10:34:23 +0200] "GET /wp-content/plugins/contact-form-7/includes/js/scripts.js?ver=06820f499ad3078ba51bb8a3026295a9 HTTP/1.0" 200 303 "http://blogs.selectsifiso.com/" "Mozilla/5.0 (Windows NT 6.3; WOW64) AppleWebKit/537.36 (KHTML, like Gecko) Chrome/48.0.2564.116 Safari/537.36"
41.224.50.5 - - [16/Mar/2016:10:34:23 +0200] "GET /wp-content/themes/iconic-one/js/selectnav.js?ver=06820f499ad3078ba51bb8a3026295a9 HTTP/1.0" 200 291 "http://blogs.selectsifiso.com/" "Mozilla/5.0 (Windows NT 6.3; WOW64) AppleWebKit/537.36 (KHTML, like Gecko) Chrome/48.0.2564.116 Safari/537.36"
41.224.50.5 - - [16/Mar/2016:10:34:23 +0200] "GET /wp-includes/js/wp-embed.min.js?ver=06820f499ad3078ba51bb8a3026295a9 HTTP/1.0" 200 277 "http://blogs.selectsifiso.com/" "Mozilla/5.0 (Windows NT 6.3; WOW64) AppleWebKit/537.36 (KHTML, like Gecko) Chrome/48.0.2564.116 Safari/537.36"
41.224.50.5 - - [16/Mar/2016:10:34:23 +0200] "GET /wp-content/plugins/simplified-social-share/oss-social-sharing/assets/js/oss_share.js?ver=06820f499ad3078ba51bb8a3026295a9 HTTP/1.0" 200 488 "http://blogs.selectsifiso.com/" "Mozilla/5.0 (Windows NT 6.3; WOW64) AppleWebKit/537.36 (KHTML, like Gecko) Chrome/48.0.2564.116 Safari/537.36"
41.224.50.5 - - [16/Mar/2016:10:34:23 +0200] "GET /wp-content/uploads/2015/09/selectSIFISOforBlogsNew.png HTTP/1.0" 200 288 "http://blogs.selectsifiso.com/" "Mozilla/5.0 (Windows NT 6.3; WOW64) AppleWebKit/537.36 (KHTML, like Gecko) Chrome/48.0.2564.116 Safari/537.36"
41.224.50.5 - - [16/Mar/2016:10:34:24 +0200] "GET /wp-content/themes/iconic-one/img/twitter.png HTTP/1.0" 200 568 "http://blogs.selectsifiso.com/" "Mozilla/5.0 (Windows NT 6.3; WOW64) AppleWebKit/537.36 (KHTML, like Gecko) Chrome/48.0.2564.116 Safari/537.36"
41.224.50.5 - - [16/Mar/2016:10:34:24 +0200] "GET /wp-content/themes/iconic-one/img/facebook.png HTTP/1.0" 200 505 "http://blogs.selectsifiso.com/" "Mozilla/5.0 (Windows NT 6.3; WOW64) AppleWebKit/537.36 (KHTML, like Gecko) Chrome/48.0.2564.116 Safari/537.36"
41.224.50.5 - - [16/Mar/2016:10:34:24 +0200] "GET /wp-content/uploads/2015/05/linkedin_321.png HTTP/1.0" 200 277 "http://blogs.selectsifiso.com/" "Mozilla/5.0 (Windows NT 6.3; WOW64) AppleWebKit/537.36 (KHTML, like Gecko) Chrome/48.0.2564.116 Safari/537.36"
41.224.50.5 - - [16/Mar/2016:10:34:24 +0200] "GET /wp-content/themes/iconic-one/img/gplus.png HTTP/1.0" 200 1247 "http://blogs.selectsifiso.com/" "Mozilla/5.0 (Windows NT 6.3; WOW64) AppleWebKit/537.36 (KHTML, like Gecko) Chrome/48.0.2564.116 Safari/537.36"
41.224.50.5 - - [16/Mar/2016:10:34:24 +0200] "GET /wp-content/themes/iconic-one/img/rss.png HTTP/1.0" 200 644 "http://blogs.selectsifiso.com/" "Mozilla/5.0 (Windows NT 6.3; WOW64) AppleWebKit/537.36 (KHTML, like Gecko) Chrome/48.0.2564.116 Safari/537.36"
41.224.50.5 - - [16/Mar/2016:10:34:24 +0200] "GET /wp-content/uploads/2015/05/youtube_logo.png HTTP/1.0" 200 277 "http://blogs.selectsifiso.com/" "Mozilla/5.0 (Windows NT 6.3; WOW64) AppleWebKit/537.36 (KHTML, like Gecko) Chrome/48.0.2564.116 Safari/537.36"
41.224.50.5 - - [16/Mar/2016:10:34:25 +0200] "GET /wp-content/plugins/page-views-count/ajax-loader.gif HTTP/1.0" 200 1190 "http://blogs.selectsifiso.com/" "Mozilla/5.0 (Windows NT 6.3; WOW64) AppleWebKit/537.36 (KHTML, like Gecko) Chrome/48.0.2564.116 Safari/537.36"
41.224.50.5 - - [16/Mar/2016:10:34:25 +0200] "GET /wp-content/plugins/page-views-count/chart-bar.png HTTP/1.0" 200 820 "http://blogs.selectsifiso.com/wp-content/plugins/page-views-count/assets/css/style.min.css?ver=06820f499ad3078ba51bb8a3026295a9" "Mozilla/5.0 (Windows NT 6.3; WOW64) AppleWebKit/537.36 (KHTML, like Gecko) Chrome/48.0.2564.116 Safari/537.36"
41.78.28.152 - - [16/Mar/2016:10:34:25 +0200] "POST /wp-cron.php?465a16b660ca40f346fc5a8baf6351e3&action=wysija_cron&process=bounce&silent=1 HTTP/1.0" 200 354 "-" "WordPress/4.4.2; http://blogs.selectsifiso.com"
41.224.50.5 - - [16/Mar/2016:10:34:25 +0200] "GET /wp-admin/admin-ajax.php?action=pvc_backbone_load_stats&post_ids%5B1043%5D%5Bpost_id%5D=1043&post_ids%5B1043%5D%5Bask_update%5D=false&post_ids%5B1112%5D%5Bpost_id%5D=1112&post_ids%5B1112%5D%5Bask_update%5D=false&post_ids%5B1136%5D%5Bpost_id%5D=1136&post_ids%5B1136%5D%5Bask_update%5D=false&post_ids%5B1188%5D%5Bpost_id%5D=1188&post_ids%5B1188%5D%5Bask_update%5D=false&post_ids%5B1196%5D%5Bpost_id%5D=1196&post_ids%5B1196%5D%5Bask_update%5D=false&post_ids%5B1204%5D%5Bpost_id%5D=1204&post_ids%5B1204%5D%5Bask_update%5D=false HTTP/1.0" 200 675 "http://blogs.selectsifiso.com/" "Mozilla/5.0 (Windows NT 6.3; WOW64) AppleWebKit/537.36 (KHTML, like Gecko) Chrome/48.0.2564.116 Safari/537.36"
41.78.28.152 - - [16/Mar/2016:10:34:26 +0200] "POST /wp-cron.php?doing_wp_cron=1458117266.8524529933929443359375 HTTP/1.0" 200 354 "-" "WordPress/4.4.2; http://blogs.selectsifiso.com"
41.224.50.5 - - [16/Mar/2016:10:34:52 +0200] "GET /page/2/ HTTP/1.0" 200 9169 "http://blogs.selectsifiso.com/" "Mozilla/5.0 (Windows NT 6.3; WOW64) AppleWebKit/537.36 (KHTML, like Gecko) Chrome/48.0.2564.116 Safari/537.36"
41.224.50.5 - - [16/Mar/2016:10:34:54 +0200] "GET /wp-content/plugins/counterize/counterize.js.php?ver=06820f499ad3078ba51bb8a3026295a9 HTTP/1.0" 200 11428 "http://blogs.selectsifiso.com/page/2/" "Mozilla/5.0 (Windows NT 6.3; WOW64) AppleWebKit/537.36 (KHTML, like Gecko) Chrome/48.0.2564.116 Safari/537.36"
41.224.50.5 - - [16/Mar/2016:10:34:54 +0200] "GET /wp-content/plugins/counterize/counterize.css.php?ver=06820f499ad3078ba51bb8a3026295a9 HTTP/1.0" 200 1373 "http://blogs.selectsifiso.com/page/2/" "Mozilla/5.0 (Windows NT 6.3; WOW64) AppleWebKit/537.36 (KHTML, like Gecko) Chrome/48.0.2564.116 Safari/537.36"
41.224.50.5 - - [16/Mar/2016:10:34:54 +0200] "GET /wp-admin/admin-ajax.php?action=pvc_backbone_load_stats&post_ids%5B558%5D%5Bpost_id%5D=558&post_ids%5B558%5D%5Bask_update%5D=false&post_ids%5B578%5D%5Bpost_id%5D=578&post_ids%5B578%5D%5Bask_update%5D=false&post_ids%5B606%5D%5Bpost_id%5D=606&post_ids%5B606%5D%5Bask_update%5D=false&post_ids%5B640%5D%5Bpost_id%5D=640&post_ids%5B640%5D%5Bask_update%5D=false&post_ids%5B981%5D%5Bpost_id%5D=981&post_ids%5B981%5D%5Bask_update%5D=false&post_ids%5B1009%5D%5Bpost_id%5D=1009&post_ids%5B1009%5D%5Bask_update%5D=false HTTP/1.0" 200 669 "http://blogs.selectsifiso.com/page/2/" "Mozilla/5.0 (Windows NT 6.3; WOW64) AppleWebKit/537.36 (KHTML, like Gecko) Chrome/48.0.2564.116 Safari/537.36"
41.224.50.5 - - [16/Mar/2016:10:35:04 +0200] "GET /using-rest-api-in-ssis-to-extract-top-100-user-tweets/ HTTP/1.0" 200 19042 "http://blogs.selectsifiso.com/page/2/" "Mozilla/5.0 (Windows NT 6.3; WOW64) AppleWebKit/537.36 (KHTML, like Gecko) Chrome/48.0.2564.116 Safari/537.36"
41.224.50.5 - - [16/Mar/2016:10:35:06 +0200] "GET /wp-content/plugins/counterize/counterize.css.php?ver=06820f499ad3078ba51bb8a3026295a9 HTTP/1.0" 200 1373 "http://blogs.selectsifiso.com/using-rest-api-in-ssis-to-extract-top-100-user-tweets/" "Mozilla/5.0 (Windows NT 6.3; WOW64) AppleWebKit/537.36 (KHTML, like Gecko) Chrome/48.0.2564.116 Safari/537.36"
41.224.50.5 - - [16/Mar/2016:10:35:06 +0200] "GET /wp-content/plugins/counterize/counterize.js.php?ver=06820f499ad3078ba51bb8a3026295a9 HTTP/1.0" 200 11428 "http://blogs.selectsifiso.com/using-rest-api-in-ssis-to-extract-top-100-user-tweets/" "Mozilla/5.0 (Windows NT 6.3; WOW64) AppleWebKit/537.36 (KHTML, like Gecko) Chrome/48.0.2564.116 Safari/537.36"
41.224.50.5 - - [16/Mar/2016:10:35:06 +0200] "GET /wp-content/uploads/pull_tweets.png HTTP/1.0" 200 268 "http://blogs.selectsifiso.com/using-rest-api-in-ssis-to-extract-top-100-user-tweets/" "Mozilla/5.0 (Windows NT 6.3; WOW64) AppleWebKit/537.36 (KHTML, like Gecko) Chrome/48.0.2564.116 Safari/537.36"
41.224.50.5 - - [16/Mar/2016:10:35:06 +0200] "GET /wp-includes/js/comment-reply.min.js?ver=06820f499ad3078ba51bb8a3026295a9 HTTP/1.0" 200 282 "http://blogs.selectsifiso.com/using-rest-api-in-ssis-to-extract-top-100-user-tweets/" "Mozilla/5.0 (Windows NT 6.3; WOW64) AppleWebKit/537.36 (KHTML, like Gecko) Chrome/48.0.2564.116 Safari/537.36"
41.224.50.5 - - [16/Mar/2016:10:35:06 +0200] "GET /wp-content/plugins/akismet/_inc/form.js?ver=06820f499ad3078ba51bb8a3026295a9 HTTP/1.0" 200 662 "http://blogs.selectsifiso.com/using-rest-api-in-ssis-to-extract-top-100-user-tweets/" "Mozilla/5.0 (Windows NT 6.3; WOW64) AppleWebKit/537.36 (KHTML, like Gecko) Chrome/48.0.2564.116 Safari/537.36"
41.224.50.5 - - [16/Mar/2016:10:35:06 +0200] "GET /wp-content/uploads/tweets_dft.png HTTP/1.0" 200 267 "http://blogs.selectsifiso.com/using-rest-api-in-ssis-to-extract-top-100-user-tweets/" "Mozilla/5.0 (Windows NT 6.3; WOW64) AppleWebKit/537.36 (KHTML, like Gecko) Chrome/48.0.2564.116 Safari/537.36"
41.224.50.5 - - [16/Mar/2016:10:35:06 +0200] "GET /wp-content/uploads/sw_ndlovu-144x150.png HTTP/1.0" 200 274 "http://blogs.selectsifiso.com/using-rest-api-in-ssis-to-extract-top-100-user-tweets/" "Mozilla/5.0 (Windows NT 6.3; WOW64) AppleWebKit/537.36 (KHTML, like Gecko) Chrome/48.0.2564.116 Safari/537.36"
41.224.50.5 - - [16/Mar/2016:10:35:06 +0200] "GET /wp-content/plugins/social-autho-bio/images/Wordpress.png HTTP/1.0" 200 290 "http://blogs.selectsifiso.com/using-rest-api-in-ssis-to-extract-top-100-user-tweets/" "Mozilla/5.0 (Windows NT 6.3; WOW64) AppleWebKit/537.36 (KHTML, like Gecko) Chrome/48.0.2564.116 Safari/537.36"
41.224.50.5 - - [16/Mar/2016:10:35:07 +0200] "GET /wp-admin/admin-ajax.php?action=pvc_backbone_load_stats&post_ids%5B578%5D%5Bpost_id%5D=578&post_ids%5B578%5D%5Bask_update%5D=true HTTP/1.0" 200 399 "http://blogs.selectsifiso.com/using-rest-api-in-ssis-to-extract-top-100-user-tweets/" "Mozilla/5.0 (Windows NT 6.3; WOW64) AppleWebKit/537.36 (KHTML, like Gecko) Chrome/48.0.2564.116 Safari/537.36"
5.9.87.111 - - [16/Mar/2016:10:36:42 +0200] "GET /robots.txt HTTP/1.0" 200 570 "-" "Mozilla/5.0 (compatible; MJ12bot/v1.4.5; http://www.majestic12.co.uk/bot.php?+)"
5.9.87.111 - - [16/Mar/2016:10:36:45 +0200] "GET /author/sifiso-ndlovu/page/6/ HTTP/1.0" 200 111156 "-" "Mozilla/5.0 (compatible; MJ12bot/v1.4.5; http://www.majestic12.co.uk/bot.php?+)"
5.9.87.111 - - [16/Mar/2016:10:36:50 +0200] "GET /tag/c-programming-language/page/6/ HTTP/1.0" 200 8390 "-" "Mozilla/5.0 (compatible; MJ12bot/v1.4.5; http://www.majestic12.co.uk/bot.php?+)"
41.78.28.152 - - [16/Mar/2016:10:36:50 +0200] "POST /wp-cron.php?doing_wp_cron=1458117410.3637690544128417968750 HTTP/1.0" 200 354 "-" "WordPress/4.4.2; http://blogs.selectsifiso.com"
66.249.65.39 - - [16/Mar/2016:10:45:26 +0200] "GET /robots.txt HTTP/1.0" 200 612 "-" "Mozilla/5.0 (compatible; Googlebot/2.1; +http://www.google.com/bot.html)"
41.78.28.152 - - [16/Mar/2016:10:45:27 +0200] "POST /wp-cron.php?465a16b660ca40f346fc5a8baf6351e3&action=wysija_cron&process=bounce&silent=1 HTTP/1.0" 200 354 "-" "WordPress/4.4.2; http://blogs.selectsifiso.com"
94.236.39.228 - - [16/Mar/2016:10:45:30 +0200] "GET / HTTP/1.0" 200 38790 "-" "-"
94.236.39.228 - - [16/Mar/2016:10:45:38 +0200] "GET / HTTP/1.0" 200 38790 "-" "-"
195.154.232.138 - - [16/Mar/2016:10:46:05 +0200] "GET / HTTP/1.0" 200 38790 "-" "Mozilla/5.0 (compatible; MSIE 9.0; Windows NT 6.1; Trident/5.0)"
180.76.15.18 - - [16/Mar/2016:11:01:51 +0200] "GET /tag/dimensional/ HTTP/1.0" 200 8236 "-" "Mozilla/5.0 (compatible; Baiduspider/2.0; +http://www.baidu.com/search/spider.html)"
41.78.28.152 - - [16/Mar/2016:11:01:52 +0200] "POST /wp-cron.php?465a16b660ca40f346fc5a8baf6351e3&action=wysija_cron&process=bounce&silent=1 HTTP/1.0" 200 354 "-" "WordPress/4.4.2; http://blogs.selectsifiso.com"
49.228.202.199 - - [16/Mar/2016:11:08:11 +0200] "GET /wp-content/plugins/page-views-count/ajax-loader.gif HTTP/1.0" 200 1190 "http://www.codeproject.com/Articles/1083644/Duplicate-MySQL-Table-Using-phpMyAdmin" "Mozilla/5.0 (Windows NT 10.0; WOW64) AppleWebKit/537.36 (KHTML, like Gecko) Chrome/49.0.2623.87 Safari/537.36"
107.178.195.202 - - [16/Mar/2016:11:10:19 +0200] "GET /wp-content/plugins/page-views-count/ajax-loader.gif HTTP/1.0" 200 1190 "-" "Mozilla/5.0 (Macintosh; Intel Mac OS X 10_7_2) AppleWebKit/535.7 (KHTML, like Gecko) Chrome/23.0.912.77 Safari/535.7 AppEngine-Google; (+http://code.google.com/appengine; appid: s~feedly-nikon3)"
66.249.65.36 - - [16/Mar/2016:11:11:13 +0200] "GET /using-rest-api-in-ssis-to-extract-top-100-user-tweets/ HTTP/1.0" 200 18902 "-" "Mozilla/5.0 (compatible; Googlebot/2.1; +http://www.google.com/bot.html)"
41.78.28.152 - - [16/Mar/2016:11:14:00 +0200] "POST /wp-cron.php?465a16b660ca40f346fc5a8baf6351e3&action=wysija_cron&process=bounce&silent=1 HTTP/1.0" 200 354 "-" "WordPress/4.4.2; http://blogs.selectsifiso.com"
141.228.250.142 - - [16/Mar/2016:11:13:58 +0200] "GET /programmatically-insert-into-sql-server-table-from-an-excel-file-using-ssis-script-tasks/ HTTP/1.0" 200 14153 "https://www.google.co.in/" "Mozilla/5.0 (Windows NT 5.1) AppleWebKit/537.36 (KHTML, like Gecko) Chrome/40.0.2214.115 Safari/537.36"
141.228.250.142 - - [16/Mar/2016:11:14:11 +0200] "GET /wp-content/plugins/wysija-newsletters/css/validationEngine.jquery.css?ver=06820f499ad3078ba51bb8a3026295a9 HTTP/1.0" 200 302 "http://blogs.selectsifiso.com/programmatically-insert-into-sql-server-table-from-an-excel-file-using-ssis-script-tasks/" "Mozilla/5.0 (Windows NT 5.1) AppleWebKit/537.36 (KHTML, like Gecko) Chrome/40.0.2214.115 Safari/537.36"
141.228.250.142 - - [16/Mar/2016:11:14:15 +0200] "GET /wp-content/plugins/contact-form-7/includes/css/styles.css?ver=06820f499ad3078ba51bb8a3026295a9 HTTP/1.0" 200 290 "http://blogs.selectsifiso.com/programmatically-insert-into-sql-server-table-from-an-excel-file-using-ssis-script-tasks/" "Mozilla/5.0 (Windows NT 5.1) AppleWebKit/537.36 (KHTML, like Gecko) Chrome/40.0.2214.115 Safari/537.36"
141.228.250.142 - - [16/Mar/2016:11:14:16 +0200] "GET /wp-content/plugins/captcha/css/desktop_style.css?ver=06820f499ad3078ba51bb8a3026295a9 HTTP/1.0" 200 281 "http://blogs.selectsifiso.com/programmatically-insert-into-sql-server-table-from-an-excel-file-using-ssis-script-tasks/" "Mozilla/5.0 (Windows NT 5.1) AppleWebKit/537.36 (KHTML, like Gecko) Chrome/40.0.2214.115 Safari/537.36"
141.228.250.142 - - [16/Mar/2016:11:14:16 +0200] "GET /wp-content/plugins/simplified-social-share/oss-social-sharing/assets/css/oss-social-sharing-front.css?ver=06820f499ad3078ba51bb8a3026295a9 HTTP/1.0" 200 754 "http://blogs.selectsifiso.com/programmatically-insert-into-sql-server-table-from-an-excel-file-using-ssis-script-tasks/" "Mozilla/5.0 (Windows NT 5.1) AppleWebKit/537.36 (KHTML, like Gecko) Chrome/40.0.2214.115 Safari/537.36"
141.228.250.142 - - [16/Mar/2016:11:14:16 +0200] "GET /wp-includes/css/dashicons.min.css?ver=06820f499ad3078ba51bb8a3026295a9 HTTP/1.0" 200 266 "http://blogs.selectsifiso.com/programmatically-insert-into-sql-server-table-from-an-excel-file-using-ssis-script-tasks/" "Mozilla/5.0 (Windows NT 5.1) AppleWebKit/537.36 (KHTML, like Gecko) Chrome/40.0.2214.115 Safari/537.36"
141.228.250.142 - - [16/Mar/2016:11:14:16 +0200] "GET /wp-includes/js/wp-emoji-release.min.js?ver=06820f499ad3078ba51bb8a3026295a9 HTTP/1.0" 200 285 "http://blogs.selectsifiso.com/programmatically-insert-into-sql-server-table-from-an-excel-file-using-ssis-script-tasks/" "Mozilla/5.0 (Windows NT 5.1) AppleWebKit/537.36 (KHTML, like Gecko) Chrome/40.0.2214.115 Safari/537.36"
141.228.250.142 - - [16/Mar/2016:11:14:16 +0200] "GET /wp-content/plugins/captcha/css/style.css?ver=06820f499ad3078ba51bb8a3026295a9 HTTP/1.0" 200 273 "http://blogs.selectsifiso.com/programmatically-insert-into-sql-server-table-from-an-excel-file-using-ssis-script-tasks/" "Mozilla/5.0 (Windows NT 5.1) AppleWebKit/537.36 (KHTML, like Gecko) Chrome/40.0.2214.115 Safari/537.36"
141.228.250.142 - - [16/Mar/2016:11:14:17 +0200] "GET /wp-content/plugins/page-views-count/assets/css/style.min.css?ver=06820f499ad3078ba51bb8a3026295a9 HTTP/1.0" 200 509 "http://blogs.selectsifiso.com/programmatically-insert-into-sql-server-table-from-an-excel-file-using-ssis-script-tasks/" "Mozilla/5.0 (Windows NT 5.1) AppleWebKit/537.36 (KHTML, like Gecko) Chrome/40.0.2214.115 Safari/537.36"
141.228.250.142 - - [16/Mar/2016:11:14:18 +0200] "GET /wp-content/themes/iconic-one/style.css?ver=06820f499ad3078ba51bb8a3026295a9 HTTP/1.0" 200 271 "http://blogs.selectsifiso.com/programmatically-insert-into-sql-server-table-from-an-excel-file-using-ssis-script-tasks/" "Mozilla/5.0 (Windows NT 5.1) AppleWebKit/537.36 (KHTML, like Gecko) Chrome/40.0.2214.115 Safari/537.36"
141.228.250.142 - - [16/Mar/2016:11:14:20 +0200] "GET /wp-content/themes/iconic-one/custom.css?ver=06820f499ad3078ba51bb8a3026295a9 HTTP/1.0" 200 408 "http://blogs.selectsifiso.com/programmatically-insert-into-sql-server-table-from-an-excel-file-using-ssis-script-tasks/" "Mozilla/5.0 (Windows NT 5.1) AppleWebKit/537.36 (KHTML, like Gecko) Chrome/40.0.2214.115 Safari/537.36"
141.228.250.142 - - [16/Mar/2016:11:14:20 +0200] "GET /wp-content/plugins/tablepress/css/default.min.css?ver=06820f499ad3078ba51bb8a3026295a9 HTTP/1.0" 200 282 "http://blogs.selectsifiso.com/programmatically-insert-into-sql-server-table-from-an-excel-file-using-ssis-script-tasks/" "Mozilla/5.0 (Windows NT 5.1) AppleWebKit/537.36 (KHTML, like Gecko) Chrome/40.0.2214.115 Safari/537.36"
141.228.250.142 - - [16/Mar/2016:11:14:21 +0200] "GET /wp-includes/js/jquery/jquery.js?ver=06820f499ad3078ba51bb8a3026295a9 HTTP/1.0" 200 278 "http://blogs.selectsifiso.com/programmatically-insert-into-sql-server-table-from-an-excel-file-using-ssis-script-tasks/" "Mozilla/5.0 (Windows NT 5.1) AppleWebKit/537.36 (KHTML, like Gecko) Chrome/40.0.2214.115 Safari/537.36"
141.228.250.142 - - [16/Mar/2016:11:14:21 +0200] "GET /wp-content/plugins/counterize/counterize.css.php?ver=06820f499ad3078ba51bb8a3026295a9 HTTP/1.0" 200 1373 "http://blogs.selectsifiso.com/programmatically-insert-into-sql-server-table-from-an-excel-file-using-ssis-script-tasks/" "Mozilla/5.0 (Windows NT 5.1) AppleWebKit/537.36 (KHTML, like Gecko) Chrome/40.0.2214.115 Safari/537.36"
180.255.240.112 - - [16/Mar/2016:11:14:22 +0200] "GET /wp-content/plugins/page-views-count/ajax-loader.gif HTTP/1.0" 200 1190 "http://www.codeproject.com/Articles/1083644/Duplicate-MySQL-Table-Using-phpMyAdmin" "Mozilla/5.0 (iPhone; CPU iPhone OS 9_2_1 like Mac OS X) AppleWebKit/601.1.46 (KHTML, like Gecko) Version/9.0 Mobile/13D15 Safari/601.1"
141.228.250.142 - - [16/Mar/2016:11:14:22 +0200] "GET /wp-content/plugins/captcha/js/front_end_script.js?ver=06820f499ad3078ba51bb8a3026295a9 HTTP/1.0" 200 790 "http://blogs.selectsifiso.com/programmatically-insert-into-sql-server-table-from-an-excel-file-using-ssis-script-tasks/" "Mozilla/5.0 (Windows NT 5.1) AppleWebKit/537.36 (KHTML, like Gecko) Chrome/40.0.2214.115 Safari/537.36"
141.228.250.142 - - [16/Mar/2016:11:14:22 +0200] "GET /wp-includes/js/jquery/jquery-migrate.min.js?ver=06820f499ad3078ba51bb8a3026295a9 HTTP/1.0" 200 290 "http://blogs.selectsifiso.com/programmatically-insert-into-sql-server-table-from-an-excel-file-using-ssis-script-tasks/" "Mozilla/5.0 (Windows NT 5.1) AppleWebKit/537.36 (KHTML, like Gecko) Chrome/40.0.2214.115 Safari/537.36"
141.228.250.142 - - [16/Mar/2016:11:14:22 +0200] "GET /wp-includes/js/underscore.min.js?ver=06820f499ad3078ba51bb8a3026295a9 HTTP/1.0" 200 279 "http://blogs.selectsifiso.com/programmatically-insert-into-sql-server-table-from-an-excel-file-using-ssis-script-tasks/" "Mozilla/5.0 (Windows NT 5.1) AppleWebKit/537.36 (KHTML, like Gecko) Chrome/40.0.2214.115 Safari/537.36"
141.228.250.142 - - [16/Mar/2016:11:14:24 +0200] "GET /wp-includes/js/backbone.min.js?ver=06820f499ad3078ba51bb8a3026295a9 HTTP/1.0" 200 277 "http://blogs.selectsifiso.com/programmatically-insert-into-sql-server-table-from-an-excel-file-using-ssis-script-tasks/" "Mozilla/5.0 (Windows NT 5.1) AppleWebKit/537.36 (KHTML, like Gecko) Chrome/40.0.2214.115 Safari/537.36"
141.228.250.142 - - [16/Mar/2016:11:14:25 +0200] "GET /wp-content/plugins/counterize/counterize.js.php?ver=06820f499ad3078ba51bb8a3026295a9 HTTP/1.0" 200 11428 "http://blogs.selectsifiso.com/programmatically-insert-into-sql-server-table-from-an-excel-file-using-ssis-script-tasks/" "Mozilla/5.0 (Windows NT 5.1) AppleWebKit/537.36 (KHTML, like Gecko) Chrome/40.0.2214.115 Safari/537.36"
141.228.250.142 - - [16/Mar/2016:11:14:27 +0200] "GET /wp-content/plugins/contact-form-7/includes/js/jquery.form.min.js?ver=06820f499ad3078ba51bb8a3026295a9-2014.06.20 HTTP/1.0" 200 311 "http://blogs.selectsifiso.com/programmatically-insert-into-sql-server-table-from-an-excel-file-using-ssis-script-tasks/" "Mozilla/5.0 (Windows NT 5.1) AppleWebKit/537.36 (KHTML, like Gecko) Chrome/40.0.2214.115 Safari/537.36"
141.228.250.142 - - [16/Mar/2016:11:14:27 +0200] "GET /wp-content/plugins/akismet/_inc/form.js?ver=06820f499ad3078ba51bb8a3026295a9 HTTP/1.0" 200 662 "http://blogs.selectsifiso.com/programmatically-insert-into-sql-server-table-from-an-excel-file-using-ssis-script-tasks/" "Mozilla/5.0 (Windows NT 5.1) AppleWebKit/537.36 (KHTML, like Gecko) Chrome/40.0.2214.115 Safari/537.36"
141.228.250.142 - - [16/Mar/2016:11:14:28 +0200] "GET /wp-content/plugins/contact-form-7/includes/js/scripts.js?ver=06820f499ad3078ba51bb8a3026295a9 HTTP/1.0" 200 303 "http://blogs.selectsifiso.com/programmatically-insert-into-sql-server-table-from-an-excel-file-using-ssis-script-tasks/" "Mozilla/5.0 (Windows NT 5.1) AppleWebKit/537.36 (KHTML, like Gecko) Chrome/40.0.2214.115 Safari/537.36"
141.228.250.142 - - [16/Mar/2016:11:14:29 +0200] "GET /wp-content/themes/iconic-one/js/selectnav.js?ver=06820f499ad3078ba51bb8a3026295a9 HTTP/1.0" 200 291 "http://blogs.selectsifiso.com/programmatically-insert-into-sql-server-table-from-an-excel-file-using-ssis-script-tasks/" "Mozilla/5.0 (Windows NT 5.1) AppleWebKit/537.36 (KHTML, like Gecko) Chrome/40.0.2214.115 Safari/537.36"
141.228.250.142 - - [16/Mar/2016:11:14:29 +0200] "GET /wp-includes/js/wp-embed.min.js?ver=06820f499ad3078ba51bb8a3026295a9 HTTP/1.0" 200 277 "http://blogs.selectsifiso.com/programmatically-insert-into-sql-server-table-from-an-excel-file-using-ssis-script-tasks/" "Mozilla/5.0 (Windows NT 5.1) AppleWebKit/537.36 (KHTML, like Gecko) Chrome/40.0.2214.115 Safari/537.36"
141.228.250.142 - - [16/Mar/2016:11:14:30 +0200] "GET /wp-includes/js/comment-reply.min.js?ver=06820f499ad3078ba51bb8a3026295a9 HTTP/1.0" 200 282 "http://blogs.selectsifiso.com/programmatically-insert-into-sql-server-table-from-an-excel-file-using-ssis-script-tasks/" "Mozilla/5.0 (Windows NT 5.1) AppleWebKit/537.36 (KHTML, like Gecko) Chrome/40.0.2214.115 Safari/537.36"
141.228.250.142 - - [16/Mar/2016:11:14:33 +0200] "GET /wp-content/plugins/simplified-social-share/oss-social-sharing/assets/js/oss_share.js?ver=06820f499ad3078ba51bb8a3026295a9 HTTP/1.0" 200 488 "http://blogs.selectsifiso.com/programmatically-insert-into-sql-server-table-from-an-excel-file-using-ssis-script-tasks/" "Mozilla/5.0 (Windows NT 5.1) AppleWebKit/537.36 (KHTML, like Gecko) Chrome/40.0.2214.115 Safari/537.36"
141.228.250.142 - - [16/Mar/2016:11:14:33 +0200] "GET /wp-content/uploads/2015/09/selectSIFISOforBlogsNew.png HTTP/1.0" 200 288 "http://blogs.selectsifiso.com/programmatically-insert-into-sql-server-table-from-an-excel-file-using-ssis-script-tasks/" "Mozilla/5.0 (Windows NT 5.1) AppleWebKit/537.36 (KHTML, like Gecko) Chrome/40.0.2214.115 Safari/537.36"
141.228.250.142 - - [16/Mar/2016:11:14:38 +0200] "GET /wp-content/themes/iconic-one/img/twitter.png HTTP/1.0" 200 568 "http://blogs.selectsifiso.com/programmatically-insert-into-sql-server-table-from-an-excel-file-using-ssis-script-tasks/" "Mozilla/5.0 (Windows NT 5.1) AppleWebKit/537.36 (KHTML, like Gecko) Chrome/40.0.2214.115 Safari/537.36"
141.228.250.142 - - [16/Mar/2016:11:14:40 +0200] "GET /wp-content/themes/iconic-one/img/facebook.png HTTP/1.0" 200 505 "http://blogs.selectsifiso.com/programmatically-insert-into-sql-server-table-from-an-excel-file-using-ssis-script-tasks/" "Mozilla/5.0 (Windows NT 5.1) AppleWebKit/537.36 (KHTML, like Gecko) Chrome/40.0.2214.115 Safari/537.36"
141.228.250.142 - - [16/Mar/2016:11:14:41 +0200] "GET /wp-content/themes/iconic-one/img/rss.png HTTP/1.0" 200 644 "http://blogs.selectsifiso.com/programmatically-insert-into-sql-server-table-from-an-excel-file-using-ssis-script-tasks/" "Mozilla/5.0 (Windows NT 5.1) AppleWebKit/537.36 (KHTML, like Gecko) Chrome/40.0.2214.115 Safari/537.36"
141.228.250.142 - - [16/Mar/2016:11:14:41 +0200] "GET /wp-content/uploads/sw_ndlovu-144x150.png HTTP/1.0" 200 274 "http://blogs.selectsifiso.com/programmatically-insert-into-sql-server-table-from-an-excel-file-using-ssis-script-tasks/" "Mozilla/5.0 (Windows NT 5.1) AppleWebKit/537.36 (KHTML, like Gecko) Chrome/40.0.2214.115 Safari/537.36"
141.228.250.142 - - [16/Mar/2016:11:14:41 +0200] "GET /wp-content/plugins/social-autho-bio/images/Wordpress.png HTTP/1.0" 200 290 "http://blogs.selectsifiso.com/programmatically-insert-into-sql-server-table-from-an-excel-file-using-ssis-script-tasks/" "Mozilla/5.0 (Windows NT 5.1) AppleWebKit/537.36 (KHTML, like Gecko) Chrome/40.0.2214.115 Safari/537.36"
141.228.250.142 - - [16/Mar/2016:11:14:41 +0200] "GET /programmatically-insert-into-sql-server-table-from-an-excel-file-using-ssis-script-tasks/ HTTP/1.0" 200 13897 "https://www.google.co.in/" "Mozilla/5.0 (Windows NT 5.1) AppleWebKit/537.36 (KHTML, like Gecko) Chrome/40.0.2214.115 Safari/537.36"
141.228.250.141 - - [16/Mar/2016:11:14:44 +0200] "GET /favicon.ico HTTP/1.0" 200 260 "-" "Mozilla/5.0 (Windows NT 5.1) AppleWebKit/537.36 (KHTML, like Gecko) Chrome/40.0.2214.115 Safari/537.36"
141.228.250.141 - - [16/Mar/2016:11:14:44 +0200] "GET /wp-content/plugins/page-views-count/chart-bar.png HTTP/1.0" 200 820 "http://blogs.selectsifiso.com/wp-content/plugins/page-views-count/assets/css/style.min.css?ver=06820f499ad3078ba51bb8a3026295a9" "Mozilla/5.0 (Windows NT 5.1) AppleWebKit/537.36 (KHTML, like Gecko) Chrome/40.0.2214.115 Safari/537.36"
