115.70.199.66 - - [14/Mar/2016:07:27:56 +0200] "GET /wp-content/themes/iconic-one/js/selectnav.js?ver=06820f499ad3078ba51bb8a3026295a9 HTTP/1.1" 200 4195 "http://blogs.selectsifiso.com/" "Mozilla/5.0 (Windows NT 10.0; WOW64) AppleWebKit/537.36 (KHTML, like Gecko) Chrome/49.0.2623.87 Safari/537.36"
115.70.199.66 - - [14/Mar/2016:07:27:57 +0200] "GET /wp-includes/js/wp-emoji-release.min.js?ver=06820f499ad3078ba51bb8a3026295a9 HTTP/1.1" 200 33713 "http://blogs.selectsifiso.com/" "Mozilla/5.0 (Windows NT 10.0; WOW64) AppleWebKit/537.36 (KHTML, like Gecko) Chrome/49.0.2623.87 Safari/537.36"
115.70.199.66 - - [14/Mar/2016:07:27:57 +0200] "GET /wp-content/uploads/2015/09/selectSIFISOforBlogsNew.png HTTP/1.1" 200 28335 "http://blogs.selectsifiso.com/" "Mozilla/5.0 (Windows NT 10.0; WOW64) AppleWebKit/537.36 (KHTML, like Gecko) Chrome/49.0.2623.87 Safari/537.36"
115.70.199.66 - - [14/Mar/2016:07:27:58 +0200] "GET /favicon.ico HTTP/1.1" 200 17542 "http://blogs.selectsifiso.com/" "Mozilla/5.0 (Windows NT 10.0; WOW64) AppleWebKit/537.36 (KHTML, like Gecko) Chrome/49.0.2623.87 Safari/537.36"
115.70.199.66 - - [14/Mar/2016:07:28:22 +0200] "GET /wp-includes/js/comment-reply.min.js?ver=06820f499ad3078ba51bb8a3026295a9 HTTP/1.1" 200 1078 "http://blogs.selectsifiso.com/failing-to-preview-report-in-report-builder/" "Mozilla/5.0 (Windows NT 10.0; WOW64) AppleWebKit/537.36 (KHTML, like Gecko) Chrome/49.0.2623.87 Safari/537.36"
115.70.199.66 - - [14/Mar/2016:07:28:22 +0200] "GET /wp-content/uploads/new_sys_role.png HTTP/1.1" 200 14094 "http://blogs.selectsifiso.com/failing-to-preview-report-in-report-builder/" "Mozilla/5.0 (Windows NT 10.0; WOW64) AppleWebKit/537.36 (KHTML, like Gecko) Chrome/49.0.2623.87 Safari/537.36"
115.70.199.66 - - [14/Mar/2016:07:28:23 +0200] "GET /wp-content/uploads/RunReportBuilder.png HTTP/1.1" 200 51987 "http://blogs.selectsifiso.com/failing-to-preview-report-in-report-builder/" "Mozilla/5.0 (Windows NT 10.0; WOW64) AppleWebKit/537.36 (KHTML, like Gecko) Chrome/49.0.2623.87 Safari/537.36"
115.70.199.66 - - [14/Mar/2016:07:28:24 +0200] "GET /wp-content/uploads/sw_ndlovu-144x150.png HTTP/1.1" 200 39018 "http://blogs.selectsifiso.com/failing-to-preview-report-in-report-builder/" "Mozilla/5.0 (Windows NT 10.0; WOW64) AppleWebKit/537.36 (KHTML, like Gecko) Chrome/49.0.2623.87 Safari/537.36"
115.70.199.66 - - [14/Mar/2016:07:28:24 +0200] "GET /wp-content/plugins/social-autho-bio/images/Wordpress.png HTTP/1.1" 200 3122 "http://blogs.selectsifiso.com/failing-to-preview-report-in-report-builder/" "Mozilla/5.0 (Windows NT 10.0; WOW64) AppleWebKit/537.36 (KHTML, like Gecko) Chrome/49.0.2623.87 Safari/537.36"
87.222.160.136 - - [14/Mar/2016:07:34:46 +0200] "GET /wp-content/plugins/page-views-count/ajax-loader.gif HTTP/1.0" 200 1190 "-" "-"
207.46.13.114 - - [14/Mar/2016:07:49:27 +0200] "GET /wp-content/plugins/counterize/counterize.js.php?ver=06820f499ad3078ba51bb8a3026295a9 HTTP/1.0" 200 11428 "-" "Mozilla/5.0 (compatible; bingbot/2.0; +http://www.bing.com/bingbot.htm)"
94.236.39.228 - - [14/Mar/2016:07:51:26 +0200] "GET / HTTP/1.0" 200 46080 "-" "-"
94.236.39.228 - - [14/Mar/2016:07:52:19 +0200] "GET / HTTP/1.0" 200 46080 "-" "-"
117.244.51.32 - - [14/Mar/2016:07:56:29 +0200] "GET /wp-content/plugins/page-views-count/ajax-loader.gif HTTP/1.0" 200 1190 "http://www.codeproject.com/Articles/1083644/Duplicate-MySQL-Table-Using-phpMyAdmin" "Mozilla/5.0 (Mobile; Windows Phone 8.1; Android 4.0; ARM; Trident/7.0; Touch; rv:11.0; IEMobile/11.0; NOKIA; Lumia 630 Dual SIM) like iPhone OS 7_0_3 Mac OS X AppleWebKit/537 (KHTML, like Gecko) Mobile Safari/537"
123.125.71.70 - - [14/Mar/2016:08:09:31 +0200] "GET / HTTP/1.0" 200 10464 "-" "Mozilla/5.0 (Windows NT 5.1; rv:6.0.2) Gecko/20100101 Firefox/6.0.2"
123.125.71.113 - - [14/Mar/2016:08:09:33 +0200] "GET / HTTP/1.0" 200 46022 "-" "Mozilla/5.0 (Windows NT 5.1; rv:6.0.2) Gecko/20100101 Firefox/6.0.2"
69.147.252.93 - - [14/Mar/2016:08:13:32 +0200] "GET / HTTP/1.0" 200 10464 "http://www.selectsifiso.net/" "Mozilla/5.0 (Windows NT 5.1) AppleWebKit/537.36 (KHTML, like Gecko) Chrome/39.0.2171.99 Safari/537.36"
141.8.142.74 - - [14/Mar/2016:08:20:17 +0200] "GET /wp-content/uploads/2015/11/1-660x344.png HTTP/1.0" 200 274 "-" "Mozilla/5.0 (compatible; YandexImages/3.0; +http://yandex.com/bots)"
41.78.28.152 - - [14/Mar/2016:08:20:26 +0200] "POST /wp-cron.php?465a16b660ca40f346fc5a8baf6351e3&action=wysija_cron&process=queue,bounce&silent=1 HTTP/1.0" 200 354 "-" "WordPress/4.4.2; http://blogs.selectsifiso.com"
180.76.15.24 - - [14/Mar/2016:08:20:24 +0200] "GET /tag/oledb-destination/ HTTP/1.0" 200 10355 "-" "Mozilla/5.0 (compatible; Baiduspider/2.0; +http://www.baidu.com/search/spider.html)"
41.78.28.152 - - [14/Mar/2016:08:20:28 +0200] "POST /wp-cron.php?doing_wp_cron=1457936428.0055370330810546875000 HTTP/1.0" 200 354 "-" "WordPress/4.4.2; http://blogs.selectsifiso.com"
66.249.65.33 - - [14/Mar/2016:08:20:47 +0200] "GET /robots.txt HTTP/1.0" 200 612 "-" "Mozilla/5.0 (compatible; Googlebot/2.1; +http://www.google.com/bot.html)"
109.86.72.162 - - [14/Mar/2016:08:24:06 +0200] "GET / HTTP/1.0" 200 46080 "http://blogs.selectsifiso.com/" "Mozilla/5.0 (Windows NT 6.1) AppleWebKit/537.36 (KHTML, like Gecko) Chrome/45.0.2454.101 Safari/537.36"
141.8.142.74 - - [14/Mar/2016:08:20:21 +0200] "GET /wp-content/uploads/2015/11/1-660x344.png HTTP/1.1" 200 140589 "-" "Mozilla/5.0 (compatible; YandexImages/3.0; +http://yandex.com/bots)"
194.68.2.131 - - [14/Mar/2016:08:26:37 +0200] "GET /execute-all-packages-within-ssis-project-catalog/ HTTP/1.0" 200 43497 "http://blogs.selectsifiso.com/category/execute-package-task/" "Mozilla/5.0 (Windows NT 6.1; WOW64; Trident/7.0; managedpc; gdn/adcp; rv:11.0) like Gecko"
41.78.28.152 - - [14/Mar/2016:08:26:38 +0200] "POST /wp-cron.php?465a16b660ca40f346fc5a8baf6351e3&action=wysija_cron&process=bounce&silent=1 HTTP/1.0" 200 354 "-" "WordPress/4.4.2; http://blogs.selectsifiso.com"
194.68.2.131 - - [14/Mar/2016:08:26:44 +0200] "GET /wp-content/plugins/wysija-newsletters/css/validationEngine.jquery.css?ver=06820f499ad3078ba51bb8a3026295a9 HTTP/1.0" 200 302 "http://blogs.selectsifiso.com/execute-all-packages-within-ssis-project-catalog/" "Mozilla/5.0 (Windows NT 6.1; WOW64; Trident/7.0; managedpc; gdn/adcp; rv:11.0) like Gecko"
194.68.2.131 - - [14/Mar/2016:08:26:44 +0200] "GET /wp-content/plugins/simplified-social-share/oss-social-sharing/assets/css/oss-social-sharing-front.css?ver=06820f499ad3078ba51bb8a3026295a9 HTTP/1.0" 304 128 "http://blogs.selectsifiso.com/execute-all-packages-within-ssis-project-catalog/" "Mozilla/5.0 (Windows NT 6.1; WOW64; Trident/7.0; managedpc; gdn/adcp; rv:11.0) like Gecko"
194.68.2.131 - - [14/Mar/2016:08:26:44 +0200] "GET /wp-content/plugins/captcha/css/style.css?ver=06820f499ad3078ba51bb8a3026295a9 HTTP/1.0" 200 273 "http://blogs.selectsifiso.com/execute-all-packages-within-ssis-project-catalog/" "Mozilla/5.0 (Windows NT 6.1; WOW64; Trident/7.0; managedpc; gdn/adcp; rv:11.0) like Gecko"
194.68.2.131 - - [14/Mar/2016:08:26:44 +0200] "GET /wp-includes/css/dashicons.min.css?ver=06820f499ad3078ba51bb8a3026295a9 HTTP/1.0" 200 266 "http://blogs.selectsifiso.com/execute-all-packages-within-ssis-project-catalog/" "Mozilla/5.0 (Windows NT 6.1; WOW64; Trident/7.0; managedpc; gdn/adcp; rv:11.0) like Gecko"
194.68.2.131 - - [14/Mar/2016:08:26:44 +0200] "GET /wp-content/plugins/captcha/css/desktop_style.css?ver=06820f499ad3078ba51bb8a3026295a9 HTTP/1.0" 200 281 "http://blogs.selectsifiso.com/execute-all-packages-within-ssis-project-catalog/" "Mozilla/5.0 (Windows NT 6.1; WOW64; Trident/7.0; managedpc; gdn/adcp; rv:11.0) like Gecko"
194.68.2.131 - - [14/Mar/2016:08:26:45 +0200] "GET /wp-includes/js/wp-emoji-release.min.js?ver=06820f499ad3078ba51bb8a3026295a9 HTTP/1.0" 200 285 "http://blogs.selectsifiso.com/execute-all-packages-within-ssis-project-catalog/" "Mozilla/5.0 (Windows NT 6.1; WOW64; Trident/7.0; managedpc; gdn/adcp; rv:11.0) like Gecko"
194.68.2.131 - - [14/Mar/2016:08:26:45 +0200] "GET /wp-content/plugins/contact-form-7/includes/css/styles.css?ver=06820f499ad3078ba51bb8a3026295a9 HTTP/1.0" 200 290 "http://blogs.selectsifiso.com/execute-all-packages-within-ssis-project-catalog/" "Mozilla/5.0 (Windows NT 6.1; WOW64; Trident/7.0; managedpc; gdn/adcp; rv:11.0) like Gecko"
194.68.2.131 - - [14/Mar/2016:08:26:45 +0200] "GET /wp-content/plugins/page-views-count/assets/css/style.min.css?ver=06820f499ad3078ba51bb8a3026295a9 HTTP/1.0" 304 128 "http://blogs.selectsifiso.com/execute-all-packages-within-ssis-project-catalog/" "Mozilla/5.0 (Windows NT 6.1; WOW64; Trident/7.0; managedpc; gdn/adcp; rv:11.0) like Gecko"
194.68.2.131 - - [14/Mar/2016:08:26:45 +0200] "GET /wp-content/themes/iconic-one/style.css?ver=06820f499ad3078ba51bb8a3026295a9 HTTP/1.0" 200 271 "http://blogs.selectsifiso.com/execute-all-packages-within-ssis-project-catalog/" "Mozilla/5.0 (Windows NT 6.1; WOW64; Trident/7.0; managedpc; gdn/adcp; rv:11.0) like Gecko"
194.68.2.131 - - [14/Mar/2016:08:26:45 +0200] "GET /wp-content/themes/iconic-one/custom.css?ver=06820f499ad3078ba51bb8a3026295a9 HTTP/1.0" 304 127 "http://blogs.selectsifiso.com/execute-all-packages-within-ssis-project-catalog/" "Mozilla/5.0 (Windows NT 6.1; WOW64; Trident/7.0; managedpc; gdn/adcp; rv:11.0) like Gecko"
194.68.2.131 - - [14/Mar/2016:08:26:45 +0200] "GET /wp-content/plugins/tablepress/css/default.min.css?ver=06820f499ad3078ba51bb8a3026295a9 HTTP/1.0" 200 282 "http://blogs.selectsifiso.com/execute-all-packages-within-ssis-project-catalog/" "Mozilla/5.0 (Windows NT 6.1; WOW64; Trident/7.0; managedpc; gdn/adcp; rv:11.0) like Gecko"
194.68.2.131 - - [14/Mar/2016:08:26:45 +0200] "GET /wp-content/plugins/counterize/counterize.css.php?ver=06820f499ad3078ba51bb8a3026295a9 HTTP/1.0" 200 7180 "http://blogs.selectsifiso.com/execute-all-packages-within-ssis-project-catalog/" "Mozilla/5.0 (Windows NT 6.1; WOW64; Trident/7.0; managedpc; gdn/adcp; rv:11.0) like Gecko"
194.68.2.131 - - [14/Mar/2016:08:26:45 +0200] "GET /wp-includes/js/jquery/jquery.js?ver=06820f499ad3078ba51bb8a3026295a9 HTTP/1.0" 200 278 "http://blogs.selectsifiso.com/execute-all-packages-within-ssis-project-catalog/" "Mozilla/5.0 (Windows NT 6.1; WOW64; Trident/7.0; managedpc; gdn/adcp; rv:11.0) like Gecko"
194.68.2.131 - - [14/Mar/2016:08:26:45 +0200] "GET /wp-includes/js/jquery/jquery-migrate.min.js?ver=06820f499ad3078ba51bb8a3026295a9 HTTP/1.0" 200 290 "http://blogs.selectsifiso.com/execute-all-packages-within-ssis-project-catalog/" "Mozilla/5.0 (Windows NT 6.1; WOW64; Trident/7.0; managedpc; gdn/adcp; rv:11.0) like Gecko"
194.68.2.131 - - [14/Mar/2016:08:26:45 +0200] "GET /wp-content/plugins/captcha/js/front_end_script.js?ver=06820f499ad3078ba51bb8a3026295a9 HTTP/1.0" 304 128 "http://blogs.selectsifiso.com/execute-all-packages-within-ssis-project-catalog/" "Mozilla/5.0 (Windows NT 6.1; WOW64; Trident/7.0; managedpc; gdn/adcp; rv:11.0) like Gecko"
194.68.2.131 - - [14/Mar/2016:08:26:45 +0200] "GET /wp-includes/js/underscore.min.js?ver=06820f499ad3078ba51bb8a3026295a9 HTTP/1.0" 200 279 "http://blogs.selectsifiso.com/execute-all-packages-within-ssis-project-catalog/" "Mozilla/5.0 (Windows NT 6.1; WOW64; Trident/7.0; managedpc; gdn/adcp; rv:11.0) like Gecko"
194.68.2.131 - - [14/Mar/2016:08:26:45 +0200] "GET /wp-includes/js/backbone.min.js?ver=06820f499ad3078ba51bb8a3026295a9 HTTP/1.0" 200 277 "http://blogs.selectsifiso.com/execute-all-packages-within-ssis-project-catalog/" "Mozilla/5.0 (Windows NT 6.1; WOW64; Trident/7.0; managedpc; gdn/adcp; rv:11.0) like Gecko"
194.68.2.131 - - [14/Mar/2016:08:26:45 +0200] "GET /wp-content/plugins/page-views-count/assets/js/pvc.backbone.min.js?ver=06820f499ad3078ba51bb8a3026295a9 HTTP/1.0" 200 312 "http://blogs.selectsifiso.com/execute-all-packages-within-ssis-project-catalog/" "Mozilla/5.0 (Windows NT 6.1; WOW64; Trident/7.0; managedpc; gdn/adcp; rv:11.0) like Gecko"
194.68.2.131 - - [14/Mar/2016:08:26:46 +0200] "GET /wp-content/plugins/counterize/counterize.js.php?ver=06820f499ad3078ba51bb8a3026295a9 HTTP/1.0" 200 11428 "http://blogs.selectsifiso.com/execute-all-packages-within-ssis-project-catalog/" "Mozilla/5.0 (Windows NT 6.1; WOW64; Trident/7.0; managedpc; gdn/adcp; rv:11.0) like Gecko"
194.68.2.131 - - [14/Mar/2016:08:26:46 +0200] "GET /wp-content/plugins/akismet/_inc/form.js?ver=06820f499ad3078ba51bb8a3026295a9 HTTP/1.0" 304 128 "http://blogs.selectsifiso.com/execute-all-packages-within-ssis-project-catalog/" "Mozilla/5.0 (Windows NT 6.1; WOW64; Trident/7.0; managedpc; gdn/adcp; rv:11.0) like Gecko"
194.68.2.131 - - [14/Mar/2016:08:26:46 +0200] "GET /wp-content/plugins/contact-form-7/includes/js/jquery.form.min.js?ver=06820f499ad3078ba51bb8a3026295a9-2014.06.20 HTTP/1.0" 200 311 "http://blogs.selectsifiso.com/execute-all-packages-within-ssis-project-catalog/" "Mozilla/5.0 (Windows NT 6.1; WOW64; Trident/7.0; managedpc; gdn/adcp; rv:11.0) like Gecko"
194.68.2.131 - - [14/Mar/2016:08:26:46 +0200] "GET /wp-content/plugins/contact-form-7/includes/js/scripts.js?ver=06820f499ad3078ba51bb8a3026295a9 HTTP/1.0" 200 303 "http://blogs.selectsifiso.com/execute-all-packages-within-ssis-project-catalog/" "Mozilla/5.0 (Windows NT 6.1; WOW64; Trident/7.0; managedpc; gdn/adcp; rv:11.0) like Gecko"
194.68.2.131 - - [14/Mar/2016:08:26:46 +0200] "GET /wp-includes/js/comment-reply.min.js?ver=06820f499ad3078ba51bb8a3026295a9 HTTP/1.0" 200 282 "http://blogs.selectsifiso.com/execute-all-packages-within-ssis-project-catalog/" "Mozilla/5.0 (Windows NT 6.1; WOW64; Trident/7.0; managedpc; gdn/adcp; rv:11.0) like Gecko"
194.68.2.131 - - [14/Mar/2016:08:26:46 +0200] "GET /wp-content/themes/iconic-one/js/selectnav.js?ver=06820f499ad3078ba51bb8a3026295a9 HTTP/1.0" 200 291 "http://blogs.selectsifiso.com/execute-all-packages-within-ssis-project-catalog/" "Mozilla/5.0 (Windows NT 6.1; WOW64; Trident/7.0; managedpc; gdn/adcp; rv:11.0) like Gecko"
194.68.2.131 - - [14/Mar/2016:08:26:46 +0200] "GET /wp-includes/js/wp-embed.min.js?ver=06820f499ad3078ba51bb8a3026295a9 HTTP/1.0" 200 277 "http://blogs.selectsifiso.com/execute-all-packages-within-ssis-project-catalog/" "Mozilla/5.0 (Windows NT 6.1; WOW64; Trident/7.0; managedpc; gdn/adcp; rv:11.0) like Gecko"
194.68.2.131 - - [14/Mar/2016:08:26:46 +0200] "GET /wp-content/plugins/simplified-social-share/oss-social-sharing/assets/js/oss_share.js?ver=06820f499ad3078ba51bb8a3026295a9 HTTP/1.0" 304 127 "http://blogs.selectsifiso.com/execute-all-packages-within-ssis-project-catalog/" "Mozilla/5.0 (Windows NT 6.1; WOW64; Trident/7.0; managedpc; gdn/adcp; rv:11.0) like Gecko"
194.68.2.131 - - [14/Mar/2016:08:26:46 +0200] "GET /wp-content/uploads/2015/09/selectSIFISOforBlogsNew.png HTTP/1.0" 200 288 "http://blogs.selectsifiso.com/execute-all-packages-within-ssis-project-catalog/" "Mozilla/5.0 (Windows NT 6.1; WOW64; Trident/7.0; managedpc; gdn/adcp; rv:11.0) like Gecko"
194.68.2.131 - - [14/Mar/2016:08:26:46 +0200] "GET /wp-content/themes/iconic-one/img/twitter.png HTTP/1.0" 304 128 "http://blogs.selectsifiso.com/execute-all-packages-within-ssis-project-catalog/" "Mozilla/5.0 (Windows NT 6.1; WOW64; Trident/7.0; managedpc; gdn/adcp; rv:11.0) like Gecko"
194.68.2.131 - - [14/Mar/2016:08:26:46 +0200] "GET /wp-content/themes/iconic-one/img/facebook.png HTTP/1.0" 304 127 "http://blogs.selectsifiso.com/execute-all-packages-within-ssis-project-catalog/" "Mozilla/5.0 (Windows NT 6.1; WOW64; Trident/7.0; managedpc; gdn/adcp; rv:11.0) like Gecko"
194.68.2.131 - - [14/Mar/2016:08:26:46 +0200] "GET /wp-content/themes/iconic-one/img/gplus.png HTTP/1.0" 304 128 "http://blogs.selectsifiso.com/execute-all-packages-within-ssis-project-catalog/" "Mozilla/5.0 (Windows NT 6.1; WOW64; Trident/7.0; managedpc; gdn/adcp; rv:11.0) like Gecko"
194.68.2.131 - - [14/Mar/2016:08:26:46 +0200] "GET /wp-content/themes/iconic-one/img/rss.png HTTP/1.0" 304 128 "http://blogs.selectsifiso.com/execute-all-packages-within-ssis-project-catalog/" "Mozilla/5.0 (Windows NT 6.1; WOW64; Trident/7.0; managedpc; gdn/adcp; rv:11.0) like Gecko"
194.68.2.131 - - [14/Mar/2016:08:26:47 +0200] "GET /wp-content/plugins/page-views-count/ajax-loader.gif HTTP/1.0" 304 128 "http://blogs.selectsifiso.com/execute-all-packages-within-ssis-project-catalog/" "Mozilla/5.0 (Windows NT 6.1; WOW64; Trident/7.0; managedpc; gdn/adcp; rv:11.0) like Gecko"
194.68.2.131 - - [14/Mar/2016:08:26:47 +0200] "GET /wp-content/uploads/sw_ndlovu-144x150.png HTTP/1.0" 200 274 "http://blogs.selectsifiso.com/execute-all-packages-within-ssis-project-catalog/" "Mozilla/5.0 (Windows NT 6.1; WOW64; Trident/7.0; managedpc; gdn/adcp; rv:11.0) like Gecko"
194.68.2.131 - - [14/Mar/2016:08:26:47 +0200] "GET /wp-content/plugins/social-autho-bio/images/Wordpress.png HTTP/1.0" 200 290 "http://blogs.selectsifiso.com/execute-all-packages-within-ssis-project-catalog/" "Mozilla/5.0 (Windows NT 6.1; WOW64; Trident/7.0; managedpc; gdn/adcp; rv:11.0) like Gecko"
194.68.2.131 - - [14/Mar/2016:08:26:47 +0200] "GET /wp-includes/fonts/dashicons.eot HTTP/1.0" 200 285 "http://blogs.selectsifiso.com/execute-all-packages-within-ssis-project-catalog/" "Mozilla/5.0 (Windows NT 6.1; WOW64; Trident/7.0; managedpc; gdn/adcp; rv:11.0) like Gecko"
194.68.2.131 - - [14/Mar/2016:08:26:47 +0200] "GET /wp-content/plugins/page-views-count/chart-bar.png HTTP/1.0" 304 128 "http://blogs.selectsifiso.com/execute-all-packages-within-ssis-project-catalog/" "Mozilla/5.0 (Windows NT 6.1; WOW64; Trident/7.0; managedpc; gdn/adcp; rv:11.0) like Gecko"
194.68.2.131 - - [14/Mar/2016:08:26:47 +0200] "GET /wp-admin/admin-ajax.php?action=pvc_backbone_load_stats&post_ids%5B1112%5D%5Bpost_id%5D=1112&post_ids%5B1112%5D%5Bask_update%5D=true HTTP/1.0" 200 399 "http://blogs.selectsifiso.com/execute-all-packages-within-ssis-project-catalog/" "Mozilla/5.0 (Windows NT 6.1; WOW64; Trident/7.0; managedpc; gdn/adcp; rv:11.0) like Gecko"
79.166.135.15 - - [14/Mar/2016:08:29:21 +0200] "GET /wp-content/plugins/page-views-count/ajax-loader.gif HTTP/1.0" 200 1190 "http://s3.feedly.com/production/head/" "Mozilla/5.0 (Windows NT 10.0; WOW64) AppleWebKit/537.36 (KHTML, like Gecko) Chrome/48.0.2564.116 Safari/537.36"
194.68.2.131 - - [14/Mar/2016:08:26:44 +0200] "GET /wp-content/plugins/wysija-newsletters/css/validationEngine.jquery.css?ver=06820f499ad3078ba51bb8a3026295a9 HTTP/1.1" 304 0 "http://blogs.selectsifiso.com/execute-all-packages-within-ssis-project-catalog/" "Mozilla/5.0 (Windows NT 6.1; WOW64; Trident/7.0; managedpc; gdn/adcp; rv:11.0) like Gecko"
194.68.2.131 - - [14/Mar/2016:08:26:44 +0200] "GET /wp-content/plugins/captcha/css/style.css?ver=06820f499ad3078ba51bb8a3026295a9 HTTP/1.1" 304 0 "http://blogs.selectsifiso.com/execute-all-packages-within-ssis-project-catalog/" "Mozilla/5.0 (Windows NT 6.1; WOW64; Trident/7.0; managedpc; gdn/adcp; rv:11.0) like Gecko"
194.68.2.131 - - [14/Mar/2016:08:26:44 +0200] "GET /wp-includes/css/dashicons.min.css?ver=06820f499ad3078ba51bb8a3026295a9 HTTP/1.1" 304 0 "http://blogs.selectsifiso.com/execute-all-packages-within-ssis-project-catalog/" "Mozilla/5.0 (Windows NT 6.1; WOW64; Trident/7.0; managedpc; gdn/adcp; rv:11.0) like Gecko"
194.68.2.131 - - [14/Mar/2016:08:26:44 +0200] "GET /wp-content/plugins/captcha/css/desktop_style.css?ver=06820f499ad3078ba51bb8a3026295a9 HTTP/1.1" 304 0 "http://blogs.selectsifiso.com/execute-all-packages-within-ssis-project-catalog/" "Mozilla/5.0 (Windows NT 6.1; WOW64; Trident/7.0; managedpc; gdn/adcp; rv:11.0) like Gecko"
194.68.2.131 - - [14/Mar/2016:08:26:45 +0200] "GET /wp-includes/js/wp-emoji-release.min.js?ver=06820f499ad3078ba51bb8a3026295a9 HTTP/1.1" 304 0 "http://blogs.selectsifiso.com/execute-all-packages-within-ssis-project-catalog/" "Mozilla/5.0 (Windows NT 6.1; WOW64; Trident/7.0; managedpc; gdn/adcp; rv:11.0) like Gecko"
194.68.2.131 - - [14/Mar/2016:08:26:45 +0200] "GET /wp-content/plugins/contact-form-7/includes/css/styles.css?ver=06820f499ad3078ba51bb8a3026295a9 HTTP/1.1" 304 0 "http://blogs.selectsifiso.com/execute-all-packages-within-ssis-project-catalog/" "Mozilla/5.0 (Windows NT 6.1; WOW64; Trident/7.0; managedpc; gdn/adcp; rv:11.0) like Gecko"
194.68.2.131 - - [14/Mar/2016:08:26:45 +0200] "GET /wp-content/themes/iconic-one/style.css?ver=06820f499ad3078ba51bb8a3026295a9 HTTP/1.1" 304 0 "http://blogs.selectsifiso.com/execute-all-packages-within-ssis-project-catalog/" "Mozilla/5.0 (Windows NT 6.1; WOW64; Trident/7.0; managedpc; gdn/adcp; rv:11.0) like Gecko"
194.68.2.131 - - [14/Mar/2016:08:26:45 +0200] "GET /wp-content/plugins/tablepress/css/default.min.css?ver=06820f499ad3078ba51bb8a3026295a9 HTTP/1.1" 304 0 "http://blogs.selectsifiso.com/execute-all-packages-within-ssis-project-catalog/" "Mozilla/5.0 (Windows NT 6.1; WOW64; Trident/7.0; managedpc; gdn/adcp; rv:11.0) like Gecko"
194.68.2.131 - - [14/Mar/2016:08:26:45 +0200] "GET /wp-includes/js/jquery/jquery.js?ver=06820f499ad3078ba51bb8a3026295a9 HTTP/1.1" 304 0 "http://blogs.selectsifiso.com/execute-all-packages-within-ssis-project-catalog/" "Mozilla/5.0 (Windows NT 6.1; WOW64; Trident/7.0; managedpc; gdn/adcp; rv:11.0) like Gecko"
194.68.2.131 - - [14/Mar/2016:08:26:45 +0200] "GET /wp-includes/js/jquery/jquery-migrate.min.js?ver=06820f499ad3078ba51bb8a3026295a9 HTTP/1.1" 304 0 "http://blogs.selectsifiso.com/execute-all-packages-within-ssis-project-catalog/" "Mozilla/5.0 (Windows NT 6.1; WOW64; Trident/7.0; managedpc; gdn/adcp; rv:11.0) like Gecko"
194.68.2.131 - - [14/Mar/2016:08:26:45 +0200] "GET /wp-includes/js/underscore.min.js?ver=06820f499ad3078ba51bb8a3026295a9 HTTP/1.1" 304 0 "http://blogs.selectsifiso.com/execute-all-packages-within-ssis-project-catalog/" "Mozilla/5.0 (Windows NT 6.1; WOW64; Trident/7.0; managedpc; gdn/adcp; rv:11.0) like Gecko"
194.68.2.131 - - [14/Mar/2016:08:26:45 +0200] "GET /wp-includes/js/backbone.min.js?ver=06820f499ad3078ba51bb8a3026295a9 HTTP/1.1" 304 0 "http://blogs.selectsifiso.com/execute-all-packages-within-ssis-project-catalog/" "Mozilla/5.0 (Windows NT 6.1; WOW64; Trident/7.0; managedpc; gdn/adcp; rv:11.0) like Gecko"
194.68.2.131 - - [14/Mar/2016:08:26:45 +0200] "GET /wp-content/plugins/page-views-count/assets/js/pvc.backbone.min.js?ver=06820f499ad3078ba51bb8a3026295a9 HTTP/1.1" 304 0 "http://blogs.selectsifiso.com/execute-all-packages-within-ssis-project-catalog/" "Mozilla/5.0 (Windows NT 6.1; WOW64; Trident/7.0; managedpc; gdn/adcp; rv:11.0) like Gecko"
194.68.2.131 - - [14/Mar/2016:08:26:46 +0200] "GET /wp-content/plugins/contact-form-7/includes/js/jquery.form.min.js?ver=06820f499ad3078ba51bb8a3026295a9-2014.06.20 HTTP/1.1" 304 0 "http://blogs.selectsifiso.com/execute-all-packages-within-ssis-project-catalog/" "Mozilla/5.0 (Windows NT 6.1; WOW64; Trident/7.0; managedpc; gdn/adcp; rv:11.0) like Gecko"
194.68.2.131 - - [14/Mar/2016:08:26:46 +0200] "GET /wp-content/plugins/contact-form-7/includes/js/scripts.js?ver=06820f499ad3078ba51bb8a3026295a9 HTTP/1.1" 304 0 "http://blogs.selectsifiso.com/execute-all-packages-within-ssis-project-catalog/" "Mozilla/5.0 (Windows NT 6.1; WOW64; Trident/7.0; managedpc; gdn/adcp; rv:11.0) like Gecko"
194.68.2.131 - - [14/Mar/2016:08:26:46 +0200] "GET /wp-includes/js/comment-reply.min.js?ver=06820f499ad3078ba51bb8a3026295a9 HTTP/1.1" 304 0 "http://blogs.selectsifiso.com/execute-all-packages-within-ssis-project-catalog/" "Mozilla/5.0 (Windows NT 6.1; WOW64; Trident/7.0; managedpc; gdn/adcp; rv:11.0) like Gecko"
194.68.2.131 - - [14/Mar/2016:08:26:46 +0200] "GET /wp-content/themes/iconic-one/js/selectnav.js?ver=06820f499ad3078ba51bb8a3026295a9 HTTP/1.1" 304 0 "http://blogs.selectsifiso.com/execute-all-packages-within-ssis-project-catalog/" "Mozilla/5.0 (Windows NT 6.1; WOW64; Trident/7.0; managedpc; gdn/adcp; rv:11.0) like Gecko"
194.68.2.131 - - [14/Mar/2016:08:26:46 +0200] "GET /wp-includes/js/wp-embed.min.js?ver=06820f499ad3078ba51bb8a3026295a9 HTTP/1.1" 304 0 "http://blogs.selectsifiso.com/execute-all-packages-within-ssis-project-catalog/" "Mozilla/5.0 (Windows NT 6.1; WOW64; Trident/7.0; managedpc; gdn/adcp; rv:11.0) like Gecko"
194.68.2.131 - - [14/Mar/2016:08:26:46 +0200] "GET /wp-content/uploads/2015/09/selectSIFISOforBlogsNew.png HTTP/1.1" 304 0 "http://blogs.selectsifiso.com/execute-all-packages-within-ssis-project-catalog/" "Mozilla/5.0 (Windows NT 6.1; WOW64; Trident/7.0; managedpc; gdn/adcp; rv:11.0) like Gecko"
194.68.2.131 - - [14/Mar/2016:08:26:47 +0200] "GET /wp-content/uploads/sw_ndlovu-144x150.png HTTP/1.1" 304 0 "http://blogs.selectsifiso.com/execute-all-packages-within-ssis-project-catalog/" "Mozilla/5.0 (Windows NT 6.1; WOW64; Trident/7.0; managedpc; gdn/adcp; rv:11.0) like Gecko"
194.68.2.131 - - [14/Mar/2016:08:26:47 +0200] "GET /wp-content/plugins/social-autho-bio/images/Wordpress.png HTTP/1.1" 304 0 "http://blogs.selectsifiso.com/execute-all-packages-within-ssis-project-catalog/" "Mozilla/5.0 (Windows NT 6.1; WOW64; Trident/7.0; managedpc; gdn/adcp; rv:11.0) like Gecko"
194.68.2.131 - - [14/Mar/2016:08:26:47 +0200] "GET /wp-includes/fonts/dashicons.eot HTTP/1.1" 304 0 "http://blogs.selectsifiso.com/execute-all-packages-within-ssis-project-catalog/" "Mozilla/5.0 (Windows NT 6.1; WOW64; Trident/7.0; managedpc; gdn/adcp; rv:11.0) like Gecko"
82.212.89.227 - - [14/Mar/2016:08:35:54 +0200] "GET / HTTP/1.0" 200 10464 "-" "Mozilla/5.0 (Windows NT 10.0; WOW64) AppleWebKit/537.36 (KHTML, like Gecko) Chrome/49.0.2623.75 Safari/537.36"
82.212.89.227 - - [14/Mar/2016:08:35:56 +0200] "GET /wp-content/plugins/wysija-newsletters/css/validationEngine.jquery.css?ver=06820f499ad3078ba51bb8a3026295a9 HTTP/1.0" 200 302 "http://blogs.selectsifiso.com/" "Mozilla/5.0 (Windows NT 10.0; WOW64) AppleWebKit/537.36 (KHTML, like Gecko) Chrome/49.0.2623.75 Safari/537.36"
82.212.89.227 - - [14/Mar/2016:08:35:56 +0200] "GET /wp-content/plugins/captcha/css/style.css?ver=06820f499ad3078ba51bb8a3026295a9 HTTP/1.0" 200 273 "http://blogs.selectsifiso.com/" "Mozilla/5.0 (Windows NT 10.0; WOW64) AppleWebKit/537.36 (KHTML, like Gecko) Chrome/49.0.2623.75 Safari/537.36"
82.212.89.227 - - [14/Mar/2016:08:35:56 +0200] "GET /wp-content/plugins/simplified-social-share/oss-social-sharing/assets/css/oss-social-sharing-front.css?ver=06820f499ad3078ba51bb8a3026295a9 HTTP/1.0" 200 754 "http://blogs.selectsifiso.com/" "Mozilla/5.0 (Windows NT 10.0; WOW64) AppleWebKit/537.36 (KHTML, like Gecko) Chrome/49.0.2623.75 Safari/537.36"
82.212.89.227 - - [14/Mar/2016:08:35:58 +0200] "GET /wp-includes/css/dashicons.min.css?ver=06820f499ad3078ba51bb8a3026295a9 HTTP/1.0" 200 266 "http://blogs.selectsifiso.com/" "Mozilla/5.0 (Windows NT 10.0; WOW64) AppleWebKit/537.36 (KHTML, like Gecko) Chrome/49.0.2623.75 Safari/537.36"
82.212.89.227 - - [14/Mar/2016:08:35:58 +0200] "GET /wp-content/plugins/contact-form-7/includes/css/styles.css?ver=06820f499ad3078ba51bb8a3026295a9 HTTP/1.0" 200 290 "http://blogs.selectsifiso.com/" "Mozilla/5.0 (Windows NT 10.0; WOW64) AppleWebKit/537.36 (KHTML, like Gecko) Chrome/49.0.2623.75 Safari/537.36"
82.212.89.227 - - [14/Mar/2016:08:35:58 +0200] "GET /wp-content/plugins/captcha/css/desktop_style.css?ver=06820f499ad3078ba51bb8a3026295a9 HTTP/1.0" 200 281 "http://blogs.selectsifiso.com/" "Mozilla/5.0 (Windows NT 10.0; WOW64) AppleWebKit/537.36 (KHTML, like Gecko) Chrome/49.0.2623.75 Safari/537.36"
82.212.89.227 - - [14/Mar/2016:08:35:58 +0200] "GET /wp-content/plugins/page-views-count/assets/css/style.min.css?ver=06820f499ad3078ba51bb8a3026295a9 HTTP/1.0" 200 509 "http://blogs.selectsifiso.com/" "Mozilla/5.0 (Windows NT 10.0; WOW64) AppleWebKit/537.36 (KHTML, like Gecko) Chrome/49.0.2623.75 Safari/537.36"
82.212.89.227 - - [14/Mar/2016:08:35:58 +0200] "GET /wp-content/themes/iconic-one/style.css?ver=06820f499ad3078ba51bb8a3026295a9 HTTP/1.0" 200 271 "http://blogs.selectsifiso.com/" "Mozilla/5.0 (Windows NT 10.0; WOW64) AppleWebKit/537.36 (KHTML, like Gecko) Chrome/49.0.2623.75 Safari/537.36"
82.212.89.227 - - [14/Mar/2016:08:35:58 +0200] "GET /wp-content/themes/iconic-one/custom.css?ver=06820f499ad3078ba51bb8a3026295a9 HTTP/1.0" 200 408 "http://blogs.selectsifiso.com/" "Mozilla/5.0 (Windows NT 10.0; WOW64) AppleWebKit/537.36 (KHTML, like Gecko) Chrome/49.0.2623.75 Safari/537.36"
82.212.89.227 - - [14/Mar/2016:08:35:59 +0200] "GET /wp-content/plugins/tablepress/css/default.min.css?ver=06820f499ad3078ba51bb8a3026295a9 HTTP/1.0" 200 282 "http://blogs.selectsifiso.com/" "Mozilla/5.0 (Windows NT 10.0; WOW64) AppleWebKit/537.36 (KHTML, like Gecko) Chrome/49.0.2623.75 Safari/537.36"
82.212.89.227 - - [14/Mar/2016:08:35:59 +0200] "GET /wp-includes/js/jquery/jquery.js?ver=06820f499ad3078ba51bb8a3026295a9 HTTP/1.0" 200 278 "http://blogs.selectsifiso.com/" "Mozilla/5.0 (Windows NT 10.0; WOW64) AppleWebKit/537.36 (KHTML, like Gecko) Chrome/49.0.2623.75 Safari/537.36"
82.212.89.227 - - [14/Mar/2016:08:35:59 +0200] "GET /wp-content/plugins/counterize/counterize.css.php?ver=06820f499ad3078ba51bb8a3026295a9 HTTP/1.0" 200 1373 "http://blogs.selectsifiso.com/" "Mozilla/5.0 (Windows NT 10.0; WOW64) AppleWebKit/537.36 (KHTML, like Gecko) Chrome/49.0.2623.75 Safari/537.36"
82.212.89.227 - - [14/Mar/2016:08:35:59 +0200] "GET /wp-includes/js/jquery/jquery-migrate.min.js?ver=06820f499ad3078ba51bb8a3026295a9 HTTP/1.0" 200 290 "http://blogs.selectsifiso.com/" "Mozilla/5.0 (Windows NT 10.0; WOW64) AppleWebKit/537.36 (KHTML, like Gecko) Chrome/49.0.2623.75 Safari/537.36"
82.212.89.227 - - [14/Mar/2016:08:36:00 +0200] "GET /wp-content/plugins/captcha/js/front_end_script.js?ver=06820f499ad3078ba51bb8a3026295a9 HTTP/1.0" 200 790 "http://blogs.selectsifiso.com/" "Mozilla/5.0 (Windows NT 10.0; WOW64) AppleWebKit/537.36 (KHTML, like Gecko) Chrome/49.0.2623.75 Safari/537.36"
82.212.89.227 - - [14/Mar/2016:08:36:00 +0200] "GET /wp-includes/js/underscore.min.js?ver=06820f499ad3078ba51bb8a3026295a9 HTTP/1.0" 200 279 "http://blogs.selectsifiso.com/" "Mozilla/5.0 (Windows NT 10.0; WOW64) AppleWebKit/537.36 (KHTML, like Gecko) Chrome/49.0.2623.75 Safari/537.36"
82.212.89.227 - - [14/Mar/2016:08:36:00 +0200] "GET /wp-includes/js/backbone.min.js?ver=06820f499ad3078ba51bb8a3026295a9 HTTP/1.0" 200 277 "http://blogs.selectsifiso.com/" "Mozilla/5.0 (Windows NT 10.0; WOW64) AppleWebKit/537.36 (KHTML, like Gecko) Chrome/49.0.2623.75 Safari/537.36"
82.212.89.227 - - [14/Mar/2016:08:36:00 +0200] "GET /wp-content/plugins/page-views-count/assets/js/pvc.backbone.min.js?ver=06820f499ad3078ba51bb8a3026295a9 HTTP/1.0" 200 312 "http://blogs.selectsifiso.com/" "Mozilla/5.0 (Windows NT 10.0; WOW64) AppleWebKit/537.36 (KHTML, like Gecko) Chrome/49.0.2623.75 Safari/537.36"
82.212.89.227 - - [14/Mar/2016:08:36:00 +0200] "GET /wp-content/plugins/contact-form-7/includes/js/jquery.form.min.js?ver=06820f499ad3078ba51bb8a3026295a9-2014.06.20 HTTP/1.0" 200 311 "http://blogs.selectsifiso.com/" "Mozilla/5.0 (Windows NT 10.0; WOW64) AppleWebKit/537.36 (KHTML, like Gecko) Chrome/49.0.2623.75 Safari/537.36"
82.212.89.227 - - [14/Mar/2016:08:36:00 +0200] "GET /wp-content/plugins/counterize/counterize.js.php?ver=06820f499ad3078ba51bb8a3026295a9 HTTP/1.0" 200 11428 "http://blogs.selectsifiso.com/" "Mozilla/5.0 (Windows NT 10.0; WOW64) AppleWebKit/537.36 (KHTML, like Gecko) Chrome/49.0.2623.75 Safari/537.36"
82.212.89.227 - - [14/Mar/2016:08:36:01 +0200] "GET /wp-content/plugins/contact-form-7/includes/js/scripts.js?ver=06820f499ad3078ba51bb8a3026295a9 HTTP/1.0" 200 303 "http://blogs.selectsifiso.com/" "Mozilla/5.0 (Windows NT 10.0; WOW64) AppleWebKit/537.36 (KHTML, like Gecko) Chrome/49.0.2623.75 Safari/537.36"
82.212.89.227 - - [14/Mar/2016:08:36:01 +0200] "GET /wp-content/themes/iconic-one/js/selectnav.js?ver=06820f499ad3078ba51bb8a3026295a9 HTTP/1.0" 200 291 "http://blogs.selectsifiso.com/" "Mozilla/5.0 (Windows NT 10.0; WOW64) AppleWebKit/537.36 (KHTML, like Gecko) Chrome/49.0.2623.75 Safari/537.36"
82.212.89.227 - - [14/Mar/2016:08:36:01 +0200] "GET /wp-includes/js/wp-embed.min.js?ver=06820f499ad3078ba51bb8a3026295a9 HTTP/1.0" 200 277 "http://blogs.selectsifiso.com/" "Mozilla/5.0 (Windows NT 10.0; WOW64) AppleWebKit/537.36 (KHTML, like Gecko) Chrome/49.0.2623.75 Safari/537.36"
82.212.89.227 - - [14/Mar/2016:08:36:01 +0200] "GET /wp-content/plugins/simplified-social-share/oss-social-sharing/assets/js/oss_share.js?ver=06820f499ad3078ba51bb8a3026295a9 HTTP/1.0" 200 488 "http://blogs.selectsifiso.com/" "Mozilla/5.0 (Windows NT 10.0; WOW64) AppleWebKit/537.36 (KHTML, like Gecko) Chrome/49.0.2623.75 Safari/537.36"
82.212.89.227 - - [14/Mar/2016:08:36:02 +0200] "GET /wp-includes/js/wp-emoji-release.min.js?ver=06820f499ad3078ba51bb8a3026295a9 HTTP/1.0" 200 285 "http://blogs.selectsifiso.com/" "Mozilla/5.0 (Windows NT 10.0; WOW64) AppleWebKit/537.36 (KHTML, like Gecko) Chrome/49.0.2623.75 Safari/537.36"
82.212.89.227 - - [14/Mar/2016:08:36:03 +0200] "GET /wp-content/uploads/2015/09/selectSIFISOforBlogsNew.png HTTP/1.0" 200 288 "http://blogs.selectsifiso.com/" "Mozilla/5.0 (Windows NT 10.0; WOW64) AppleWebKit/537.36 (KHTML, like Gecko) Chrome/49.0.2623.75 Safari/537.36"
82.212.89.227 - - [14/Mar/2016:08:36:03 +0200] "GET /wp-content/themes/iconic-one/img/twitter.png HTTP/1.0" 200 568 "http://blogs.selectsifiso.com/" "Mozilla/5.0 (Windows NT 10.0; WOW64) AppleWebKit/537.36 (KHTML, like Gecko) Chrome/49.0.2623.75 Safari/537.36"
82.212.89.227 - - [14/Mar/2016:08:36:03 +0200] "GET /wp-content/themes/iconic-one/img/facebook.png HTTP/1.0" 200 505 "http://blogs.selectsifiso.com/" "Mozilla/5.0 (Windows NT 10.0; WOW64) AppleWebKit/537.36 (KHTML, like Gecko) Chrome/49.0.2623.75 Safari/537.36"
82.212.89.227 - - [14/Mar/2016:08:36:03 +0200] "GET /wp-content/themes/iconic-one/img/rss.png HTTP/1.0" 200 644 "http://blogs.selectsifiso.com/" "Mozilla/5.0 (Windows NT 10.0; WOW64) AppleWebKit/537.36 (KHTML, like Gecko) Chrome/49.0.2623.75 Safari/537.36"
82.212.89.227 - - [14/Mar/2016:08:36:03 +0200] "GET /wp-content/themes/iconic-one/img/gplus.png HTTP/1.0" 200 1247 "http://blogs.selectsifiso.com/" "Mozilla/5.0 (Windows NT 10.0; WOW64) AppleWebKit/537.36 (KHTML, like Gecko) Chrome/49.0.2623.75 Safari/537.36"
82.212.89.227 - - [14/Mar/2016:08:36:03 +0200] "GET /wp-content/plugins/page-views-count/ajax-loader.gif HTTP/1.0" 200 1190 "http://blogs.selectsifiso.com/" "Mozilla/5.0 (Windows NT 10.0; WOW64) AppleWebKit/537.36 (KHTML, like Gecko) Chrome/49.0.2623.75 Safari/537.36"
82.212.89.227 - - [14/Mar/2016:08:36:04 +0200] "GET /wp-content/plugins/page-views-count/chart-bar.png HTTP/1.0" 200 820 "http://blogs.selectsifiso.com/wp-content/plugins/page-views-count/assets/css/style.min.css?ver=06820f499ad3078ba51bb8a3026295a9" "Mozilla/5.0 (Windows NT 10.0; WOW64) AppleWebKit/537.36 (KHTML, like Gecko) Chrome/49.0.2623.75 Safari/537.36"
82.212.89.227 - - [14/Mar/2016:08:36:05 +0200] "GET /favicon.ico HTTP/1.0" 200 260 "http://blogs.selectsifiso.com/" "Mozilla/5.0 (Windows NT 10.0; WOW64) AppleWebKit/537.36 (KHTML, like Gecko) Chrome/49.0.2623.75 Safari/537.36"
41.78.28.152 - - [14/Mar/2016:08:36:04 +0200] "POST /wp-cron.php?465a16b660ca40f346fc5a8baf6351e3&action=wysija_cron&process=bounce&silent=1 HTTP/1.0" 200 354 "-" "WordPress/4.4.2; http://blogs.selectsifiso.com"
82.212.89.227 - - [14/Mar/2016:08:36:03 +0200] "GET /wp-admin/admin-ajax.php?action=pvc_backbone_load_stats&post_ids%5B1043%5D%5Bpost_id%5D=1043&post_ids%5B1043%5D%5Bask_update%5D=false&post_ids%5B1112%5D%5Bpost_id%5D=1112&post_ids%5B1112%5D%5Bask_update%5D=false&post_ids%5B1136%5D%5Bpost_id%5D=1136&post_ids%5B1136%5D%5Bask_update%5D=false&post_ids%5B1188%5D%5Bpost_id%5D=1188&post_ids%5B1188%5D%5Bask_update%5D=false&post_ids%5B1196%5D%5Bpost_id%5D=1196&post_ids%5B1196%5D%5Bask_update%5D=false&post_ids%5B1204%5D%5Bpost_id%5D=1204&post_ids%5B1204%5D%5Bask_update%5D=false HTTP/1.0" 200 674 "http://blogs.selectsifiso.com/" "Mozilla/5.0 (Windows NT 10.0; WOW64) AppleWebKit/537.36 (KHTML, like Gecko) Chrome/49.0.2623.75 Safari/537.36"
41.78.28.152 - - [14/Mar/2016:08:36:05 +0200] "POST /wp-cron.php?doing_wp_cron=1457937365.3070769309997558593750 HTTP/1.0" 200 354 "-" "WordPress/4.4.2; http://blogs.selectsifiso.com"
66.249.65.33 - - [14/Mar/2016:08:37:48 +0200] "GET /programmatically-create-data-flow-task-inside-a-sequence-container-using-c/ HTTP/1.0" 200 14007 "-" "Mozilla/5.0 (compatible; Googlebot/2.1; +http://www.google.com/bot.html)"
41.78.28.152 - - [14/Mar/2016:08:37:49 +0200] "POST /wp-cron.php?doing_wp_cron=1457937469.9433701038360595703125 HTTP/1.0" 200 354 "-" "WordPress/4.4.2; http://blogs.selectsifiso.com"
82.212.89.227 - - [14/Mar/2016:08:35:56 +0200] "GET /wp-content/plugins/wysija-newsletters/css/validationEngine.jquery.css?ver=06820f499ad3078ba51bb8a3026295a9 HTTP/1.1" 200 4685 "http://blogs.selectsifiso.com/" "Mozilla/5.0 (Windows NT 10.0; WOW64) AppleWebKit/537.36 (KHTML, like Gecko) Chrome/49.0.2623.75 Safari/537.36"
82.212.89.227 - - [14/Mar/2016:08:35:56 +0200] "GET /wp-content/plugins/captcha/css/style.css?ver=06820f499ad3078ba51bb8a3026295a9 HTTP/1.1" 200 3001 "http://blogs.selectsifiso.com/" "Mozilla/5.0 (Windows NT 10.0; WOW64) AppleWebKit/537.36 (KHTML, like Gecko) Chrome/49.0.2623.75 Safari/537.36"
82.212.89.227 - - [14/Mar/2016:08:35:58 +0200] "GET /wp-includes/css/dashicons.min.css?ver=06820f499ad3078ba51bb8a3026295a9 HTTP/1.1" 200 46136 "http://blogs.selectsifiso.com/" "Mozilla/5.0 (Windows NT 10.0; WOW64) AppleWebKit/537.36 (KHTML, like Gecko) Chrome/49.0.2623.75 Safari/537.36"
82.212.89.227 - - [14/Mar/2016:08:35:58 +0200] "GET /wp-content/plugins/contact-form-7/includes/css/styles.css?ver=06820f499ad3078ba51bb8a3026295a9 HTTP/1.1" 200 1099 "http://blogs.selectsifiso.com/" "Mozilla/5.0 (Windows NT 10.0; WOW64) AppleWebKit/537.36 (KHTML, like Gecko) Chrome/49.0.2623.75 Safari/537.36"
82.212.89.227 - - [14/Mar/2016:08:35:58 +0200] "GET /wp-content/plugins/captcha/css/desktop_style.css?ver=06820f499ad3078ba51bb8a3026295a9 HTTP/1.1" 200 1615 "http://blogs.selectsifiso.com/" "Mozilla/5.0 (Windows NT 10.0; WOW64) AppleWebKit/537.36 (KHTML, like Gecko) Chrome/49.0.2623.75 Safari/537.36"
82.212.89.227 - - [14/Mar/2016:08:35:58 +0200] "GET /wp-content/themes/iconic-one/style.css?ver=06820f499ad3078ba51bb8a3026295a9 HTTP/1.1" 200 34711 "http://blogs.selectsifiso.com/" "Mozilla/5.0 (Windows NT 10.0; WOW64) AppleWebKit/537.36 (KHTML, like Gecko) Chrome/49.0.2623.75 Safari/537.36"
82.212.89.227 - - [14/Mar/2016:08:35:59 +0200] "GET /wp-content/plugins/tablepress/css/default.min.css?ver=06820f499ad3078ba51bb8a3026295a9 HTTP/1.1" 200 5606 "http://blogs.selectsifiso.com/" "Mozilla/5.0 (Windows NT 10.0; WOW64) AppleWebKit/537.36 (KHTML, like Gecko) Chrome/49.0.2623.75 Safari/537.36"
82.212.89.227 - - [14/Mar/2016:08:35:59 +0200] "GET /wp-includes/js/jquery/jquery-migrate.min.js?ver=06820f499ad3078ba51bb8a3026295a9 HTTP/1.1" 200 7200 "http://blogs.selectsifiso.com/" "Mozilla/5.0 (Windows NT 10.0; WOW64) AppleWebKit/537.36 (KHTML, like Gecko) Chrome/49.0.2623.75 Safari/537.36"
82.212.89.227 - - [14/Mar/2016:08:36:00 +0200] "GET /wp-includes/js/underscore.min.js?ver=06820f499ad3078ba51bb8a3026295a9 HTTP/1.1" 200 14643 "http://blogs.selectsifiso.com/" "Mozilla/5.0 (Windows NT 10.0; WOW64) AppleWebKit/537.36 (KHTML, like Gecko) Chrome/49.0.2623.75 Safari/537.36"
82.212.89.227 - - [14/Mar/2016:08:36:00 +0200] "GET /wp-includes/js/backbone.min.js?ver=06820f499ad3078ba51bb8a3026295a9 HTTP/1.1" 200 19962 "http://blogs.selectsifiso.com/" "Mozilla/5.0 (Windows NT 10.0; WOW64) AppleWebKit/537.36 (KHTML, like Gecko) Chrome/49.0.2623.75 Safari/537.36"
82.212.89.227 - - [14/Mar/2016:08:36:00 +0200] "GET /wp-content/plugins/page-views-count/assets/js/pvc.backbone.min.js?ver=06820f499ad3078ba51bb8a3026295a9 HTTP/1.1" 200 1513 "http://blogs.selectsifiso.com/" "Mozilla/5.0 (Windows NT 10.0; WOW64) AppleWebKit/537.36 (KHTML, like Gecko) Chrome/49.0.2623.75 Safari/537.36"
82.212.89.227 - - [14/Mar/2016:08:36:00 +0200] "GET /wp-content/plugins/contact-form-7/includes/js/jquery.form.min.js?ver=06820f499ad3078ba51bb8a3026295a9-2014.06.20 HTTP/1.1" 200 15248 "http://blogs.selectsifiso.com/" "Mozilla/5.0 (Windows NT 10.0; WOW64) AppleWebKit/537.36 (KHTML, like Gecko) Chrome/49.0.2623.75 Safari/537.36"
82.212.89.227 - - [14/Mar/2016:08:36:00 +0200] "GET /wp-includes/js/jquery/jquery.js?ver=06820f499ad3078ba51bb8a3026295a9 HTTP/1.1" 200 95977 "http://blogs.selectsifiso.com/" "Mozilla/5.0 (Windows NT 10.0; WOW64) AppleWebKit/537.36 (KHTML, like Gecko) Chrome/49.0.2623.75 Safari/537.36"
82.212.89.227 - - [14/Mar/2016:08:36:01 +0200] "GET /wp-content/plugins/contact-form-7/includes/js/scripts.js?ver=06820f499ad3078ba51bb8a3026295a9 HTTP/1.1" 200 11819 "http://blogs.selectsifiso.com/" "Mozilla/5.0 (Windows NT 10.0; WOW64) AppleWebKit/537.36 (KHTML, like Gecko) Chrome/49.0.2623.75 Safari/537.36"
82.212.89.227 - - [14/Mar/2016:08:36:01 +0200] "GET /wp-content/themes/iconic-one/js/selectnav.js?ver=06820f499ad3078ba51bb8a3026295a9 HTTP/1.1" 200 4195 "http://blogs.selectsifiso.com/" "Mozilla/5.0 (Windows NT 10.0; WOW64) AppleWebKit/537.36 (KHTML, like Gecko) Chrome/49.0.2623.75 Safari/537.36"
82.212.89.227 - - [14/Mar/2016:08:36:01 +0200] "GET /wp-includes/js/wp-embed.min.js?ver=06820f499ad3078ba51bb8a3026295a9 HTTP/1.1" 200 1518 "http://blogs.selectsifiso.com/" "Mozilla/5.0 (Windows NT 10.0; WOW64) AppleWebKit/537.36 (KHTML, like Gecko) Chrome/49.0.2623.75 Safari/537.36"
82.212.89.227 - - [14/Mar/2016:08:36:02 +0200] "GET /wp-includes/js/wp-emoji-release.min.js?ver=06820f499ad3078ba51bb8a3026295a9 HTTP/1.1" 200 33713 "http://blogs.selectsifiso.com/" "Mozilla/5.0 (Windows NT 10.0; WOW64) AppleWebKit/537.36 (KHTML, like Gecko) Chrome/49.0.2623.75 Safari/537.36"
82.212.89.227 - - [14/Mar/2016:08:36:03 +0200] "GET /wp-content/uploads/2015/09/selectSIFISOforBlogsNew.png HTTP/1.1" 200 28335 "http://blogs.selectsifiso.com/" "Mozilla/5.0 (Windows NT 10.0; WOW64) AppleWebKit/537.36 (KHTML, like Gecko) Chrome/49.0.2623.75 Safari/537.36"
82.212.89.227 - - [14/Mar/2016:08:36:05 +0200] "GET /favicon.ico HTTP/1.1" 200 17542 "http://blogs.selectsifiso.com/" "Mozilla/5.0 (Windows NT 10.0; WOW64) AppleWebKit/537.36 (KHTML, like Gecko) Chrome/49.0.2623.75 Safari/537.36"
195.154.232.138 - - [14/Mar/2016:08:42:50 +0200] "GET / HTTP/1.0" 200 46080 "-" "Mozilla/5.0 (compatible; MSIE 9.0; Windows NT 6.1; Trident/5.0)"
192.99.166.236 - - [14/Mar/2016:08:43:46 +0200] "GET / HTTP/1.0" 200 10464 "http://www.selectsifiso.net" "Mozilla/5.0 (Windows NT 5.1) AppleWebKit/537.36 (KHTML, like Gecko) Chrome/39.0.2171.99 Safari/537.36"
131.253.25.235 - - [14/Mar/2016:08:50:22 +0200] "GET /wp-content/plugins/counterize/counterize.css.php?ver=06820f499ad3078ba51bb8a3026295a9 HTTP/1.0" 200 1373 "http://blogs.selectsifiso.com/" "Mozilla/5.0 (Windows NT 6.1; WOW64) AppleWebKit/534+ (KHTML, like Gecko) BingPreview/1.0b"
207.46.13.193 - - [14/Mar/2016:08:50:28 +0200] "GET /robots.txt HTTP/1.0" 200 612 "-" "Mozilla/5.0 (compatible; bingbot/2.0; +http://www.bing.com/bingbot.htm)"
41.78.28.152 - - [14/Mar/2016:08:50:29 +0200] "POST /wp-cron.php?465a16b660ca40f346fc5a8baf6351e3&action=wysija_cron&process=bounce&silent=1 HTTP/1.0" 200 354 "-" "WordPress/4.4.2; http://blogs.selectsifiso.com"
66.249.65.39 - - [14/Mar/2016:08:58:33 +0200] "GET /programmatically-create-data-flow-task-in-ssis-package-using-c/feed/ HTTP/1.0" 200 1933 "-" "Mozilla/5.0 (compatible; Googlebot/2.1; +http://www.google.com/bot.html)"
41.78.28.152 - - [14/Mar/2016:08:58:34 +0200] "POST /wp-cron.php?465a16b660ca40f346fc5a8baf6351e3&action=wysija_cron&process=bounce&silent=1 HTTP/1.0" 200 354 "-" "WordPress/4.4.2; http://blogs.selectsifiso.com"
68.180.228.32 - - [14/Mar/2016:08:58:44 +0200] "GET /robots.txt HTTP/1.0" 200 570 "-" "Mozilla/5.0 (compatible; Yahoo! Slurp; http://help.yahoo.com/help/us/ysearch/slurp)"
68.180.228.32 - - [14/Mar/2016:08:58:46 +0200] "GET /test-123/ HTTP/1.0" 200 13930 "-" "Mozilla/5.0 (compatible; Yahoo! Slurp; http://help.yahoo.com/help/us/ysearch/slurp)"
66.249.65.33 - - [14/Mar/2016:08:59:25 +0200] "GET /wp-admin/admin-ajax.php?action=pvc_backbone_load_stats&post_ids%5B310%5D%5Bpost_id%5D=310&post_ids%5B310%5D%5Bask_update%5D=true HTTP/1.0" 200 397 "http://blogs.selectsifiso.com/programmatically-create-data-flow-task-inside-a-forloop-container-using-c/" "Mozilla/5.0 (compatible; Googlebot/2.1; +http://www.google.com/bot.html)"
94.236.39.228 - - [14/Mar/2016:09:06:09 +0200] "GET / HTTP/1.0" 200 46080 "-" "-"
94.236.39.228 - - [14/Mar/2016:09:11:30 +0200] "GET / HTTP/1.0" 200 46080 "-" "-"
104.156.222.185 - - [14/Mar/2016:09:13:16 +0200] "GET / HTTP/1.0" 200 10464 "http://www.selectsifiso.net/" "Mozilla/5.0 (Windows NT 5.1) AppleWebKit/537.36 (KHTML, like Gecko) Chrome/39.0.2171.95 Safari/537.36 OPR/26.0.1656.60"
130.193.51.74 - - [14/Mar/2016:09:27:13 +0200] "GET /tag/http-connection-manager/ HTTP/1.0" 200 8084 "-" "Mozilla/5.0 (compatible; YandexBot/3.0; +http://yandex.com/bots)"
41.78.28.152 - - [14/Mar/2016:09:27:15 +0200] "POST /wp-cron.php?465a16b660ca40f346fc5a8baf6351e3&action=wysija_cron&process=queue,bounce&silent=1 HTTP/1.0" 200 354 "-" "WordPress/4.4.2; http://blogs.selectsifiso.com"
41.78.28.152 - - [14/Mar/2016:09:27:17 +0200] "POST /wp-cron.php?doing_wp_cron=1457940436.9834959506988525390625 HTTP/1.0" 200 354 "-" "WordPress/4.4.2; http://blogs.selectsifiso.com"
94.236.39.228 - - [14/Mar/2016:09:45:35 +0200] "GET / HTTP/1.0" 200 46080 "-" "-"
41.78.28.152 - - [14/Mar/2016:10:00:49 +0200] "POST /wp-cron.php?465a16b660ca40f346fc5a8baf6351e3&action=wysija_cron&process=bounce&silent=1 HTTP/1.0" 200 354 "-" "WordPress/4.4.2; http://blogs.selectsifiso.com"
141.8.142.74 - - [14/Mar/2016:10:00:47 +0200] "GET /category/http-connection/ HTTP/1.0" 200 8787 "-" "Mozilla/5.0 (compatible; YandexBot/3.0; +http://yandex.com/bots)"
41.78.28.152 - - [14/Mar/2016:10:00:50 +0200] "POST /wp-cron.php?doing_wp_cron=1457942450.2152140140533447265625 HTTP/1.0" 200 354 "-" "WordPress/4.4.2; http://blogs.selectsifiso.com"
94.236.39.228 - - [14/Mar/2016:10:04:55 +0200] "GET / HTTP/1.0" 200 46080 "-" "-"
41.78.28.152 - - [14/Mar/2016:10:15:28 +0200] "POST /wp-cron.php?465a16b660ca40f346fc5a8baf6351e3&action=wysija_cron&process=bounce&silent=1 HTTP/1.0" 200 354 "-" "WordPress/4.4.2; http://blogs.selectsifiso.com"
61.135.190.102 - - [14/Mar/2016:10:15:27 +0200] "GET / HTTP/1.0" 200 10551 "http://m.baidu.com/s?wd=selectSIFISO%7Cweknowblogging" "Mozilla/5.0 (iPhone; CPU iPhone OS 5_0 like Mac OS X) AppleWebKit/534.46 (KHTML, like Gecko) Version/5.1 Mobile/9A334 Safari/7534.48.3"
41.78.28.152 - - [14/Mar/2016:10:15:29 +0200] "POST /wp-cron.php?doing_wp_cron=1457943329.5333819389343261718750 HTTP/1.0" 200 354 "-" "WordPress/4.4.2; http://blogs.selectsifiso.com"
61.135.190.222 - - [14/Mar/2016:10:15:34 +0200] "GET /wp-includes/js/wp-emoji-release.min.js?ver=06820f499ad3078ba51bb8a3026295a9 HTTP/1.0" 200 285 "http://blogs.selectsifiso.com/" "Mozilla/5.0 (iPhone; CPU iPhone OS 5_0 like Mac OS X) AppleWebKit/534.46 (KHTML, like Gecko) Version/5.1 Mobile/9A334 Safari/7534.48.3"
61.135.190.221 - - [14/Mar/2016:10:15:34 +0200] "GET /wp-includes/js/jquery/jquery.js?ver=06820f499ad3078ba51bb8a3026295a9 HTTP/1.0" 200 278 "http://blogs.selectsifiso.com/" "Mozilla/5.0 (iPhone; CPU iPhone OS 5_0 like Mac OS X) AppleWebKit/534.46 (KHTML, like Gecko) Version/5.1 Mobile/9A334 Safari/7534.48.3"
61.135.190.102 - - [14/Mar/2016:10:15:39 +0200] "GET /wp-includes/js/jquery/jquery-migrate.min.js?ver=06820f499ad3078ba51bb8a3026295a9 HTTP/1.0" 200 290 "http://blogs.selectsifiso.com/" "Mozilla/5.0 (iPhone; CPU iPhone OS 5_0 like Mac OS X) AppleWebKit/534.46 (KHTML, like Gecko) Version/5.1 Mobile/9A334 Safari/7534.48.3"
54.205.186.30 - - [14/Mar/2016:10:19:27 +0200] "GET / HTTP/1.0" 200 10462 "-" "Ruby"
23.23.61.167 - - [14/Mar/2016:10:19:28 +0200] "GET / HTTP/1.0" 200 10462 "-" "Ruby"
61.135.190.223 - - [14/Mar/2016:10:23:50 +0200] "GET / HTTP/1.0" 200 10462 "http://www.baidu.com/s?wd=selectSIFISO%7Cweknowblogging" "Mozilla/5.0 (Windows NT 6.1; WOW64) AppleWebKit/537.36 (KHTML, like Gecko) Chrome/36.0.1985.143 Safari/537.36"
61.135.190.104 - - [14/Mar/2016:10:23:55 +0200] "GET /wp-includes/js/jquery/jquery.js?ver=06820f499ad3078ba51bb8a3026295a9 HTTP/1.0" 200 278 "http://blogs.selectsifiso.com/" "Mozilla/5.0 (Windows NT 6.1; WOW64) AppleWebKit/537.36 (KHTML, like Gecko) Chrome/36.0.1985.143 Safari/537.36"
61.135.190.105 - - [14/Mar/2016:10:23:55 +0200] "GET /wp-includes/js/wp-emoji-release.min.js?ver=06820f499ad3078ba51bb8a3026295a9 HTTP/1.0" 200 285 "http://blogs.selectsifiso.com/" "Mozilla/5.0 (Windows NT 6.1; WOW64) AppleWebKit/537.36 (KHTML, like Gecko) Chrome/36.0.1985.143 Safari/537.36"
61.135.190.102 - - [14/Mar/2016:10:31:41 +0200] "GET / HTTP/1.0" 200 10462 "http://m.baidu.com/s?wd=selectSIFISO%7Cweknowblogging" "Mozilla/5.0 (Linux; Android 4.1.1; Nexus 7 Build/JRO03D) AppleWebKit/535.19 (KHTML, like Gecko) Chrome/18.0.1025.166  Safari/535.19"
54.221.199.147 - - [14/Mar/2016:10:42:17 +0200] "GET /wp-content/plugins/page-views-count/ajax-loader.gif HTTP/1.0" 200 1190 "-" "Mozilla/5.0 (compatible; Embedly/0.2; snap; +http://support.embed.ly/)"
41.78.28.152 - - [14/Mar/2016:10:44:23 +0200] "POST /wp-cron.php?465a16b660ca40f346fc5a8baf6351e3&action=wysija_cron&process=queue,bounce&silent=1 HTTP/1.0" 200 354 "-" "WordPress/4.4.2; http://blogs.selectsifiso.com"
66.249.65.36 - - [14/Mar/2016:10:44:22 +0200] "GET /robots.txt HTTP/1.0" 200 612 "-" "Mozilla/5.0 (compatible; Googlebot/2.1; +http://www.google.com/bot.html)"
41.78.28.152 - - [14/Mar/2016:10:44:24 +0200] "POST /wp-cron.php?doing_wp_cron=1457945064.6876969337463378906250 HTTP/1.0" 200 354 "-" "WordPress/4.4.2; http://blogs.selectsifiso.com"
66.249.65.33 - - [14/Mar/2016:10:44:44 +0200] "GET /wp-admin/admin-ajax.php?action=pvc_backbone_load_stats&post_ids%5B510%5D%5Bpost_id%5D=510&post_ids%5B510%5D%5Bask_update%5D=true HTTP/1.0" 200 398 "http://blogs.selectsifiso.com/programmatically-create-and-deploy-ssis-2012-project-into-catalog-using-c/" "Mozilla/5.0 (compatible; Googlebot/2.1; +http://www.google.com/bot.html)"
94.236.39.228 - - [14/Mar/2016:10:45:45 +0200] "GET / HTTP/1.0" 200 46078 "-" "-"
94.236.39.228 - - [14/Mar/2016:10:49:33 +0200] "GET / HTTP/1.0" 200 46078 "-" "-"
