141.228.250.142 - - [16/Mar/2016:11:14:46 +0200] "GET /wp-content/plugins/simplified-social-share/oss-social-sharing/assets/css/oss-social-sharing-front.css?ver=06820f499ad3078ba51bb8a3026295a9 HTTP/1.0" 200 754 "http://blogs.selectsifiso.com/programmatically-insert-into-sql-server-table-from-an-excel-file-using-ssis-script-tasks/" "Mozilla/5.0 (Windows NT 5.1) AppleWebKit/537.36 (KHTML, like Gecko) Chrome/40.0.2214.115 Safari/537.36"
141.228.250.142 - - [16/Mar/2016:11:14:46 +0200] "GET /wp-content/plugins/wysija-newsletters/css/validationEngine.jquery.css?ver=06820f499ad3078ba51bb8a3026295a9 HTTP/1.0" 200 302 "http://blogs.selectsifiso.com/programmatically-insert-into-sql-server-table-from-an-excel-file-using-ssis-script-tasks/" "Mozilla/5.0 (Windows NT 5.1) AppleWebKit/537.36 (KHTML, like Gecko) Chrome/40.0.2214.115 Safari/537.36"
141.228.250.142 - - [16/Mar/2016:11:14:46 +0200] "GET /wp-content/plugins/captcha/css/desktop_style.css?ver=06820f499ad3078ba51bb8a3026295a9 HTTP/1.0" 200 281 "http://blogs.selectsifiso.com/programmatically-insert-into-sql-server-table-from-an-excel-file-using-ssis-script-tasks/" "Mozilla/5.0 (Windows NT 5.1) AppleWebKit/537.36 (KHTML, like Gecko) Chrome/40.0.2214.115 Safari/537.36"
141.228.250.141 - - [16/Mar/2016:11:14:47 +0200] "GET /wp-content/plugins/contact-form-7/includes/css/styles.css?ver=06820f499ad3078ba51bb8a3026295a9 HTTP/1.0" 200 290 "http://blogs.selectsifiso.com/programmatically-insert-into-sql-server-table-from-an-excel-file-using-ssis-script-tasks/" "Mozilla/5.0 (Windows NT 5.1) AppleWebKit/537.36 (KHTML, like Gecko) Chrome/40.0.2214.115 Safari/537.36"
141.228.250.142 - - [16/Mar/2016:11:14:47 +0200] "GET /wp-content/themes/iconic-one/style.css?ver=06820f499ad3078ba51bb8a3026295a9 HTTP/1.0" 200 271 "http://blogs.selectsifiso.com/programmatically-insert-into-sql-server-table-from-an-excel-file-using-ssis-script-tasks/" "Mozilla/5.0 (Windows NT 5.1) AppleWebKit/537.36 (KHTML, like Gecko) Chrome/40.0.2214.115 Safari/537.36"
141.228.250.142 - - [16/Mar/2016:11:14:47 +0200] "GET /wp-content/themes/iconic-one/custom.css?ver=06820f499ad3078ba51bb8a3026295a9 HTTP/1.0" 200 408 "http://blogs.selectsifiso.com/programmatically-insert-into-sql-server-table-from-an-excel-file-using-ssis-script-tasks/" "Mozilla/5.0 (Windows NT 5.1) AppleWebKit/537.36 (KHTML, like Gecko) Chrome/40.0.2214.115 Safari/537.36"
141.228.250.142 - - [16/Mar/2016:11:14:47 +0200] "GET /wp-content/plugins/page-views-count/assets/css/style.min.css?ver=06820f499ad3078ba51bb8a3026295a9 HTTP/1.0" 200 509 "http://blogs.selectsifiso.com/programmatically-insert-into-sql-server-table-from-an-excel-file-using-ssis-script-tasks/" "Mozilla/5.0 (Windows NT 5.1) AppleWebKit/537.36 (KHTML, like Gecko) Chrome/40.0.2214.115 Safari/537.36"
141.228.250.142 - - [16/Mar/2016:11:14:48 +0200] "GET /wp-content/plugins/counterize/counterize.css.php?ver=06820f499ad3078ba51bb8a3026295a9 HTTP/1.0" 200 1373 "http://blogs.selectsifiso.com/programmatically-insert-into-sql-server-table-from-an-excel-file-using-ssis-script-tasks/" "Mozilla/5.0 (Windows NT 5.1) AppleWebKit/537.36 (KHTML, like Gecko) Chrome/40.0.2214.115 Safari/537.36"
141.228.250.142 - - [16/Mar/2016:11:14:48 +0200] "GET /wp-includes/js/jquery/jquery.js?ver=06820f499ad3078ba51bb8a3026295a9 HTTP/1.0" 200 278 "http://blogs.selectsifiso.com/programmatically-insert-into-sql-server-table-from-an-excel-file-using-ssis-script-tasks/" "Mozilla/5.0 (Windows NT 5.1) AppleWebKit/537.36 (KHTML, like Gecko) Chrome/40.0.2214.115 Safari/537.36"
141.228.250.142 - - [16/Mar/2016:11:14:48 +0200] "GET /wp-includes/js/jquery/jquery-migrate.min.js?ver=06820f499ad3078ba51bb8a3026295a9 HTTP/1.0" 200 290 "http://blogs.selectsifiso.com/programmatically-insert-into-sql-server-table-from-an-excel-file-using-ssis-script-tasks/" "Mozilla/5.0 (Windows NT 5.1) AppleWebKit/537.36 (KHTML, like Gecko) Chrome/40.0.2214.115 Safari/537.36"
141.228.250.142 - - [16/Mar/2016:11:14:49 +0200] "GET /wp-includes/js/underscore.min.js?ver=06820f499ad3078ba51bb8a3026295a9 HTTP/1.0" 200 279 "http://blogs.selectsifiso.com/programmatically-insert-into-sql-server-table-from-an-excel-file-using-ssis-script-tasks/" "Mozilla/5.0 (Windows NT 5.1) AppleWebKit/537.36 (KHTML, like Gecko) Chrome/40.0.2214.115 Safari/537.36"
141.228.250.142 - - [16/Mar/2016:11:14:49 +0200] "GET /wp-content/plugins/captcha/js/front_end_script.js?ver=06820f499ad3078ba51bb8a3026295a9 HTTP/1.0" 200 790 "http://blogs.selectsifiso.com/programmatically-insert-into-sql-server-table-from-an-excel-file-using-ssis-script-tasks/" "Mozilla/5.0 (Windows NT 5.1) AppleWebKit/537.36 (KHTML, like Gecko) Chrome/40.0.2214.115 Safari/537.36"
141.228.250.142 - - [16/Mar/2016:11:14:49 +0200] "GET /wp-includes/js/backbone.min.js?ver=06820f499ad3078ba51bb8a3026295a9 HTTP/1.0" 200 277 "http://blogs.selectsifiso.com/programmatically-insert-into-sql-server-table-from-an-excel-file-using-ssis-script-tasks/" "Mozilla/5.0 (Windows NT 5.1) AppleWebKit/537.36 (KHTML, like Gecko) Chrome/40.0.2214.115 Safari/537.36"
141.228.250.142 - - [16/Mar/2016:11:14:51 +0200] "GET /wp-content/plugins/captcha/css/style.css?ver=06820f499ad3078ba51bb8a3026295a9 HTTP/1.0" 200 273 "http://blogs.selectsifiso.com/programmatically-insert-into-sql-server-table-from-an-excel-file-using-ssis-script-tasks/" "Mozilla/5.0 (Windows NT 5.1) AppleWebKit/537.36 (KHTML, like Gecko) Chrome/40.0.2214.115 Safari/537.36"
141.228.250.142 - - [16/Mar/2016:11:14:51 +0200] "GET /wp-content/plugins/counterize/counterize.js.php?ver=06820f499ad3078ba51bb8a3026295a9 HTTP/1.0" 200 11428 "http://blogs.selectsifiso.com/programmatically-insert-into-sql-server-table-from-an-excel-file-using-ssis-script-tasks/" "Mozilla/5.0 (Windows NT 5.1) AppleWebKit/537.36 (KHTML, like Gecko) Chrome/40.0.2214.115 Safari/537.36"
141.228.250.142 - - [16/Mar/2016:11:14:51 +0200] "GET /wp-includes/css/dashicons.min.css?ver=06820f499ad3078ba51bb8a3026295a9 HTTP/1.0" 200 266 "http://blogs.selectsifiso.com/programmatically-insert-into-sql-server-table-from-an-excel-file-using-ssis-script-tasks/" "Mozilla/5.0 (Windows NT 5.1) AppleWebKit/537.36 (KHTML, like Gecko) Chrome/40.0.2214.115 Safari/537.36"
141.228.250.142 - - [16/Mar/2016:11:14:51 +0200] "GET /wp-content/plugins/akismet/_inc/form.js?ver=06820f499ad3078ba51bb8a3026295a9 HTTP/1.0" 200 662 "http://blogs.selectsifiso.com/programmatically-insert-into-sql-server-table-from-an-excel-file-using-ssis-script-tasks/" "Mozilla/5.0 (Windows NT 5.1) AppleWebKit/537.36 (KHTML, like Gecko) Chrome/40.0.2214.115 Safari/537.36"
141.228.250.142 - - [16/Mar/2016:11:14:52 +0200] "GET /wp-content/plugins/contact-form-7/includes/js/jquery.form.min.js?ver=06820f499ad3078ba51bb8a3026295a9-2014.06.20 HTTP/1.0" 200 311 "http://blogs.selectsifiso.com/programmatically-insert-into-sql-server-table-from-an-excel-file-using-ssis-script-tasks/" "Mozilla/5.0 (Windows NT 5.1) AppleWebKit/537.36 (KHTML, like Gecko) Chrome/40.0.2214.115 Safari/537.36"
141.228.250.142 - - [16/Mar/2016:11:14:52 +0200] "GET /wp-includes/js/comment-reply.min.js?ver=06820f499ad3078ba51bb8a3026295a9 HTTP/1.0" 200 282 "http://blogs.selectsifiso.com/programmatically-insert-into-sql-server-table-from-an-excel-file-using-ssis-script-tasks/" "Mozilla/5.0 (Windows NT 5.1) AppleWebKit/537.36 (KHTML, like Gecko) Chrome/40.0.2214.115 Safari/537.36"
141.228.250.142 - - [16/Mar/2016:11:14:52 +0200] "GET /wp-content/plugins/contact-form-7/includes/js/scripts.js?ver=06820f499ad3078ba51bb8a3026295a9 HTTP/1.0" 200 303 "http://blogs.selectsifiso.com/programmatically-insert-into-sql-server-table-from-an-excel-file-using-ssis-script-tasks/" "Mozilla/5.0 (Windows NT 5.1) AppleWebKit/537.36 (KHTML, like Gecko) Chrome/40.0.2214.115 Safari/537.36"
141.228.250.142 - - [16/Mar/2016:11:14:52 +0200] "GET /wp-content/themes/iconic-one/js/selectnav.js?ver=06820f499ad3078ba51bb8a3026295a9 HTTP/1.0" 200 291 "http://blogs.selectsifiso.com/programmatically-insert-into-sql-server-table-from-an-excel-file-using-ssis-script-tasks/" "Mozilla/5.0 (Windows NT 5.1) AppleWebKit/537.36 (KHTML, like Gecko) Chrome/40.0.2214.115 Safari/537.36"
141.228.250.142 - - [16/Mar/2016:11:14:54 +0200] "GET /wp-includes/js/wp-embed.min.js?ver=06820f499ad3078ba51bb8a3026295a9 HTTP/1.0" 200 277 "http://blogs.selectsifiso.com/programmatically-insert-into-sql-server-table-from-an-excel-file-using-ssis-script-tasks/" "Mozilla/5.0 (Windows NT 5.1) AppleWebKit/537.36 (KHTML, like Gecko) Chrome/40.0.2214.115 Safari/537.36"
141.228.250.142 - - [16/Mar/2016:11:14:54 +0200] "GET /wp-includes/js/wp-emoji-release.min.js?ver=06820f499ad3078ba51bb8a3026295a9 HTTP/1.0" 200 285 "http://blogs.selectsifiso.com/programmatically-insert-into-sql-server-table-from-an-excel-file-using-ssis-script-tasks/" "Mozilla/5.0 (Windows NT 5.1) AppleWebKit/537.36 (KHTML, like Gecko) Chrome/40.0.2214.115 Safari/537.36"
141.228.250.142 - - [16/Mar/2016:11:14:54 +0200] "GET /wp-content/plugins/tablepress/css/default.min.css?ver=06820f499ad3078ba51bb8a3026295a9 HTTP/1.0" 200 282 "http://blogs.selectsifiso.com/programmatically-insert-into-sql-server-table-from-an-excel-file-using-ssis-script-tasks/" "Mozilla/5.0 (Windows NT 5.1) AppleWebKit/537.36 (KHTML, like Gecko) Chrome/40.0.2214.115 Safari/537.36"
141.228.250.142 - - [16/Mar/2016:11:14:54 +0200] "GET /wp-content/plugins/simplified-social-share/oss-social-sharing/assets/js/oss_share.js?ver=06820f499ad3078ba51bb8a3026295a9 HTTP/1.0" 200 488 "http://blogs.selectsifiso.com/programmatically-insert-into-sql-server-table-from-an-excel-file-using-ssis-script-tasks/" "Mozilla/5.0 (Windows NT 5.1) AppleWebKit/537.36 (KHTML, like Gecko) Chrome/40.0.2214.115 Safari/537.36"
141.228.250.142 - - [16/Mar/2016:11:14:56 +0200] "GET /wp-content/themes/iconic-one/img/facebook.png HTTP/1.0" 304 127 "http://blogs.selectsifiso.com/programmatically-insert-into-sql-server-table-from-an-excel-file-using-ssis-script-tasks/" "Mozilla/5.0 (Windows NT 5.1) AppleWebKit/537.36 (KHTML, like Gecko) Chrome/40.0.2214.115 Safari/537.36"
141.228.250.142 - - [16/Mar/2016:11:15:00 +0200] "GET /wp-content/themes/iconic-one/img/rss.png HTTP/1.0" 304 128 "http://blogs.selectsifiso.com/programmatically-insert-into-sql-server-table-from-an-excel-file-using-ssis-script-tasks/" "Mozilla/5.0 (Windows NT 5.1) AppleWebKit/537.36 (KHTML, like Gecko) Chrome/40.0.2214.115 Safari/537.36"
123.125.71.38 - - [16/Mar/2016:11:16:06 +0200] "GET / HTTP/1.0" 200 9116 "-" "Mozilla/5.0 (compatible; Baiduspider/2.0; +http://www.baidu.com/search/spider.html)"
76.74.234.200 - - [16/Mar/2016:11:24:08 +0200] "GET /feed/atom/ HTTP/1.0" 200 36769 "-" "-"
141.8.142.74 - - [16/Mar/2016:11:34:07 +0200] "GET /wp-content/uploads/2015/11/1-660x344.png HTTP/1.0" 200 274 "-" "Mozilla/5.0 (compatible; YandexImages/3.0; +http://yandex.com/bots)"
41.78.28.152 - - [16/Mar/2016:11:35:20 +0200] "POST /wp-cron.php?465a16b660ca40f346fc5a8baf6351e3&action=wysija_cron&process=queue,bounce&silent=1 HTTP/1.0" 200 354 "-" "WordPress/4.4.2; http://blogs.selectsifiso.com"
180.76.15.151 - - [16/Mar/2016:11:35:19 +0200] "GET /tag/lucidchart/ HTTP/1.0" 200 8234 "-" "Mozilla/5.0 (compatible; Baiduspider/2.0; +http://www.baidu.com/search/spider.html)"
41.78.28.152 - - [16/Mar/2016:11:35:21 +0200] "POST /wp-cron.php?doing_wp_cron=1458120921.4019908905029296875000 HTTP/1.0" 200 354 "-" "WordPress/4.4.2; http://blogs.selectsifiso.com"
62.169.227.25 - - [16/Mar/2016:11:36:54 +0200] "GET /wp-content/plugins/page-views-count/ajax-loader.gif HTTP/1.0" 304 128 "http://s3.feedly.com/production/head/" "Mozilla/5.0 (Windows NT 10.0; WOW64) AppleWebKit/537.36 (KHTML, like Gecko) Chrome/49.0.2623.87 Safari/537.36"
66.249.65.39 - - [16/Mar/2016:11:37:10 +0200] "GET /programmatically-insert-into-sql-server-table-from-an-excel-file-using-ssis-script-tasks/ HTTP/1.0" 200 13955 "-" "Mozilla/5.0 (compatible; Googlebot/2.1; +http://www.google.com/bot.html)"
41.78.28.152 - - [16/Mar/2016:11:51:17 +0200] "POST /wp-cron.php?465a16b660ca40f346fc5a8baf6351e3&action=wysija_cron&process=bounce&silent=1 HTTP/1.0" 200 354 "-" "WordPress/4.4.2; http://blogs.selectsifiso.com"
66.249.65.33 - - [16/Mar/2016:11:51:16 +0200] "GET /robots.txt HTTP/1.0" 200 612 "-" "Mozilla/5.0 (compatible; Googlebot/2.1; +http://www.google.com/bot.html)"
41.78.28.152 - - [16/Mar/2016:11:51:18 +0200] "POST /wp-cron.php?doing_wp_cron=1458121878.4751338958740234375000 HTTP/1.0" 200 354 "-" "WordPress/4.4.2; http://blogs.selectsifiso.com"
180.150.243.26 - - [16/Mar/2016:11:53:50 +0200] "GET /wp-content/plugins/page-views-count/ajax-loader.gif HTTP/1.0" 200 1190 "http://www.codeproject.com/Articles/1083644/Duplicate-MySQL-Table-Using-phpMyAdmin" "Mozilla/5.0 (Windows NT 6.1) AppleWebKit/537.36 (KHTML, like Gecko) Chrome/49.0.2623.87 Safari/537.36"
104.218.192.15 - - [16/Mar/2016:12:02:11 +0200] "GET / HTTP/1.0" 200 9116 "http://www.selectsifiso.net/" "Mozilla/5.0 (Windows NT 5.1; rv:35.0) Gecko/20100101 Firefox/35.0"
66.249.65.36 - - [16/Mar/2016:12:02:33 +0200] "GET / HTTP/1.0" 200 9116 "-" "Mozilla/5.0 (compatible; Googlebot/2.1; +http://www.google.com/bot.html)"
104.223.31.19 - - [16/Mar/2016:12:03:27 +0200] "GET / HTTP/1.0" 200 9116 "http://www.selectsifiso.net/" "Mozilla/5.0 (Windows NT 5.1; rv:35.0) Gecko/20100101 Firefox/35.0"
41.78.28.152 - - [16/Mar/2016:12:19:06 +0200] "POST /wp-cron.php?465a16b660ca40f346fc5a8baf6351e3&action=wysija_cron&process=bounce&silent=1 HTTP/1.0" 200 354 "-" "WordPress/4.4.2; http://blogs.selectsifiso.com"
54.205.186.30 - - [16/Mar/2016:12:19:05 +0200] "GET / HTTP/1.0" 200 9205 "-" "Ruby"
23.23.61.167 - - [16/Mar/2016:12:19:06 +0200] "GET / HTTP/1.0" 200 9205 "-" "Ruby"
41.78.28.152 - - [16/Mar/2016:12:19:07 +0200] "POST /wp-cron.php?doing_wp_cron=1458123547.7806670665740966796875 HTTP/1.0" 200 354 "-" "WordPress/4.4.2; http://blogs.selectsifiso.com"
66.249.65.36 - - [16/Mar/2016:12:23:23 +0200] "GET /tag/sqlcommand/ HTTP/1.0" 200 8254 "-" "Mozilla/5.0 (compatible; Googlebot/2.1; +http://www.google.com/bot.html)"
94.236.39.228 - - [16/Mar/2016:12:26:02 +0200] "GET / HTTP/1.0" 200 38790 "-" "-"
165.125.178.11 - - [16/Mar/2016:12:29:02 +0200] "GET /using-rest-api-in-ssis-to-extract-top-100-user-tweets/ HTTP/1.0" 200 18902 "https://www.google.nl/" "Mozilla/5.0 (Windows NT 6.1; WOW64) AppleWebKit/537.36 (KHTML, like Gecko) Chrome/48.0.2564.116 Safari/537.36"
165.125.178.11 - - [16/Mar/2016:12:29:05 +0200] "GET /wp-content/plugins/wysija-newsletters/css/validationEngine.jquery.css?ver=06820f499ad3078ba51bb8a3026295a9 HTTP/1.0" 200 302 "http://blogs.selectsifiso.com/using-rest-api-in-ssis-to-extract-top-100-user-tweets/" "Mozilla/5.0 (Windows NT 6.1; WOW64) AppleWebKit/537.36 (KHTML, like Gecko) Chrome/48.0.2564.116 Safari/537.36"
165.125.178.11 - - [16/Mar/2016:12:29:05 +0200] "GET /wp-content/plugins/captcha/css/desktop_style.css?ver=06820f499ad3078ba51bb8a3026295a9 HTTP/1.0" 200 281 "http://blogs.selectsifiso.com/using-rest-api-in-ssis-to-extract-top-100-user-tweets/" "Mozilla/5.0 (Windows NT 6.1; WOW64) AppleWebKit/537.36 (KHTML, like Gecko) Chrome/48.0.2564.116 Safari/537.36"
165.125.178.11 - - [16/Mar/2016:12:29:05 +0200] "GET /wp-content/plugins/captcha/css/style.css?ver=06820f499ad3078ba51bb8a3026295a9 HTTP/1.0" 200 273 "http://blogs.selectsifiso.com/using-rest-api-in-ssis-to-extract-top-100-user-tweets/" "Mozilla/5.0 (Windows NT 6.1; WOW64) AppleWebKit/537.36 (KHTML, like Gecko) Chrome/48.0.2564.116 Safari/537.36"
165.125.178.11 - - [16/Mar/2016:12:29:05 +0200] "GET /wp-content/plugins/simplified-social-share/oss-social-sharing/assets/css/oss-social-sharing-front.css?ver=06820f499ad3078ba51bb8a3026295a9 HTTP/1.0" 200 754 "http://blogs.selectsifiso.com/using-rest-api-in-ssis-to-extract-top-100-user-tweets/" "Mozilla/5.0 (Windows NT 6.1; WOW64) AppleWebKit/537.36 (KHTML, like Gecko) Chrome/48.0.2564.116 Safari/537.36"
165.125.178.11 - - [16/Mar/2016:12:29:05 +0200] "GET /wp-includes/css/dashicons.min.css?ver=06820f499ad3078ba51bb8a3026295a9 HTTP/1.0" 200 266 "http://blogs.selectsifiso.com/using-rest-api-in-ssis-to-extract-top-100-user-tweets/" "Mozilla/5.0 (Windows NT 6.1; WOW64) AppleWebKit/537.36 (KHTML, like Gecko) Chrome/48.0.2564.116 Safari/537.36"
165.125.178.11 - - [16/Mar/2016:12:29:05 +0200] "GET /wp-content/plugins/page-views-count/assets/css/style.min.css?ver=06820f499ad3078ba51bb8a3026295a9 HTTP/1.0" 200 509 "http://blogs.selectsifiso.com/using-rest-api-in-ssis-to-extract-top-100-user-tweets/" "Mozilla/5.0 (Windows NT 6.1; WOW64) AppleWebKit/537.36 (KHTML, like Gecko) Chrome/48.0.2564.116 Safari/537.36"
165.125.178.11 - - [16/Mar/2016:12:29:05 +0200] "GET /wp-content/plugins/contact-form-7/includes/css/styles.css?ver=06820f499ad3078ba51bb8a3026295a9 HTTP/1.0" 200 290 "http://blogs.selectsifiso.com/using-rest-api-in-ssis-to-extract-top-100-user-tweets/" "Mozilla/5.0 (Windows NT 6.1; WOW64) AppleWebKit/537.36 (KHTML, like Gecko) Chrome/48.0.2564.116 Safari/537.36"
165.125.178.11 - - [16/Mar/2016:12:29:06 +0200] "GET /wp-content/themes/iconic-one/style.css?ver=06820f499ad3078ba51bb8a3026295a9 HTTP/1.0" 200 271 "http://blogs.selectsifiso.com/using-rest-api-in-ssis-to-extract-top-100-user-tweets/" "Mozilla/5.0 (Windows NT 6.1; WOW64) AppleWebKit/537.36 (KHTML, like Gecko) Chrome/48.0.2564.116 Safari/537.36"
165.125.178.11 - - [16/Mar/2016:12:29:06 +0200] "GET /wp-content/themes/iconic-one/custom.css?ver=06820f499ad3078ba51bb8a3026295a9 HTTP/1.0" 200 408 "http://blogs.selectsifiso.com/using-rest-api-in-ssis-to-extract-top-100-user-tweets/" "Mozilla/5.0 (Windows NT 6.1; WOW64) AppleWebKit/537.36 (KHTML, like Gecko) Chrome/48.0.2564.116 Safari/537.36"
165.125.178.11 - - [16/Mar/2016:12:29:06 +0200] "GET /wp-content/plugins/tablepress/css/default.min.css?ver=06820f499ad3078ba51bb8a3026295a9 HTTP/1.0" 200 282 "http://blogs.selectsifiso.com/using-rest-api-in-ssis-to-extract-top-100-user-tweets/" "Mozilla/5.0 (Windows NT 6.1; WOW64) AppleWebKit/537.36 (KHTML, like Gecko) Chrome/48.0.2564.116 Safari/537.36"
165.125.178.11 - - [16/Mar/2016:12:29:06 +0200] "GET /wp-content/plugins/counterize/counterize.css.php?ver=06820f499ad3078ba51bb8a3026295a9 HTTP/1.0" 200 1373 "http://blogs.selectsifiso.com/using-rest-api-in-ssis-to-extract-top-100-user-tweets/" "Mozilla/5.0 (Windows NT 6.1; WOW64) AppleWebKit/537.36 (KHTML, like Gecko) Chrome/48.0.2564.116 Safari/537.36"
165.125.178.11 - - [16/Mar/2016:12:29:06 +0200] "GET /wp-includes/js/jquery/jquery.js?ver=06820f499ad3078ba51bb8a3026295a9 HTTP/1.0" 200 278 "http://blogs.selectsifiso.com/using-rest-api-in-ssis-to-extract-top-100-user-tweets/" "Mozilla/5.0 (Windows NT 6.1; WOW64) AppleWebKit/537.36 (KHTML, like Gecko) Chrome/48.0.2564.116 Safari/537.36"
165.125.178.11 - - [16/Mar/2016:12:29:06 +0200] "GET /wp-includes/js/jquery/jquery-migrate.min.js?ver=06820f499ad3078ba51bb8a3026295a9 HTTP/1.0" 200 290 "http://blogs.selectsifiso.com/using-rest-api-in-ssis-to-extract-top-100-user-tweets/" "Mozilla/5.0 (Windows NT 6.1; WOW64) AppleWebKit/537.36 (KHTML, like Gecko) Chrome/48.0.2564.116 Safari/537.36"
165.125.178.11 - - [16/Mar/2016:12:29:07 +0200] "GET /wp-includes/js/underscore.min.js?ver=06820f499ad3078ba51bb8a3026295a9 HTTP/1.0" 200 279 "http://blogs.selectsifiso.com/using-rest-api-in-ssis-to-extract-top-100-user-tweets/" "Mozilla/5.0 (Windows NT 6.1; WOW64) AppleWebKit/537.36 (KHTML, like Gecko) Chrome/48.0.2564.116 Safari/537.36"
165.125.178.11 - - [16/Mar/2016:12:29:07 +0200] "GET /wp-content/plugins/captcha/js/front_end_script.js?ver=06820f499ad3078ba51bb8a3026295a9 HTTP/1.0" 200 790 "http://blogs.selectsifiso.com/using-rest-api-in-ssis-to-extract-top-100-user-tweets/" "Mozilla/5.0 (Windows NT 6.1; WOW64) AppleWebKit/537.36 (KHTML, like Gecko) Chrome/48.0.2564.116 Safari/537.36"
165.125.178.11 - - [16/Mar/2016:12:29:07 +0200] "GET /wp-includes/js/backbone.min.js?ver=06820f499ad3078ba51bb8a3026295a9 HTTP/1.0" 200 277 "http://blogs.selectsifiso.com/using-rest-api-in-ssis-to-extract-top-100-user-tweets/" "Mozilla/5.0 (Windows NT 6.1; WOW64) AppleWebKit/537.36 (KHTML, like Gecko) Chrome/48.0.2564.116 Safari/537.36"
165.125.178.11 - - [16/Mar/2016:12:29:08 +0200] "GET /wp-content/plugins/page-views-count/assets/js/pvc.backbone.min.js?ver=06820f499ad3078ba51bb8a3026295a9 HTTP/1.0" 200 312 "http://blogs.selectsifiso.com/using-rest-api-in-ssis-to-extract-top-100-user-tweets/" "Mozilla/5.0 (Windows NT 6.1; WOW64) AppleWebKit/537.36 (KHTML, like Gecko) Chrome/48.0.2564.116 Safari/537.36"
165.125.178.11 - - [16/Mar/2016:12:29:08 +0200] "GET /wp-content/plugins/counterize/counterize.js.php?ver=06820f499ad3078ba51bb8a3026295a9 HTTP/1.0" 200 11428 "http://blogs.selectsifiso.com/using-rest-api-in-ssis-to-extract-top-100-user-tweets/" "Mozilla/5.0 (Windows NT 6.1; WOW64) AppleWebKit/537.36 (KHTML, like Gecko) Chrome/48.0.2564.116 Safari/537.36"
165.125.178.11 - - [16/Mar/2016:12:29:09 +0200] "GET /wp-content/plugins/akismet/_inc/form.js?ver=06820f499ad3078ba51bb8a3026295a9 HTTP/1.0" 200 662 "http://blogs.selectsifiso.com/using-rest-api-in-ssis-to-extract-top-100-user-tweets/" "Mozilla/5.0 (Windows NT 6.1; WOW64) AppleWebKit/537.36 (KHTML, like Gecko) Chrome/48.0.2564.116 Safari/537.36"
165.125.178.11 - - [16/Mar/2016:12:29:09 +0200] "GET /wp-content/plugins/contact-form-7/includes/js/jquery.form.min.js?ver=06820f499ad3078ba51bb8a3026295a9-2014.06.20 HTTP/1.0" 200 311 "http://blogs.selectsifiso.com/using-rest-api-in-ssis-to-extract-top-100-user-tweets/" "Mozilla/5.0 (Windows NT 6.1; WOW64) AppleWebKit/537.36 (KHTML, like Gecko) Chrome/48.0.2564.116 Safari/537.36"
165.125.178.11 - - [16/Mar/2016:12:29:09 +0200] "GET /wp-content/plugins/contact-form-7/includes/js/scripts.js?ver=06820f499ad3078ba51bb8a3026295a9 HTTP/1.0" 200 303 "http://blogs.selectsifiso.com/using-rest-api-in-ssis-to-extract-top-100-user-tweets/" "Mozilla/5.0 (Windows NT 6.1; WOW64) AppleWebKit/537.36 (KHTML, like Gecko) Chrome/48.0.2564.116 Safari/537.36"
165.125.178.11 - - [16/Mar/2016:12:29:09 +0200] "GET /wp-includes/js/comment-reply.min.js?ver=06820f499ad3078ba51bb8a3026295a9 HTTP/1.0" 200 282 "http://blogs.selectsifiso.com/using-rest-api-in-ssis-to-extract-top-100-user-tweets/" "Mozilla/5.0 (Windows NT 6.1; WOW64) AppleWebKit/537.36 (KHTML, like Gecko) Chrome/48.0.2564.116 Safari/537.36"
165.125.178.11 - - [16/Mar/2016:12:29:09 +0200] "GET /wp-content/themes/iconic-one/js/selectnav.js?ver=06820f499ad3078ba51bb8a3026295a9 HTTP/1.0" 200 291 "http://blogs.selectsifiso.com/using-rest-api-in-ssis-to-extract-top-100-user-tweets/" "Mozilla/5.0 (Windows NT 6.1; WOW64) AppleWebKit/537.36 (KHTML, like Gecko) Chrome/48.0.2564.116 Safari/537.36"
165.125.178.11 - - [16/Mar/2016:12:29:10 +0200] "GET /wp-includes/js/wp-embed.min.js?ver=06820f499ad3078ba51bb8a3026295a9 HTTP/1.0" 200 277 "http://blogs.selectsifiso.com/using-rest-api-in-ssis-to-extract-top-100-user-tweets/" "Mozilla/5.0 (Windows NT 6.1; WOW64) AppleWebKit/537.36 (KHTML, like Gecko) Chrome/48.0.2564.116 Safari/537.36"
165.125.178.11 - - [16/Mar/2016:12:29:10 +0200] "GET /wp-content/plugins/simplified-social-share/oss-social-sharing/assets/js/oss_share.js?ver=06820f499ad3078ba51bb8a3026295a9 HTTP/1.0" 200 488 "http://blogs.selectsifiso.com/using-rest-api-in-ssis-to-extract-top-100-user-tweets/" "Mozilla/5.0 (Windows NT 6.1; WOW64) AppleWebKit/537.36 (KHTML, like Gecko) Chrome/48.0.2564.116 Safari/537.36"
165.125.178.11 - - [16/Mar/2016:12:29:10 +0200] "GET /wp-includes/js/wp-emoji-release.min.js?ver=06820f499ad3078ba51bb8a3026295a9 HTTP/1.0" 200 285 "http://blogs.selectsifiso.com/using-rest-api-in-ssis-to-extract-top-100-user-tweets/" "Mozilla/5.0 (Windows NT 6.1; WOW64) AppleWebKit/537.36 (KHTML, like Gecko) Chrome/48.0.2564.116 Safari/537.36"
165.125.178.11 - - [16/Mar/2016:12:29:14 +0200] "GET /wp-content/uploads/2015/09/selectSIFISOforBlogsNew.png HTTP/1.0" 200 288 "http://blogs.selectsifiso.com/using-rest-api-in-ssis-to-extract-top-100-user-tweets/" "Mozilla/5.0 (Windows NT 6.1; WOW64) AppleWebKit/537.36 (KHTML, like Gecko) Chrome/48.0.2564.116 Safari/537.36"
165.125.178.11 - - [16/Mar/2016:12:29:21 +0200] "GET /wp-content/themes/iconic-one/img/twitter.png HTTP/1.0" 200 568 "http://blogs.selectsifiso.com/using-rest-api-in-ssis-to-extract-top-100-user-tweets/" "Mozilla/5.0 (Windows NT 6.1; WOW64) AppleWebKit/537.36 (KHTML, like Gecko) Chrome/48.0.2564.116 Safari/537.36"
165.125.178.11 - - [16/Mar/2016:12:29:22 +0200] "GET /wp-content/themes/iconic-one/img/facebook.png HTTP/1.0" 200 505 "http://blogs.selectsifiso.com/using-rest-api-in-ssis-to-extract-top-100-user-tweets/" "Mozilla/5.0 (Windows NT 6.1; WOW64) AppleWebKit/537.36 (KHTML, like Gecko) Chrome/48.0.2564.116 Safari/537.36"
165.125.178.11 - - [16/Mar/2016:12:29:22 +0200] "GET /wp-content/themes/iconic-one/img/gplus.png HTTP/1.0" 200 1247 "http://blogs.selectsifiso.com/using-rest-api-in-ssis-to-extract-top-100-user-tweets/" "Mozilla/5.0 (Windows NT 6.1; WOW64) AppleWebKit/537.36 (KHTML, like Gecko) Chrome/48.0.2564.116 Safari/537.36"
165.125.178.11 - - [16/Mar/2016:12:29:22 +0200] "GET /wp-content/uploads/2015/05/linkedin_321.png HTTP/1.0" 200 277 "http://blogs.selectsifiso.com/using-rest-api-in-ssis-to-extract-top-100-user-tweets/" "Mozilla/5.0 (Windows NT 6.1; WOW64) AppleWebKit/537.36 (KHTML, like Gecko) Chrome/48.0.2564.116 Safari/537.36"
165.125.178.11 - - [16/Mar/2016:12:29:22 +0200] "GET /wp-content/uploads/2015/05/youtube_logo.png HTTP/1.0" 200 277 "http://blogs.selectsifiso.com/using-rest-api-in-ssis-to-extract-top-100-user-tweets/" "Mozilla/5.0 (Windows NT 6.1; WOW64) AppleWebKit/537.36 (KHTML, like Gecko) Chrome/48.0.2564.116 Safari/537.36"
165.125.178.11 - - [16/Mar/2016:12:29:22 +0200] "GET /wp-content/uploads/pull_tweets.png HTTP/1.0" 200 268 "http://blogs.selectsifiso.com/using-rest-api-in-ssis-to-extract-top-100-user-tweets/" "Mozilla/5.0 (Windows NT 6.1; WOW64) AppleWebKit/537.36 (KHTML, like Gecko) Chrome/48.0.2564.116 Safari/537.36"
165.125.178.11 - - [16/Mar/2016:12:29:22 +0200] "GET /wp-content/uploads/tweets_dft.png HTTP/1.0" 200 267 "http://blogs.selectsifiso.com/using-rest-api-in-ssis-to-extract-top-100-user-tweets/" "Mozilla/5.0 (Windows NT 6.1; WOW64) AppleWebKit/537.36 (KHTML, like Gecko) Chrome/48.0.2564.116 Safari/537.36"
165.125.178.11 - - [16/Mar/2016:12:29:22 +0200] "GET /wp-content/themes/iconic-one/img/rss.png HTTP/1.0" 200 644 "http://blogs.selectsifiso.com/using-rest-api-in-ssis-to-extract-top-100-user-tweets/" "Mozilla/5.0 (Windows NT 6.1; WOW64) AppleWebKit/537.36 (KHTML, like Gecko) Chrome/48.0.2564.116 Safari/537.36"
165.125.178.11 - - [16/Mar/2016:12:29:24 +0200] "GET /wp-content/plugins/page-views-count/ajax-loader.gif HTTP/1.0" 200 1190 "http://blogs.selectsifiso.com/using-rest-api-in-ssis-to-extract-top-100-user-tweets/" "Mozilla/5.0 (Windows NT 6.1; WOW64) AppleWebKit/537.36 (KHTML, like Gecko) Chrome/48.0.2564.116 Safari/537.36"
165.125.178.11 - - [16/Mar/2016:12:29:24 +0200] "GET /wp-content/uploads/sw_ndlovu-144x150.png HTTP/1.0" 200 274 "http://blogs.selectsifiso.com/using-rest-api-in-ssis-to-extract-top-100-user-tweets/" "Mozilla/5.0 (Windows NT 6.1; WOW64) AppleWebKit/537.36 (KHTML, like Gecko) Chrome/48.0.2564.116 Safari/537.36"
165.125.178.11 - - [16/Mar/2016:12:29:25 +0200] "GET /wp-content/plugins/social-autho-bio/images/Wordpress.png HTTP/1.0" 200 290 "http://blogs.selectsifiso.com/using-rest-api-in-ssis-to-extract-top-100-user-tweets/" "Mozilla/5.0 (Windows NT 6.1; WOW64) AppleWebKit/537.36 (KHTML, like Gecko) Chrome/48.0.2564.116 Safari/537.36"
165.125.178.11 - - [16/Mar/2016:12:29:25 +0200] "GET /wp-content/plugins/page-views-count/chart-bar.png HTTP/1.0" 200 820 "http://blogs.selectsifiso.com/wp-content/plugins/page-views-count/assets/css/style.min.css?ver=06820f499ad3078ba51bb8a3026295a9" "Mozilla/5.0 (Windows NT 6.1; WOW64) AppleWebKit/537.36 (KHTML, like Gecko) Chrome/48.0.2564.116 Safari/537.36"
41.78.28.152 - - [16/Mar/2016:12:29:24 +0200] "POST /wp-cron.php?465a16b660ca40f346fc5a8baf6351e3&action=wysija_cron&process=bounce&silent=1 HTTP/1.0" 200 354 "-" "WordPress/4.4.2; http://blogs.selectsifiso.com"
165.125.178.11 - - [16/Mar/2016:12:29:24 +0200] "GET /wp-admin/admin-ajax.php?action=pvc_backbone_load_stats&post_ids%5B578%5D%5Bpost_id%5D=578&post_ids%5B578%5D%5Bask_update%5D=true HTTP/1.0" 200 399 "http://blogs.selectsifiso.com/using-rest-api-in-ssis-to-extract-top-100-user-tweets/" "Mozilla/5.0 (Windows NT 6.1; WOW64) AppleWebKit/537.36 (KHTML, like Gecko) Chrome/48.0.2564.116 Safari/537.36"
41.78.28.152 - - [16/Mar/2016:12:29:25 +0200] "POST /wp-cron.php?doing_wp_cron=1458124165.7257640361785888671875 HTTP/1.0" 200 354 "-" "WordPress/4.4.2; http://blogs.selectsifiso.com"
165.125.178.11 - - [16/Mar/2016:12:29:30 +0200] "GET /favicon.ico HTTP/1.0" 200 260 "http://blogs.selectsifiso.com/using-rest-api-in-ssis-to-extract-top-100-user-tweets/" "Mozilla/5.0 (Windows NT 6.1; WOW64) AppleWebKit/537.36 (KHTML, like Gecko) Chrome/48.0.2564.116 Safari/537.36"
94.236.39.228 - - [16/Mar/2016:12:29:30 +0200] "GET / HTTP/1.0" 200 38790 "-" "-"
141.8.142.74 - - [16/Mar/2016:12:48:50 +0200] "GET /wp-content/uploads/2015/11/2.png HTTP/1.0" 200 266 "-" "Mozilla/5.0 (compatible; YandexImages/3.0; +http://yandex.com/bots)"
94.236.39.228 - - [16/Mar/2016:12:55:07 +0200] "GET / HTTP/1.0" 200 38790 "-" "-"
66.249.65.39 - - [16/Mar/2016:13:04:06 +0200] "GET /robots.txt HTTP/1.0" 200 612 "-" "Mozilla/5.0 (compatible; Googlebot/2.1; +http://www.google.com/bot.html)"
41.78.28.152 - - [16/Mar/2016:13:04:07 +0200] "POST /wp-cron.php?465a16b660ca40f346fc5a8baf6351e3&action=wysija_cron&process=queue,bounce&silent=1 HTTP/1.0" 200 354 "-" "WordPress/4.4.2; http://blogs.selectsifiso.com"
41.78.28.152 - - [16/Mar/2016:13:04:09 +0200] "POST /wp-cron.php?doing_wp_cron=1458126249.0891749858856201171875 HTTP/1.0" 200 354 "-" "WordPress/4.4.2; http://blogs.selectsifiso.com"
66.249.65.36 - - [16/Mar/2016:13:04:16 +0200] "GET /tag/read-sql-query/ HTTP/1.0" 200 9908 "-" "Mozilla/5.0 (compatible; Googlebot/2.1; +http://www.google.com/bot.html)"
66.249.65.36 - - [16/Mar/2016:13:09:51 +0200] "GET /tag/execute-sql-task/ HTTP/1.0" 200 9575 "-" "Mozilla/5.0 (compatible; Googlebot/2.1; +http://www.google.com/bot.html)"
41.78.28.152 - - [16/Mar/2016:13:09:52 +0200] "POST /wp-cron.php?465a16b660ca40f346fc5a8baf6351e3&action=wysija_cron&process=bounce&silent=1 HTTP/1.0" 200 354 "-" "WordPress/4.4.2; http://blogs.selectsifiso.com"
66.249.65.36 - - [16/Mar/2016:13:10:21 +0200] "GET /category/excel-workbook/ HTTP/1.0" 200 8956 "-" "Mozilla/5.0 (compatible; Googlebot/2.1; +http://www.google.com/bot.html)"
66.249.65.39 - - [16/Mar/2016:13:11:13 +0200] "GET /wp-content/plugins/counterize/counterize.css.php?ver=06820f499ad3078ba51bb8a3026295a9 HTTP/1.0" 200 1373 "-" "Mozilla/5.0 (compatible; Googlebot/2.1; +http://www.google.com/bot.html)"
66.249.65.33 - - [16/Mar/2016:13:11:19 +0200] "GET /wp-content/themes/iconic-one/style.css?ver=06820f499ad3078ba51bb8a3026295a9 HTTP/1.0" 200 271 "-" "Mozilla/5.0 (compatible; Googlebot/2.1; +http://www.google.com/bot.html)"
37.74.26.82 - - [16/Mar/2016:13:12:35 +0200] "GET /wp-content/plugins/page-views-count/ajax-loader.gif HTTP/1.0" 200 1190 "http://www.codeproject.com/Articles/1083644/Duplicate-MySQL-Table-Using-phpMyAdmin" "Mozilla/5.0 (Windows NT 6.1; WOW64) AppleWebKit/537.36 (KHTML, like Gecko) Chrome/49.0.2623.87 Safari/537.36"
23.23.61.167 - - [16/Mar/2016:13:19:49 +0200] "GET / HTTP/1.0" 200 9116 "-" "Ruby"
54.205.186.30 - - [16/Mar/2016:13:19:51 +0200] "GET / HTTP/1.0" 200 9116 "-" "Ruby"
80.34.81.64 - - [16/Mar/2016:13:31:57 +0200] "GET /wp-content/plugins/page-views-count/ajax-loader.gif HTTP/1.0" 200 1190 "http://www.codeproject.com/Articles/1083644/Duplicate-MySQL-Table-Using-phpMyAdmin" "Mozilla/5.0 (Windows NT 6.3; WOW64; rv:44.0) Gecko/20100101 Firefox/44.0"
41.78.28.152 - - [16/Mar/2016:13:32:29 +0200] "POST /wp-cron.php?465a16b660ca40f346fc5a8baf6351e3&action=wysija_cron&process=bounce&silent=1 HTTP/1.0" 200 354 "-" "WordPress/4.4.2; http://blogs.selectsifiso.com"
130.185.155.74 - - [16/Mar/2016:13:32:28 +0200] "GET /wp-login.php HTTP/1.0" 200 6137 "-" "Mozilla/5.0 (compatible; MSIE 9.0; Windows NT 6.1; Trident/5.0)"
41.78.28.152 - - [16/Mar/2016:13:32:30 +0200] "POST /wp-cron.php?doing_wp_cron=1458127950.8778851032257080078125 HTTP/1.0" 200 354 "-" "WordPress/4.4.2; http://blogs.selectsifiso.com"
130.185.155.74 - - [16/Mar/2016:13:32:33 +0200] "GET /?author=1 HTTP/1.0" 200 85215 "-" "Mozilla/5.0 (compatible; MSIE 9.0; Windows NT 6.1; Trident/5.0)"
130.185.155.74 - - [16/Mar/2016:13:32:39 +0200] "POST /wp-login.php HTTP/1.0" 403 2299 "-" "Mozilla/5.0 (compatible; MSIE 9.0; Windows NT 6.1; Trident/5.0)"
130.185.155.74 - - [16/Mar/2016:13:32:41 +0200] "POST /wp-login.php HTTP/1.0" 403 2299 "-" "Mozilla/5.0 (compatible; MSIE 9.0; Windows NT 6.1; Trident/5.0)"
130.185.155.74 - - [16/Mar/2016:13:32:42 +0200] "POST /wp-login.php HTTP/1.0" 403 2299 "-" "Mozilla/5.0 (compatible; MSIE 9.0; Windows NT 6.1; Trident/5.0)"
130.185.155.74 - - [16/Mar/2016:13:32:42 +0200] "POST /wp-login.php HTTP/1.0" 403 2299 "-" "Mozilla/5.0 (compatible; MSIE 9.0; Windows NT 6.1; Trident/5.0)"
94.236.39.228 - - [16/Mar/2016:13:35:21 +0200] "GET / HTTP/1.0" 200 38790 "-" "-"
128.40.250.14 - - [16/Mar/2016:13:37:45 +0200] "GET /wp-content/plugins/page-views-count/ajax-loader.gif HTTP/1.0" 200 1190 "http://www.codeproject.com/Articles/1083644/Duplicate-MySQL-Table-Using-phpMyAdmin" "Mozilla/5.0 (Windows NT 6.1; WOW64; rv:45.0) Gecko/20100101 Firefox/45.0"
180.76.15.152 - - [16/Mar/2016:13:40:24 +0200] "GET /wp-content/plugins/wysija-newsletters/css/validationEngine.jquery.css?ver=06820f499ad3078ba51bb8a3026295a9 HTTP/1.0" 200 302 "-" "Mozilla/5.0 (compatible; Baiduspider/2.0; +http://www.baidu.com/search/spider.html)"
178.149.200.171 - - [16/Mar/2016:13:45:44 +0200] "GET / HTTP/1.0" 200 9116 "-" "Mozilla/5.0 (X11; Linux x86_64) AppleWebKit/537.36 (KHTML, like Gecko) Chrome/49.0.2623.75 Safari/537.36 Google Favicon"
178.149.200.171 - - [16/Mar/2016:13:45:45 +0200] "GET /favicon.ico HTTP/1.0" 200 260 "-" "Mozilla/5.0 (X11; Linux x86_64) AppleWebKit/537.36 (KHTML, like Gecko) Chrome/49.0.2623.75 Safari/537.36 Google Favicon"
199.172.169.97 - - [16/Mar/2016:13:45:50 +0200] "GET /wp-content/plugins/page-views-count/ajax-loader.gif HTTP/1.0" 200 1190 "http://s3.feedly.com/production/head/" "Mozilla/5.0 (Windows NT 6.1; WOW64) AppleWebKit/537.36 (KHTML, like Gecko) Chrome/49.0.2623.87 Safari/537.36"
116.86.153.122 - - [16/Mar/2016:13:47:47 +0200] "GET /wp-content/plugins/page-views-count/ajax-loader.gif HTTP/1.0" 200 1190 "http://www.codeproject.com/Articles/1083644/Duplicate-MySQL-Table-Using-phpMyAdmin" "Mozilla/5.0 (Windows NT 6.1; WOW64) AppleWebKit/537.36 (KHTML, like Gecko) Chrome/49.0.2623.87 Safari/537.36"
41.78.28.152 - - [16/Mar/2016:13:49:50 +0200] "POST /wp-cron.php?465a16b660ca40f346fc5a8baf6351e3&action=wysija_cron&process=bounce&silent=1 HTTP/1.0" 200 354 "-" "WordPress/4.4.2; http://blogs.selectsifiso.com"
94.23.19.178 - - [16/Mar/2016:13:49:49 +0200] "GET /robots.txt HTTP/1.0" 200 570 "-" "Mozilla/5.0 (compatible; MJ12bot/v1.4.5; http://www.majestic12.co.uk/bot.php?+)"
41.78.28.152 - - [16/Mar/2016:13:49:51 +0200] "POST /wp-cron.php?doing_wp_cron=1458128991.6029920578002929687500 HTTP/1.0" 200 354 "-" "WordPress/4.4.2; http://blogs.selectsifiso.com"
94.23.19.178 - - [16/Mar/2016:13:49:56 +0200] "GET /programmatically-extract-save-sql-statements-in-execute-sql-tasks-using-c/ HTTP/1.0" 200 51512 "-" "Mozilla/5.0 (compatible; MJ12bot/v1.4.5; http://www.majestic12.co.uk/bot.php?+)"
94.23.19.178 - - [16/Mar/2016:13:50:03 +0200] "GET /tag/c-programming-language/page/5/ HTTP/1.0" 200 9209 "-" "Mozilla/5.0 (compatible; MJ12bot/v1.4.5; http://www.majestic12.co.uk/bot.php?+)"
81.107.70.186 - - [16/Mar/2016:13:51:15 +0200] "GET /wp-content/plugins/page-views-count/ajax-loader.gif HTTP/1.0" 200 1190 "http://www.codeproject.com/Articles/1083644/Duplicate-MySQL-Table-Using-phpMyAdmin" "Mozilla/5.0 (Windows NT 6.3; WOW64; rv:45.0) Gecko/20100101 Firefox/45.0"
178.26.113.22 - - [16/Mar/2016:13:52:13 +0200] "GET /wp-content/plugins/page-views-count/ajax-loader.gif HTTP/1.0" 200 1190 "http://www.codeproject.com/Articles/1083644/Duplicate-MySQL-Table-Using-phpMyAdmin" "Mozilla/5.0 (Windows NT 6.3; WOW64; rv:45.0) Gecko/20100101 Firefox/45.0"
81.107.70.186 - - [16/Mar/2016:13:52:42 +0200] "GET /wp-content/plugins/page-views-count/ajax-loader.gif HTTP/1.0" 200 1190 "-" "Mozilla/4.0 (compatible; MSIE 7.0; Windows NT 6.2; WOW64; Trident/7.0; .NET4.0E; .NET4.0C; InfoPath.3; .NET CLR 3.5.30729; .NET CLR 2.0.50727; .NET CLR 3.0.30729; GWX:RESERVED; ms-office; MSOffice 14)"
10.105.32.69 - - [16/Mar/2016:13:57:14 +0200] "GET /wp-content/uploads/sw_ndlovu-144x150.png HTTP/1.0" 200 274 "https://www.google.pl/" "Mozilla/5.0 (Windows NT 6.1; WOW64) AppleWebKit/537.36 (KHTML, like Gecko) Chrome/49.0.2623.87 Safari/537.36"
167.114.197.22 - - [16/Mar/2016:14:00:35 +0200] "GET / HTTP/1.0" 200 9116 "https://www.intl-alliance.com/store/cart.php?gid=30" "Mozilla/4.0 (compatible; Synapse)"
197.53.14.76 - - [16/Mar/2016:14:08:28 +0200] "GET /wp-content/plugins/page-views-count/ajax-loader.gif HTTP/1.0" 200 1190 "http://www.codeproject.com/Articles/1083644/Duplicate-MySQL-Table-Using-phpMyAdmin" "Mozilla/5.0 (Windows NT 6.1; rv:44.0) Gecko/20100101 Firefox/44.0"
123.125.71.108 - - [16/Mar/2016:14:11:41 +0200] "GET / HTTP/1.0" 200 9116 "-" "Mozilla/5.0 (Windows NT 5.1; rv:6.0.2) Gecko/20100101 Firefox/6.0.2"
123.125.71.92 - - [16/Mar/2016:14:11:44 +0200] "GET / HTTP/1.0" 200 38732 "-" "Mozilla/5.0 (Windows NT 5.1; rv:6.0.2) Gecko/20100101 Firefox/6.0.2"
220.181.108.123 - - [16/Mar/2016:14:15:50 +0200] "GET / HTTP/1.0" 200 9116 "-" "Mozilla/5.0 (Windows NT 5.1; rv:6.0.2) Gecko/20100101 Firefox/6.0.2"
220.181.108.111 - - [16/Mar/2016:14:15:52 +0200] "GET / HTTP/1.0" 200 38732 "-" "Mozilla/5.0 (Windows NT 5.1; rv:6.0.2) Gecko/20100101 Firefox/6.0.2"
212.129.31.47 - - [16/Mar/2016:14:19:29 +0200] "GET / HTTP/1.0" 200 9116 "http://www.selectsifiso.net/" "Mozilla/5.0 (Windows NT 5.1; rv:35.0) Gecko/20100101 Firefox/35.0"
23.23.61.167 - - [16/Mar/2016:14:19:36 +0200] "GET / HTTP/1.0" 200 9116 "-" "Ruby"
54.205.186.30 - - [16/Mar/2016:14:19:37 +0200] "GET / HTTP/1.0" 200 9116 "-" "Ruby"
41.78.28.152 - - [16/Mar/2016:14:24:59 +0200] "POST /wp-cron.php?465a16b660ca40f346fc5a8baf6351e3&action=wysija_cron&process=queue,bounce&silent=1 HTTP/1.0" 200 354 "-" "WordPress/4.4.2; http://blogs.selectsifiso.com"
66.249.65.33 - - [16/Mar/2016:14:24:58 +0200] "GET /robots.txt HTTP/1.0" 200 612 "-" "Mozilla/5.0 (compatible; Googlebot/2.1; +http://www.google.com/bot.html)"
66.249.65.33 - - [16/Mar/2016:14:25:02 +0200] "GET /wp-admin/admin-ajax.php?action=pvc_backbone_load_stats&post_ids%5B473%5D%5Bpost_id%5D=473&post_ids%5B473%5D%5Bask_update%5D=false&post_ids%5B479%5D%5Bpost_id%5D=479&post_ids%5B479%5D%5Bask_update%5D=false&post_ids%5B510%5D%5Bpost_id%5D=510&post_ids%5B510%5D%5Bask_update%5D=false&post_ids%5B558%5D%5Bpost_id%5D=558&post_ids%5B558%5D%5Bask_update%5D=false HTTP/1.0" 200 559 "http://blogs.selectsifiso.com/tag/visual-studio-2010/" "Mozilla/5.0 (compatible; Googlebot/2.1; +http://www.google.com/bot.html)"
41.78.28.152 - - [16/Mar/2016:14:25:00 +0200] "POST /wp-cron.php?doing_wp_cron=1458131100.6369550228118896484375 HTTP/1.0" 200 489 "-" "WordPress/4.4.2; http://blogs.selectsifiso.com"
94.236.39.228 - - [16/Mar/2016:14:30:00 +0200] "GET / HTTP/1.0" 200 38790 "-" "-"
212.129.31.47 - - [16/Mar/2016:14:33:02 +0200] "GET / HTTP/1.0" 200 9116 "http://www.selectsifiso.net/" "Mozilla/5.0 (Windows NT 5.1; rv:35.0) Gecko/20100101 Firefox/35.0"
94.236.39.228 - - [16/Mar/2016:14:36:51 +0200] "GET / HTTP/1.0" 200 38790 "-" "-"
141.8.142.74 - - [16/Mar/2016:14:42:32 +0200] "GET /wp-content/uploads/2015/11/2-300x171.png HTTP/1.0" 200 274 "-" "Mozilla/5.0 (compatible; YandexImages/3.0; +http://yandex.com/bots)"
66.249.65.33 - - [16/Mar/2016:14:54:25 +0200] "GET / HTTP/1.0" 200 9116 "-" "Mozilla/5.0 (compatible; Googlebot/2.1; +http://www.google.com/bot.html)"
41.78.28.152 - - [16/Mar/2016:15:10:27 +0200] "POST /wp-cron.php?465a16b660ca40f346fc5a8baf6351e3&action=wysija_cron&process=bounce&silent=1 HTTP/1.0" 200 354 "-" "WordPress/4.4.2; http://blogs.selectsifiso.com"
73.25.13.7 - - [16/Mar/2016:15:10:26 +0200] "GET / HTTP/1.0" 200 9205 "https://www.google.com/" "Mozilla/5.0 (Macintosh; Intel Mac OS X 10_11_3) AppleWebKit/537.36 (KHTML, like Gecko) Chrome/49.0.2623.87 Safari/537.36"
73.25.13.7 - - [16/Mar/2016:15:10:32 +0200] "GET /wp-includes/js/wp-emoji-release.min.js?ver=06820f499ad3078ba51bb8a3026295a9 HTTP/1.0" 200 285 "http://blogs.selectsifiso.com/" "Mozilla/5.0 (Macintosh; Intel Mac OS X 10_11_3) AppleWebKit/537.36 (KHTML, like Gecko) Chrome/49.0.2623.87 Safari/537.36"
73.25.13.7 - - [16/Mar/2016:15:10:32 +0200] "GET /wp-content/plugins/wysija-newsletters/css/validationEngine.jquery.css?ver=06820f499ad3078ba51bb8a3026295a9 HTTP/1.0" 200 302 "http://blogs.selectsifiso.com/" "Mozilla/5.0 (Macintosh; Intel Mac OS X 10_11_3) AppleWebKit/537.36 (KHTML, like Gecko) Chrome/49.0.2623.87 Safari/537.36"
73.25.13.7 - - [16/Mar/2016:15:10:32 +0200] "GET /wp-includes/css/dashicons.min.css?ver=06820f499ad3078ba51bb8a3026295a9 HTTP/1.0" 200 266 "http://blogs.selectsifiso.com/" "Mozilla/5.0 (Macintosh; Intel Mac OS X 10_11_3) AppleWebKit/537.36 (KHTML, like Gecko) Chrome/49.0.2623.87 Safari/537.36"
73.25.13.7 - - [16/Mar/2016:15:10:32 +0200] "GET /wp-content/plugins/captcha/css/desktop_style.css?ver=06820f499ad3078ba51bb8a3026295a9 HTTP/1.0" 200 281 "http://blogs.selectsifiso.com/" "Mozilla/5.0 (Macintosh; Intel Mac OS X 10_11_3) AppleWebKit/537.36 (KHTML, like Gecko) Chrome/49.0.2623.87 Safari/537.36"
73.25.13.7 - - [16/Mar/2016:15:10:32 +0200] "GET /wp-content/plugins/captcha/css/style.css?ver=06820f499ad3078ba51bb8a3026295a9 HTTP/1.0" 200 273 "http://blogs.selectsifiso.com/" "Mozilla/5.0 (Macintosh; Intel Mac OS X 10_11_3) AppleWebKit/537.36 (KHTML, like Gecko) Chrome/49.0.2623.87 Safari/537.36"
73.25.13.7 - - [16/Mar/2016:15:10:32 +0200] "GET /wp-content/plugins/simplified-social-share/oss-social-sharing/assets/css/oss-social-sharing-front.css?ver=06820f499ad3078ba51bb8a3026295a9 HTTP/1.0" 200 754 "http://blogs.selectsifiso.com/" "Mozilla/5.0 (Macintosh; Intel Mac OS X 10_11_3) AppleWebKit/537.36 (KHTML, like Gecko) Chrome/49.0.2623.87 Safari/537.36"
73.25.13.7 - - [16/Mar/2016:15:10:32 +0200] "GET /wp-content/plugins/contact-form-7/includes/css/styles.css?ver=06820f499ad3078ba51bb8a3026295a9 HTTP/1.0" 200 290 "http://blogs.selectsifiso.com/" "Mozilla/5.0 (Macintosh; Intel Mac OS X 10_11_3) AppleWebKit/537.36 (KHTML, like Gecko) Chrome/49.0.2623.87 Safari/537.36"
73.25.13.7 - - [16/Mar/2016:15:10:33 +0200] "GET /wp-content/themes/iconic-one/style.css?ver=06820f499ad3078ba51bb8a3026295a9 HTTP/1.0" 200 271 "http://blogs.selectsifiso.com/" "Mozilla/5.0 (Macintosh; Intel Mac OS X 10_11_3) AppleWebKit/537.36 (KHTML, like Gecko) Chrome/49.0.2623.87 Safari/537.36"
73.25.13.7 - - [16/Mar/2016:15:10:33 +0200] "GET /wp-content/plugins/page-views-count/assets/css/style.min.css?ver=06820f499ad3078ba51bb8a3026295a9 HTTP/1.0" 200 509 "http://blogs.selectsifiso.com/" "Mozilla/5.0 (Macintosh; Intel Mac OS X 10_11_3) AppleWebKit/537.36 (KHTML, like Gecko) Chrome/49.0.2623.87 Safari/537.36"
73.25.13.7 - - [16/Mar/2016:15:10:33 +0200] "GET /wp-content/plugins/tablepress/css/default.min.css?ver=06820f499ad3078ba51bb8a3026295a9 HTTP/1.0" 200 282 "http://blogs.selectsifiso.com/" "Mozilla/5.0 (Macintosh; Intel Mac OS X 10_11_3) AppleWebKit/537.36 (KHTML, like Gecko) Chrome/49.0.2623.87 Safari/537.36"
73.25.13.7 - - [16/Mar/2016:15:10:33 +0200] "GET /wp-content/plugins/counterize/counterize.css.php?ver=06820f499ad3078ba51bb8a3026295a9 HTTP/1.0" 200 1373 "http://blogs.selectsifiso.com/" "Mozilla/5.0 (Macintosh; Intel Mac OS X 10_11_3) AppleWebKit/537.36 (KHTML, like Gecko) Chrome/49.0.2623.87 Safari/537.36"
73.25.13.7 - - [16/Mar/2016:15:10:33 +0200] "GET /wp-content/themes/iconic-one/custom.css?ver=06820f499ad3078ba51bb8a3026295a9 HTTP/1.0" 200 408 "http://blogs.selectsifiso.com/" "Mozilla/5.0 (Macintosh; Intel Mac OS X 10_11_3) AppleWebKit/537.36 (KHTML, like Gecko) Chrome/49.0.2623.87 Safari/537.36"
73.25.13.7 - - [16/Mar/2016:15:10:34 +0200] "GET /wp-includes/js/jquery/jquery.js?ver=06820f499ad3078ba51bb8a3026295a9 HTTP/1.0" 200 278 "http://blogs.selectsifiso.com/" "Mozilla/5.0 (Macintosh; Intel Mac OS X 10_11_3) AppleWebKit/537.36 (KHTML, like Gecko) Chrome/49.0.2623.87 Safari/537.36"
73.25.13.7 - - [16/Mar/2016:15:10:34 +0200] "GET /wp-includes/js/jquery/jquery-migrate.min.js?ver=06820f499ad3078ba51bb8a3026295a9 HTTP/1.0" 200 290 "http://blogs.selectsifiso.com/" "Mozilla/5.0 (Macintosh; Intel Mac OS X 10_11_3) AppleWebKit/537.36 (KHTML, like Gecko) Chrome/49.0.2623.87 Safari/537.36"
73.25.13.7 - - [16/Mar/2016:15:10:34 +0200] "GET /wp-content/plugins/captcha/js/front_end_script.js?ver=06820f499ad3078ba51bb8a3026295a9 HTTP/1.0" 200 790 "http://blogs.selectsifiso.com/" "Mozilla/5.0 (Macintosh; Intel Mac OS X 10_11_3) AppleWebKit/537.36 (KHTML, like Gecko) Chrome/49.0.2623.87 Safari/537.36"
73.25.13.7 - - [16/Mar/2016:15:10:34 +0200] "GET /wp-includes/js/backbone.min.js?ver=06820f499ad3078ba51bb8a3026295a9 HTTP/1.0" 200 277 "http://blogs.selectsifiso.com/" "Mozilla/5.0 (Macintosh; Intel Mac OS X 10_11_3) AppleWebKit/537.36 (KHTML, like Gecko) Chrome/49.0.2623.87 Safari/537.36"
73.25.13.7 - - [16/Mar/2016:15:10:34 +0200] "GET /wp-includes/js/underscore.min.js?ver=06820f499ad3078ba51bb8a3026295a9 HTTP/1.0" 200 279 "http://blogs.selectsifiso.com/" "Mozilla/5.0 (Macintosh; Intel Mac OS X 10_11_3) AppleWebKit/537.36 (KHTML, like Gecko) Chrome/49.0.2623.87 Safari/537.36"
73.25.13.7 - - [16/Mar/2016:15:10:35 +0200] "GET /wp-content/plugins/page-views-count/assets/js/pvc.backbone.min.js?ver=06820f499ad3078ba51bb8a3026295a9 HTTP/1.0" 200 312 "http://blogs.selectsifiso.com/" "Mozilla/5.0 (Macintosh; Intel Mac OS X 10_11_3) AppleWebKit/537.36 (KHTML, like Gecko) Chrome/49.0.2623.87 Safari/537.36"
73.25.13.7 - - [16/Mar/2016:15:10:35 +0200] "GET /wp-content/plugins/counterize/counterize.js.php?ver=06820f499ad3078ba51bb8a3026295a9 HTTP/1.0" 200 11428 "http://blogs.selectsifiso.com/" "Mozilla/5.0 (Macintosh; Intel Mac OS X 10_11_3) AppleWebKit/537.36 (KHTML, like Gecko) Chrome/49.0.2623.87 Safari/537.36"
73.25.13.7 - - [16/Mar/2016:15:10:35 +0200] "GET /wp-content/uploads/2015/09/selectSIFISOforBlogsNew.png HTTP/1.0" 200 288 "http://blogs.selectsifiso.com/" "Mozilla/5.0 (Macintosh; Intel Mac OS X 10_11_3) AppleWebKit/537.36 (KHTML, like Gecko) Chrome/49.0.2623.87 Safari/537.36"
73.25.13.7 - - [16/Mar/2016:15:10:35 +0200] "GET /wp-content/themes/iconic-one/img/facebook.png HTTP/1.0" 200 505 "http://blogs.selectsifiso.com/" "Mozilla/5.0 (Macintosh; Intel Mac OS X 10_11_3) AppleWebKit/537.36 (KHTML, like Gecko) Chrome/49.0.2623.87 Safari/537.36"
73.25.13.7 - - [16/Mar/2016:15:10:35 +0200] "GET /wp-content/themes/iconic-one/img/twitter.png HTTP/1.0" 200 568 "http://blogs.selectsifiso.com/" "Mozilla/5.0 (Macintosh; Intel Mac OS X 10_11_3) AppleWebKit/537.36 (KHTML, like Gecko) Chrome/49.0.2623.87 Safari/537.36"
73.25.13.7 - - [16/Mar/2016:15:10:36 +0200] "GET /wp-content/uploads/2015/05/linkedin_321.png HTTP/1.0" 200 277 "http://blogs.selectsifiso.com/" "Mozilla/5.0 (Macintosh; Intel Mac OS X 10_11_3) AppleWebKit/537.36 (KHTML, like Gecko) Chrome/49.0.2623.87 Safari/537.36"
73.25.13.7 - - [16/Mar/2016:15:10:36 +0200] "GET /wp-content/themes/iconic-one/img/gplus.png HTTP/1.0" 200 1247 "http://blogs.selectsifiso.com/" "Mozilla/5.0 (Macintosh; Intel Mac OS X 10_11_3) AppleWebKit/537.36 (KHTML, like Gecko) Chrome/49.0.2623.87 Safari/537.36"
73.25.13.7 - - [16/Mar/2016:15:10:36 +0200] "GET /wp-content/uploads/2015/05/youtube_logo.png HTTP/1.0" 200 277 "http://blogs.selectsifiso.com/" "Mozilla/5.0 (Macintosh; Intel Mac OS X 10_11_3) AppleWebKit/537.36 (KHTML, like Gecko) Chrome/49.0.2623.87 Safari/537.36"
73.25.13.7 - - [16/Mar/2016:15:10:37 +0200] "GET /wp-content/themes/iconic-one/img/rss.png HTTP/1.0" 200 644 "http://blogs.selectsifiso.com/" "Mozilla/5.0 (Macintosh; Intel Mac OS X 10_11_3) AppleWebKit/537.36 (KHTML, like Gecko) Chrome/49.0.2623.87 Safari/537.36"
73.25.13.7 - - [16/Mar/2016:15:10:37 +0200] "GET /wp-content/plugins/page-views-count/ajax-loader.gif HTTP/1.0" 200 1190 "http://blogs.selectsifiso.com/" "Mozilla/5.0 (Macintosh; Intel Mac OS X 10_11_3) AppleWebKit/537.36 (KHTML, like Gecko) Chrome/49.0.2623.87 Safari/537.36"
73.25.13.7 - - [16/Mar/2016:15:10:37 +0200] "GET /wp-content/plugins/contact-form-7/includes/js/jquery.form.min.js?ver=06820f499ad3078ba51bb8a3026295a9-2014.06.20 HTTP/1.0" 200 311 "http://blogs.selectsifiso.com/" "Mozilla/5.0 (Macintosh; Intel Mac OS X 10_11_3) AppleWebKit/537.36 (KHTML, like Gecko) Chrome/49.0.2623.87 Safari/537.36"
73.25.13.7 - - [16/Mar/2016:15:10:37 +0200] "GET /wp-content/plugins/contact-form-7/includes/js/scripts.js?ver=06820f499ad3078ba51bb8a3026295a9 HTTP/1.0" 200 303 "http://blogs.selectsifiso.com/" "Mozilla/5.0 (Macintosh; Intel Mac OS X 10_11_3) AppleWebKit/537.36 (KHTML, like Gecko) Chrome/49.0.2623.87 Safari/537.36"
73.25.13.7 - - [16/Mar/2016:15:10:37 +0200] "GET /wp-content/themes/iconic-one/js/selectnav.js?ver=06820f499ad3078ba51bb8a3026295a9 HTTP/1.0" 200 291 "http://blogs.selectsifiso.com/" "Mozilla/5.0 (Macintosh; Intel Mac OS X 10_11_3) AppleWebKit/537.36 (KHTML, like Gecko) Chrome/49.0.2623.87 Safari/537.36"
73.25.13.7 - - [16/Mar/2016:15:10:37 +0200] "GET /wp-includes/js/wp-embed.min.js?ver=06820f499ad3078ba51bb8a3026295a9 HTTP/1.0" 200 277 "http://blogs.selectsifiso.com/" "Mozilla/5.0 (Macintosh; Intel Mac OS X 10_11_3) AppleWebKit/537.36 (KHTML, like Gecko) Chrome/49.0.2623.87 Safari/537.36"
