41.78.28.152 - - [13/Mar/2016:13:45:21 +0200] "POST /wp-cron.php?doing_wp_cron=1457869521.3938310146331787109375 HTTP/1.0" 200 354 "-" "WordPress/4.4.2; http://blogs.selectsifiso.com"
79.117.53.76 - - [13/Mar/2016:13:52:07 +0200] "GET / HTTP/1.0" 200 10464 "-" "Mozilla/5.0 (X11; Linux x86_64) AppleWebKit/537.36 (KHTML, like Gecko) Chrome/49.0.2623.75 Safari/537.36 Google Favicon"
79.117.53.76 - - [13/Mar/2016:13:52:08 +0200] "GET /favicon.ico HTTP/1.0" 200 260 "-" "Mozilla/5.0 (X11; Linux x86_64) AppleWebKit/537.36 (KHTML, like Gecko) Chrome/49.0.2623.75 Safari/537.36 Google Favicon"
94.236.39.228 - - [13/Mar/2016:13:55:51 +0200] "GET / HTTP/1.0" 200 46080 "-" "-"
180.76.15.161 - - [13/Mar/2016:13:56:41 +0200] "GET /wp-content/plugins/simplified-social-share/oss-social-sharing/assets/css/oss-social-sharing-front.css?ver=06820f499ad3078ba51bb8a3026295a9 HTTP/1.0" 200 754 "-" "Mozilla/5.0 (compatible; Baiduspider/2.0; +http://www.baidu.com/search/spider.html)"
41.78.28.152 - - [13/Mar/2016:14:16:50 +0200] "POST /wp-cron.php?465a16b660ca40f346fc5a8baf6351e3&action=wysija_cron&process=bounce&silent=1 HTTP/1.0" 200 354 "-" "WordPress/4.4.2; http://blogs.selectsifiso.com"
66.249.65.33 - - [13/Mar/2016:14:16:49 +0200] "GET /robots.txt HTTP/1.0" 200 612 "-" "Mozilla/5.0 (compatible; Googlebot/2.1; +http://www.google.com/bot.html)"
66.249.65.33 - - [13/Mar/2016:14:16:53 +0200] "GET /wp-admin/admin-ajax.php?action=pvc_backbone_load_stats&post_ids%5B288%5D%5Bpost_id%5D=288&post_ids%5B288%5D%5Bask_update%5D=true HTTP/1.0" 200 399 "http://blogs.selectsifiso.com/programmatically-create-data-flow-task-in-ssis-package-using-c/" "Mozilla/5.0 (compatible; Googlebot/2.1; +http://www.google.com/bot.html)"
41.78.28.152 - - [13/Mar/2016:14:16:51 +0200] "POST /wp-cron.php?doing_wp_cron=1457871411.9255859851837158203125 HTTP/1.0" 200 489 "-" "WordPress/4.4.2; http://blogs.selectsifiso.com"
23.23.61.167 - - [13/Mar/2016:14:19:03 +0200] "GET / HTTP/1.0" 200 10464 "-" "Ruby"
54.205.186.30 - - [13/Mar/2016:14:19:07 +0200] "GET / HTTP/1.0" 200 10464 "-" "Ruby"
180.76.15.6 - - [13/Mar/2016:14:25:05 +0200] "GET / HTTP/1.0" 200 10464 "-" "Mozilla/5.0 (compatible; Baiduspider/2.0; +http://www.baidu.com/search/spider.html)"
65.19.138.34 - - [13/Mar/2016:14:26:32 +0200] "GET / HTTP/1.0" 200 10464 "-" "Feedly/1.0 (+http://www.feedly.com/fetcher.html; like FeedFetcher-Google)"
195.154.250.39 - - [13/Mar/2016:14:31:48 +0200] "GET / HTTP/1.0" 200 10464 "-" "Mozilla/5.0 (Windows NT 6.1; Trident/7.0; rv:11.0) like Gecko"
141.8.142.74 - - [13/Mar/2016:14:55:59 +0200] "GET /tag/net-framework-3-5/ HTTP/1.0" 200 8081 "-" "Mozilla/5.0 (compatible; YandexBot/3.0; +http://yandex.com/bots)"
41.78.28.152 - - [13/Mar/2016:14:56:02 +0200] "POST /wp-cron.php?465a16b660ca40f346fc5a8baf6351e3&action=wysija_cron&process=queue,bounce&silent=1 HTTP/1.0" 200 354 "-" "WordPress/4.4.2; http://blogs.selectsifiso.com"
41.78.28.152 - - [13/Mar/2016:14:56:03 +0200] "POST /wp-cron.php?doing_wp_cron=1457873763.6778581142425537109375 HTTP/1.0" 200 354 "-" "WordPress/4.4.2; http://blogs.selectsifiso.com"
94.236.39.228 - - [13/Mar/2016:14:57:41 +0200] "GET / HTTP/1.0" 200 46080 "-" "-"
94.236.39.228 - - [13/Mar/2016:14:57:45 +0200] "GET / HTTP/1.0" 200 46080 "-" "-"
123.125.71.41 - - [13/Mar/2016:14:59:57 +0200] "GET / HTTP/1.0" 200 10464 "-" "Mozilla/5.0 (compatible; Baiduspider/2.0; +http://www.baidu.com/search/spider.html)"
46.105.86.213 - - [13/Mar/2016:15:03:33 +0200] "GET / HTTP/1.0" 200 10464 "http://www.selectsifiso.net/" "Mozilla/5.0 (Windows NT 6.1; WOW64) AppleWebKit/537.36 (KHTML, like Gecko) Iron/29.0.1600.1 Chrome/29.0.1600.1 Safari/537.36"
180.76.15.5 - - [13/Mar/2016:15:03:39 +0200] "GET /tag/crows-foot-database-notation/ HTTP/1.0" 200 8108 "-" "Mozilla/5.0 (compatible; Baiduspider/2.0; +http://www.baidu.com/search/spider.html)"
41.78.28.152 - - [13/Mar/2016:15:03:40 +0200] "POST /wp-cron.php?465a16b660ca40f346fc5a8baf6351e3&action=wysija_cron&process=bounce&silent=1 HTTP/1.0" 200 354 "-" "WordPress/4.4.2; http://blogs.selectsifiso.com"
23.105.45.151 - - [13/Mar/2016:15:19:00 +0200] "GET / HTTP/1.0" 200 10464 "http://www.selectsifiso.net/" "Mozilla/5.0 (Windows NT 5.1) AppleWebKit/537.36 (KHTML, like Gecko) Chrome/39.0.2171.95 Safari/537.36 OPR/26.0.1656.60"
23.23.61.167 - - [13/Mar/2016:15:19:28 +0200] "GET / HTTP/1.0" 200 10464 "-" "Ruby"
54.205.186.30 - - [13/Mar/2016:15:19:28 +0200] "GET / HTTP/1.0" 200 10464 "-" "Ruby"
207.46.13.193 - - [13/Mar/2016:15:21:31 +0200] "GET /wp-includes/js/underscore.min.js?ver=06820f499ad3078ba51bb8a3026295a9 HTTP/1.0" 200 279 "-" "Mozilla/5.0 (compatible; bingbot/2.0; +http://www.bing.com/bingbot.htm)"
207.46.13.134 - - [13/Mar/2016:15:22:36 +0200] "GET /robots.txt HTTP/1.0" 200 570 "-" "Mozilla/5.0 (compatible; bingbot/2.0; +http://www.bing.com/bingbot.htm)"
41.78.28.152 - - [13/Mar/2016:15:22:38 +0200] "POST /wp-cron.php?465a16b660ca40f346fc5a8baf6351e3&action=wysija_cron&process=bounce&silent=1 HTTP/1.0" 200 354 "-" "WordPress/4.4.2; http://blogs.selectsifiso.com"
41.78.28.152 - - [13/Mar/2016:15:22:40 +0200] "POST /wp-cron.php?doing_wp_cron=1457875360.1013400554656982421875 HTTP/1.0" 200 354 "-" "WordPress/4.4.2; http://blogs.selectsifiso.com"
207.46.13.134 - - [13/Mar/2016:15:23:13 +0200] "GET /wp-content/plugins/simplified-social-share/oss-social-sharing/assets/css/oss-social-sharing-front.css?ver=06820f499ad3078ba51bb8a3026295a9 HTTP/1.0" 200 754 "-" "Mozilla/5.0 (compatible; bingbot/2.0; +http://www.bing.com/bingbot.htm)"
94.236.39.228 - - [13/Mar/2016:15:46:28 +0200] "GET / HTTP/1.0" 200 46080 "-" "-"
94.236.39.228 - - [13/Mar/2016:15:52:47 +0200] "GET / HTTP/1.0" 200 46080 "-" "-"
180.76.15.13 - - [13/Mar/2016:16:10:38 +0200] "GET /wp-content/plugins/contact-form-7/includes/js/jquery.form.min.js HTTP/1.0" 200 311 "-" "Mozilla/5.0 (compatible; Baiduspider/2.0; +http://www.baidu.com/search/spider.html)"
23.108.176.84 - - [13/Mar/2016:16:10:57 +0200] "GET / HTTP/1.0" 200 10464 "http://www.selectsifiso.net" "Mozilla/5.0 (Windows NT 5.1) AppleWebKit/537.36 (KHTML, like Gecko) Chrome/39.0.2171.95 Safari/537.36 OPR/26.0.1656.60"
126.75.90.156 - - [13/Mar/2016:16:15:06 +0200] "GET /wp-content/plugins/page-views-count/ajax-loader.gif HTTP/1.0" 200 1190 "http://feedly.com/i/subscription/feed/http://www.codeproject.com/webservices/articlerss.aspx?cat=1" "Mozilla/5.0 (Windows NT 10.0; Win64; x64; rv:45.0) Gecko/20100101 Firefox/45.0"
23.23.61.167 - - [13/Mar/2016:16:18:52 +0200] "GET / HTTP/1.0" 200 10464 "-" "Ruby"
54.205.186.30 - - [13/Mar/2016:16:18:52 +0200] "GET / HTTP/1.0" 200 10464 "-" "Ruby"
131.253.25.151 - - [13/Mar/2016:16:22:30 +0200] "GET /wp-content/plugins/simplified-social-share/oss-social-sharing/assets/js/oss_share.js?ver=06820f499ad3078ba51bb8a3026295a9 HTTP/1.0" 200 488 "http://blogs.selectsifiso.com/" "Mozilla/5.0 (Windows NT 6.1; WOW64) AppleWebKit/534+ (KHTML, like Gecko) BingPreview/1.0b"
41.78.28.152 - - [13/Mar/2016:16:22:33 +0200] "POST /wp-cron.php?465a16b660ca40f346fc5a8baf6351e3&action=wysija_cron&process=queue,bounce,daily&silent=1 HTTP/1.0" 200 354 "-" "WordPress/4.4.2; http://blogs.selectsifiso.com"
41.78.28.152 - - [13/Mar/2016:16:22:44 +0200] "POST /wp-admin/admin-ajax.php?action=wordfence_testAjax HTTP/1.0" 200 508 "-" "WordPress/4.4.2; http://blogs.selectsifiso.com"
131.253.25.151 - - [13/Mar/2016:16:22:31 +0200] "GET /wp-admin/admin-ajax.php?action=pvc_backbone_load_stats&post_ids%5B1043%5D%5Bpost_id%5D=1043&post_ids%5B1043%5D%5Bask_update%5D=false&post_ids%5B1112%5D%5Bpost_id%5D=1112&post_ids%5B1112%5D%5Bask_update%5D=false&post_ids%5B1136%5D%5Bpost_id%5D=1136&post_ids%5B1136%5D%5Bask_update%5D=false&post_ids%5B1188%5D%5Bpost_id%5D=1188&post_ids%5B1188%5D%5Bask_update%5D=false&post_ids%5B1196%5D%5Bpost_id%5D=1196&post_ids%5B1196%5D%5Bask_update%5D=false&post_ids%5B1204%5D%5Bpost_id%5D=1204&post_ids%5B1204%5D%5Bask_update%5D=false HTTP/1.0" 200 732 "http://blogs.selectsifiso.com/" "Mozilla/5.0 (Windows NT 6.1; WOW64) AppleWebKit/534+ (KHTML, like Gecko) BingPreview/1.0b"
41.78.28.152 - - [13/Mar/2016:16:22:34 +0200] "POST /wp-cron.php?doing_wp_cron=1457878954.7500829696655273437500 HTTP/1.0" 200 354 "-" "WordPress/4.4.2; http://blogs.selectsifiso.com"
41.78.28.152 - - [13/Mar/2016:16:23:29 +0200] "POST /wp-admin/admin-ajax.php?action=wordfence_testAjax HTTP/1.0" 200 508 "-" "WordPress/4.4.2; http://blogs.selectsifiso.com"
41.78.28.152 - - [13/Mar/2016:16:22:46 +0200] "GET /wp-admin/admin-ajax.php?action=wordfence_doScan&isFork=0&cronKey=5ac4c1df6bd57ae22882f328 HTTP/1.0" 200 428 "-" "WordPress/4.4.2; http://blogs.selectsifiso.com"
41.78.28.152 - - [13/Mar/2016:16:24:12 +0200] "POST /wp-admin/admin-ajax.php?action=wordfence_testAjax HTTP/1.0" 200 508 "-" "WordPress/4.4.2; http://blogs.selectsifiso.com"
41.78.28.152 - - [13/Mar/2016:16:23:36 +0200] "GET /wp-admin/admin-ajax.php?action=wordfence_doScan&isFork=1&cronKey=6bebab4088b64c0261596ee HTTP/1.0" 200 428 "-" "WordPress/4.4.2; http://blogs.selectsifiso.com"
41.78.28.152 - - [13/Mar/2016:16:24:57 +0200] "POST /wp-admin/admin-ajax.php?action=wordfence_testAjax HTTP/1.0" 200 508 "-" "WordPress/4.4.2; http://blogs.selectsifiso.com"
41.78.28.152 - - [13/Mar/2016:16:24:24 +0200] "GET /wp-admin/admin-ajax.php?action=wordfence_doScan&isFork=1&cronKey=3295fb14a8df594d529719 HTTP/1.0" 200 428 "-" "WordPress/4.4.2; http://blogs.selectsifiso.com"
41.78.28.152 - - [13/Mar/2016:16:25:33 +0200] "POST /wp-admin/admin-ajax.php?action=wordfence_testAjax HTTP/1.0" 200 508 "-" "WordPress/4.4.2; http://blogs.selectsifiso.com"
41.78.28.152 - - [13/Mar/2016:16:25:40 +0200] "POST /wp-cron.php?doing_wp_cron=1457879140.5283501148223876953125 HTTP/1.0" 200 354 "-" "WordPress/4.4.2; http://blogs.selectsifiso.com"
41.78.28.152 - - [13/Mar/2016:16:24:59 +0200] "GET /wp-admin/admin-ajax.php?action=wordfence_doScan&isFork=1&cronKey=60e7525d466c0cec40eff680 HTTP/1.0" 200 428 "-" "WordPress/4.4.2; http://blogs.selectsifiso.com"
41.78.28.152 - - [13/Mar/2016:16:26:20 +0200] "POST /wp-admin/admin-ajax.php?action=wordfence_testAjax HTTP/1.0" 200 508 "-" "WordPress/4.4.2; http://blogs.selectsifiso.com"
41.78.28.152 - - [13/Mar/2016:16:26:27 +0200] "GET /wp-admin/admin-ajax.php?action=wordfence_doScan&isFork=1&cronKey=26252ff93f76cc072399bbba HTTP/1.0" 200 428 "-" "WordPress/4.4.2; http://blogs.selectsifiso.com"
41.78.28.152 - - [13/Mar/2016:16:25:44 +0200] "GET /wp-admin/admin-ajax.php?action=wordfence_doScan&isFork=1&cronKey=56a0332f21b0b70f1007b716 HTTP/1.0" 200 428 "-" "WordPress/4.4.2; http://blogs.selectsifiso.com"
65.19.138.33 - - [13/Mar/2016:16:28:33 +0200] "GET / HTTP/1.0" 200 10464 "-" "Feedly/1.0 (+http://www.feedly.com/fetcher.html; like FeedFetcher-Google)"
94.236.39.228 - - [13/Mar/2016:16:29:14 +0200] "GET / HTTP/1.0" 200 46080 "-" "-"
93.158.152.46 - - [13/Mar/2016:16:34:53 +0200] "GET /category/execute-sql-task/ HTTP/1.0" 200 9436 "-" "Mozilla/5.0 (compatible; YandexBot/3.0; +http://yandex.com/bots)"
41.78.28.152 - - [13/Mar/2016:16:35:00 +0200] "POST /wp-cron.php?465a16b660ca40f346fc5a8baf6351e3&action=wysija_cron&process=queue,bounce&silent=1 HTTP/1.0" 200 354 "-" "WordPress/4.4.2; http://blogs.selectsifiso.com"
41.78.28.152 - - [13/Mar/2016:16:35:02 +0200] "POST /wp-cron.php?doing_wp_cron=1457879702.1832840442657470703125 HTTP/1.0" 200 354 "-" "WordPress/4.4.2; http://blogs.selectsifiso.com"
180.76.15.30 - - [13/Mar/2016:16:37:39 +0200] "GET / HTTP/1.0" 200 10552 "-" "Mozilla/5.0 (compatible; Baiduspider/2.0; +http://www.baidu.com/search/spider.html)"
41.78.28.152 - - [13/Mar/2016:16:37:43 +0200] "POST /wp-cron.php?doing_wp_cron=1457879863.4805068969726562500000 HTTP/1.0" 200 354 "-" "WordPress/4.4.2; http://blogs.selectsifiso.com"
94.236.39.228 - - [13/Mar/2016:16:45:22 +0200] "GET / HTTP/1.0" 200 46080 "-" "-"
130.193.51.74 - - [13/Mar/2016:17:00:01 +0200] "GET /robots.txt HTTP/1.0" 200 570 "-" "Mozilla/5.0 (compatible; YandexBot/3.0; +http://yandex.com/bots)"
41.78.28.152 - - [13/Mar/2016:17:00:03 +0200] "POST /wp-cron.php?465a16b660ca40f346fc5a8baf6351e3&action=wysija_cron&process=bounce&silent=1 HTTP/1.0" 200 354 "-" "WordPress/4.4.2; http://blogs.selectsifiso.com"
66.249.65.36 - - [13/Mar/2016:17:01:36 +0200] "GET /robots.txt HTTP/1.0" 200 612 "-" "Mozilla/5.0 (compatible; Googlebot/2.1; +http://www.google.com/bot.html)"
94.242.246.24 - - [13/Mar/2016:17:02:03 +0200] "GET / HTTP/1.0" 200 10463 "http://burger-imperia.com/" "Mozilla/5.0 (X11; Linux x86_64) AppleWebKit/537.36 (KHTML, like Gecko) Chrome/37.0.2062.120 Safari/537.36"
66.249.65.33 - - [13/Mar/2016:17:07:03 +0200] "GET /category/dimensional-modelling/ HTTP/1.0" 200 8107 "-" "Mozilla/5.0 (compatible; Googlebot/2.1; +http://www.google.com/bot.html)"
41.78.28.152 - - [13/Mar/2016:17:07:04 +0200] "POST /wp-cron.php?465a16b660ca40f346fc5a8baf6351e3&action=wysija_cron&process=bounce&silent=1 HTTP/1.0" 200 354 "-" "WordPress/4.4.2; http://blogs.selectsifiso.com"
41.78.28.152 - - [13/Mar/2016:17:07:05 +0200] "POST /wp-cron.php?doing_wp_cron=1457881625.7937829494476318359375 HTTP/1.0" 200 354 "-" "WordPress/4.4.2; http://blogs.selectsifiso.com"
66.249.65.39 - - [13/Mar/2016:17:07:10 +0200] "GET /tag/source-component/ HTTP/1.0" 200 9884 "-" "Mozilla/5.0 (compatible; Googlebot/2.1; +http://www.google.com/bot.html)"
66.249.65.36 - - [13/Mar/2016:17:07:14 +0200] "GET /tag/c-programming-language/ HTTP/1.0" 200 10571 "-" "Mozilla/5.0 (compatible; Googlebot/2.1; +http://www.google.com/bot.html)"
66.249.65.33 - - [13/Mar/2016:17:07:19 +0200] "GET /tag/extract-sql-statement-source/ HTTP/1.0" 200 9400 "-" "Mozilla/5.0 (compatible; Googlebot/2.1; +http://www.google.com/bot.html)"
94.236.39.228 - - [13/Mar/2016:17:08:35 +0200] "GET / HTTP/1.0" 200 46080 "-" "-"
23.23.61.167 - - [13/Mar/2016:17:19:37 +0200] "GET / HTTP/1.0" 200 10463 "-" "Ruby"
54.205.186.30 - - [13/Mar/2016:17:19:39 +0200] "GET / HTTP/1.0" 200 10463 "-" "Ruby"
41.78.28.152 - - [13/Mar/2016:17:28:43 +0200] "POST /wp-cron.php?465a16b660ca40f346fc5a8baf6351e3&action=wysija_cron&process=bounce&silent=1 HTTP/1.0" 200 354 "-" "WordPress/4.4.2; http://blogs.selectsifiso.com"
66.249.65.33 - - [13/Mar/2016:17:28:42 +0200] "GET /wp-admin/admin-ajax.php?action=pvc_backbone_load_stats&post_ids%5B640%5D%5Bpost_id%5D=640&post_ids%5B640%5D%5Bask_update%5D=true HTTP/1.0" 200 398 "http://blogs.selectsifiso.com/failing-to-preview-report-in-report-builder/" "Mozilla/5.0 (compatible; Googlebot/2.1; +http://www.google.com/bot.html)"
41.78.28.152 - - [13/Mar/2016:17:28:44 +0200] "POST /wp-cron.php?doing_wp_cron=1457882924.4184958934783935546875 HTTP/1.0" 200 354 "-" "WordPress/4.4.2; http://blogs.selectsifiso.com"
94.236.39.228 - - [13/Mar/2016:17:45:31 +0200] "GET / HTTP/1.0" 200 46080 "-" "-"
94.236.39.228 - - [13/Mar/2016:17:45:44 +0200] "GET / HTTP/1.0" 200 46080 "-" "-"
41.78.28.152 - - [13/Mar/2016:18:01:54 +0200] "POST /wp-cron.php?465a16b660ca40f346fc5a8baf6351e3&action=wysija_cron&process=queue,bounce&silent=1 HTTP/1.0" 200 354 "-" "WordPress/4.4.2; http://blogs.selectsifiso.com"
141.8.142.74 - - [13/Mar/2016:18:01:52 +0200] "GET /feed/ HTTP/1.0" 200 7650 "-" "Mozilla/5.0 (compatible; YandexBot/3.0; +http://yandex.com/bots)"
41.78.28.152 - - [13/Mar/2016:18:01:56 +0200] "POST /wp-cron.php?doing_wp_cron=1457884916.2595489025115966796875 HTTP/1.0" 200 354 "-" "WordPress/4.4.2; http://blogs.selectsifiso.com"
54.205.186.30 - - [13/Mar/2016:18:19:09 +0200] "GET / HTTP/1.0" 200 10463 "-" "Ruby"
23.23.61.167 - - [13/Mar/2016:18:19:11 +0200] "GET / HTTP/1.0" 200 10463 "-" "Ruby"
41.78.28.152 - - [13/Mar/2016:18:40:26 +0200] "POST /wp-cron.php?465a16b660ca40f346fc5a8baf6351e3&action=wysija_cron&process=bounce&silent=1 HTTP/1.0" 200 354 "-" "WordPress/4.4.2; http://blogs.selectsifiso.com"
66.249.65.33 - - [13/Mar/2016:18:40:25 +0200] "GET /robots.txt HTTP/1.0" 200 612 "-" "Mozilla/5.0 (compatible; Googlebot/2.1; +http://www.google.com/bot.html)"
41.78.28.152 - - [13/Mar/2016:18:40:28 +0200] "POST /wp-cron.php?doing_wp_cron=1457887227.9806139469146728515625 HTTP/1.0" 200 354 "-" "WordPress/4.4.2; http://blogs.selectsifiso.com"
66.249.65.33 - - [13/Mar/2016:18:40:29 +0200] "GET /create-ssis-package-with-sql-tasks-inside-a-sequence-container-using-c/ HTTP/1.0" 200 15460 "-" "Mozilla/5.0 (compatible; Googlebot/2.1; +http://www.google.com/bot.html)"
130.193.51.74 - - [13/Mar/2016:18:43:41 +0200] "GET /category/excel-workbook/ HTTP/1.0" 200 8789 "-" "Mozilla/5.0 (compatible; YandexBot/3.0; +http://yandex.com/bots)"
41.78.28.152 - - [13/Mar/2016:18:45:32 +0200] "POST /wp-cron.php?465a16b660ca40f346fc5a8baf6351e3&action=wysija_cron&process=bounce&silent=1 HTTP/1.0" 200 354 "-" "WordPress/4.4.2; http://blogs.selectsifiso.com"
94.236.39.228 - - [13/Mar/2016:18:45:34 +0200] "GET / HTTP/1.0" 200 46080 "-" "-"
66.249.65.33 - - [13/Mar/2016:18:45:31 +0200] "GET /programmatically-create-data-flow-task-with-row-count-transformation-in-ssis-package-using-c/ HTTP/1.0" 200 14454 "-" "Mozilla/5.0 (compatible; Googlebot/2.1; +http://www.google.com/bot.html)"
94.236.39.228 - - [13/Mar/2016:18:46:04 +0200] "GET / HTTP/1.0" 200 46080 "-" "-"
37.1.12.4 - - [13/Mar/2016:19:12:16 +0200] "GET / HTTP/1.0" 200 10463 "http://www.selectsifiso.net/" "Mozilla/5.0 (Windows NT 5.1) AppleWebKit/537.36 (KHTML, like Gecko) Chrome/39.0.2171.95 Safari/537.36 OPR/26.0.1656.60"
41.78.28.152 - - [13/Mar/2016:19:13:16 +0200] "POST /wp-cron.php?465a16b660ca40f346fc5a8baf6351e3&action=wysija_cron&process=queue,bounce&silent=1 HTTP/1.0" 200 354 "-" "WordPress/4.4.2; http://blogs.selectsifiso.com"
41.78.28.152 - - [13/Mar/2016:19:13:18 +0200] "POST /wp-cron.php?doing_wp_cron=1457889198.4279530048370361328125 HTTP/1.0" 200 354 "-" "WordPress/4.4.2; http://blogs.selectsifiso.com"
66.249.65.36 - - [13/Mar/2016:19:13:15 +0200] "GET /programmatically-import-flat-file-data-source-into-sql-server-2008-using-ssiss-script-task-tool/ HTTP/1.0" 200 27568 "-" "Mozilla/5.0 (iPhone; CPU iPhone OS 8_3 like Mac OS X) AppleWebKit/600.1.4 (KHTML, like Gecko) Version/8.0 Mobile/12F70 Safari/600.1.4 (compatible; Googlebot/2.1; +http://www.google.com/bot.html)"
80.110.9.77 - - [13/Mar/2016:19:17:37 +0200] "GET / HTTP/1.0" 200 10463 "https://social.msdn.microsoft.com/Forums/sqlserver/en-US/53f08f44-e996-48ca-9f72-b7dfc5d9136b/import-different-excel-file-with-different-schema-to-different-table-in-sql-server?forum=sqlintegrationservices" "Mozilla/5.0 (Windows NT 10.0; Win64; x64) AppleWebKit/537.36 (KHTML, like Gecko) Chrome/46.0.2486.0 Safari/537.36 Edge/14.14279"
80.110.9.77 - - [13/Mar/2016:19:17:38 +0200] "GET /wp-content/plugins/wysija-newsletters/css/validationEngine.jquery.css?ver=06820f499ad3078ba51bb8a3026295a9 HTTP/1.0" 200 302 "http://blogs.selectsifiso.com/" "Mozilla/5.0 (Windows NT 10.0; Win64; x64) AppleWebKit/537.36 (KHTML, like Gecko) Chrome/46.0.2486.0 Safari/537.36 Edge/14.14279"
80.110.9.77 - - [13/Mar/2016:19:17:38 +0200] "GET /wp-content/plugins/simplified-social-share/oss-social-sharing/assets/css/oss-social-sharing-front.css?ver=06820f499ad3078ba51bb8a3026295a9 HTTP/1.0" 200 754 "http://blogs.selectsifiso.com/" "Mozilla/5.0 (Windows NT 10.0; Win64; x64) AppleWebKit/537.36 (KHTML, like Gecko) Chrome/46.0.2486.0 Safari/537.36 Edge/14.14279"
80.110.9.77 - - [13/Mar/2016:19:17:38 +0200] "GET /wp-content/plugins/captcha/css/style.css?ver=06820f499ad3078ba51bb8a3026295a9 HTTP/1.0" 200 273 "http://blogs.selectsifiso.com/" "Mozilla/5.0 (Windows NT 10.0; Win64; x64) AppleWebKit/537.36 (KHTML, like Gecko) Chrome/46.0.2486.0 Safari/537.36 Edge/14.14279"
80.110.9.77 - - [13/Mar/2016:19:17:38 +0200] "GET /wp-content/plugins/captcha/css/desktop_style.css?ver=06820f499ad3078ba51bb8a3026295a9 HTTP/1.0" 200 281 "http://blogs.selectsifiso.com/" "Mozilla/5.0 (Windows NT 10.0; Win64; x64) AppleWebKit/537.36 (KHTML, like Gecko) Chrome/46.0.2486.0 Safari/537.36 Edge/14.14279"
80.110.9.77 - - [13/Mar/2016:19:17:38 +0200] "GET /wp-includes/css/dashicons.min.css?ver=06820f499ad3078ba51bb8a3026295a9 HTTP/1.0" 200 266 "http://blogs.selectsifiso.com/" "Mozilla/5.0 (Windows NT 10.0; Win64; x64) AppleWebKit/537.36 (KHTML, like Gecko) Chrome/46.0.2486.0 Safari/537.36 Edge/14.14279"
80.110.9.77 - - [13/Mar/2016:19:17:38 +0200] "GET /wp-content/plugins/contact-form-7/includes/css/styles.css?ver=06820f499ad3078ba51bb8a3026295a9 HTTP/1.0" 200 290 "http://blogs.selectsifiso.com/" "Mozilla/5.0 (Windows NT 10.0; Win64; x64) AppleWebKit/537.36 (KHTML, like Gecko) Chrome/46.0.2486.0 Safari/537.36 Edge/14.14279"
80.110.9.77 - - [13/Mar/2016:19:17:38 +0200] "GET /wp-includes/js/wp-emoji-release.min.js?ver=06820f499ad3078ba51bb8a3026295a9 HTTP/1.0" 200 285 "http://blogs.selectsifiso.com/" "Mozilla/5.0 (Windows NT 10.0; Win64; x64) AppleWebKit/537.36 (KHTML, like Gecko) Chrome/46.0.2486.0 Safari/537.36 Edge/14.14279"
80.110.9.77 - - [13/Mar/2016:19:17:38 +0200] "GET /wp-content/plugins/page-views-count/assets/css/style.min.css?ver=06820f499ad3078ba51bb8a3026295a9 HTTP/1.0" 200 509 "http://blogs.selectsifiso.com/" "Mozilla/5.0 (Windows NT 10.0; Win64; x64) AppleWebKit/537.36 (KHTML, like Gecko) Chrome/46.0.2486.0 Safari/537.36 Edge/14.14279"
80.110.9.77 - - [13/Mar/2016:19:17:39 +0200] "GET /wp-content/themes/iconic-one/style.css?ver=06820f499ad3078ba51bb8a3026295a9 HTTP/1.0" 200 271 "http://blogs.selectsifiso.com/" "Mozilla/5.0 (Windows NT 10.0; Win64; x64) AppleWebKit/537.36 (KHTML, like Gecko) Chrome/46.0.2486.0 Safari/537.36 Edge/14.14279"
80.110.9.77 - - [13/Mar/2016:19:17:39 +0200] "GET /wp-content/themes/iconic-one/custom.css?ver=06820f499ad3078ba51bb8a3026295a9 HTTP/1.0" 200 408 "http://blogs.selectsifiso.com/" "Mozilla/5.0 (Windows NT 10.0; Win64; x64) AppleWebKit/537.36 (KHTML, like Gecko) Chrome/46.0.2486.0 Safari/537.36 Edge/14.14279"
80.110.9.77 - - [13/Mar/2016:19:17:39 +0200] "GET /wp-content/plugins/tablepress/css/default.min.css?ver=06820f499ad3078ba51bb8a3026295a9 HTTP/1.0" 200 282 "http://blogs.selectsifiso.com/" "Mozilla/5.0 (Windows NT 10.0; Win64; x64) AppleWebKit/537.36 (KHTML, like Gecko) Chrome/46.0.2486.0 Safari/537.36 Edge/14.14279"
80.110.9.77 - - [13/Mar/2016:19:17:39 +0200] "GET /wp-content/plugins/counterize/counterize.css.php?ver=06820f499ad3078ba51bb8a3026295a9 HTTP/1.0" 200 1373 "http://blogs.selectsifiso.com/" "Mozilla/5.0 (Windows NT 10.0; Win64; x64) AppleWebKit/537.36 (KHTML, like Gecko) Chrome/46.0.2486.0 Safari/537.36 Edge/14.14279"
80.110.9.77 - - [13/Mar/2016:19:17:39 +0200] "GET /wp-includes/js/jquery/jquery-migrate.min.js?ver=06820f499ad3078ba51bb8a3026295a9 HTTP/1.0" 200 290 "http://blogs.selectsifiso.com/" "Mozilla/5.0 (Windows NT 10.0; Win64; x64) AppleWebKit/537.36 (KHTML, like Gecko) Chrome/46.0.2486.0 Safari/537.36 Edge/14.14279"
80.110.9.77 - - [13/Mar/2016:19:17:39 +0200] "GET /wp-includes/js/jquery/jquery.js?ver=06820f499ad3078ba51bb8a3026295a9 HTTP/1.0" 200 278 "http://blogs.selectsifiso.com/" "Mozilla/5.0 (Windows NT 10.0; Win64; x64) AppleWebKit/537.36 (KHTML, like Gecko) Chrome/46.0.2486.0 Safari/537.36 Edge/14.14279"
80.110.9.77 - - [13/Mar/2016:19:17:39 +0200] "GET /wp-content/plugins/captcha/js/front_end_script.js?ver=06820f499ad3078ba51bb8a3026295a9 HTTP/1.0" 200 790 "http://blogs.selectsifiso.com/" "Mozilla/5.0 (Windows NT 10.0; Win64; x64) AppleWebKit/537.36 (KHTML, like Gecko) Chrome/46.0.2486.0 Safari/537.36 Edge/14.14279"
80.110.9.77 - - [13/Mar/2016:19:17:39 +0200] "GET /wp-includes/js/underscore.min.js?ver=06820f499ad3078ba51bb8a3026295a9 HTTP/1.0" 200 279 "http://blogs.selectsifiso.com/" "Mozilla/5.0 (Windows NT 10.0; Win64; x64) AppleWebKit/537.36 (KHTML, like Gecko) Chrome/46.0.2486.0 Safari/537.36 Edge/14.14279"
80.110.9.77 - - [13/Mar/2016:19:17:39 +0200] "GET /wp-includes/js/backbone.min.js?ver=06820f499ad3078ba51bb8a3026295a9 HTTP/1.0" 200 277 "http://blogs.selectsifiso.com/" "Mozilla/5.0 (Windows NT 10.0; Win64; x64) AppleWebKit/537.36 (KHTML, like Gecko) Chrome/46.0.2486.0 Safari/537.36 Edge/14.14279"
80.110.9.77 - - [13/Mar/2016:19:17:39 +0200] "GET /wp-content/plugins/page-views-count/assets/js/pvc.backbone.min.js?ver=06820f499ad3078ba51bb8a3026295a9 HTTP/1.0" 200 312 "http://blogs.selectsifiso.com/" "Mozilla/5.0 (Windows NT 10.0; Win64; x64) AppleWebKit/537.36 (KHTML, like Gecko) Chrome/46.0.2486.0 Safari/537.36 Edge/14.14279"
80.110.9.77 - - [13/Mar/2016:19:17:39 +0200] "GET /wp-content/plugins/counterize/counterize.js.php?ver=06820f499ad3078ba51bb8a3026295a9 HTTP/1.0" 200 11428 "http://blogs.selectsifiso.com/" "Mozilla/5.0 (Windows NT 10.0; Win64; x64) AppleWebKit/537.36 (KHTML, like Gecko) Chrome/46.0.2486.0 Safari/537.36 Edge/14.14279"
80.110.9.77 - - [13/Mar/2016:19:17:39 +0200] "GET /wp-content/plugins/contact-form-7/includes/js/jquery.form.min.js?ver=06820f499ad3078ba51bb8a3026295a9-2014.06.20 HTTP/1.0" 200 311 "http://blogs.selectsifiso.com/" "Mozilla/5.0 (Windows NT 10.0; Win64; x64) AppleWebKit/537.36 (KHTML, like Gecko) Chrome/46.0.2486.0 Safari/537.36 Edge/14.14279"
80.110.9.77 - - [13/Mar/2016:19:17:39 +0200] "GET /wp-content/plugins/contact-form-7/includes/js/scripts.js?ver=06820f499ad3078ba51bb8a3026295a9 HTTP/1.0" 200 303 "http://blogs.selectsifiso.com/" "Mozilla/5.0 (Windows NT 10.0; Win64; x64) AppleWebKit/537.36 (KHTML, like Gecko) Chrome/46.0.2486.0 Safari/537.36 Edge/14.14279"
80.110.9.77 - - [13/Mar/2016:19:17:39 +0200] "GET /wp-content/themes/iconic-one/js/selectnav.js?ver=06820f499ad3078ba51bb8a3026295a9 HTTP/1.0" 200 291 "http://blogs.selectsifiso.com/" "Mozilla/5.0 (Windows NT 10.0; Win64; x64) AppleWebKit/537.36 (KHTML, like Gecko) Chrome/46.0.2486.0 Safari/537.36 Edge/14.14279"
80.110.9.77 - - [13/Mar/2016:19:17:39 +0200] "GET /wp-content/plugins/simplified-social-share/oss-social-sharing/assets/js/oss_share.js?ver=06820f499ad3078ba51bb8a3026295a9 HTTP/1.0" 200 488 "http://blogs.selectsifiso.com/" "Mozilla/5.0 (Windows NT 10.0; Win64; x64) AppleWebKit/537.36 (KHTML, like Gecko) Chrome/46.0.2486.0 Safari/537.36 Edge/14.14279"
80.110.9.77 - - [13/Mar/2016:19:17:39 +0200] "GET /wp-includes/js/wp-embed.min.js?ver=06820f499ad3078ba51bb8a3026295a9 HTTP/1.0" 200 277 "http://blogs.selectsifiso.com/" "Mozilla/5.0 (Windows NT 10.0; Win64; x64) AppleWebKit/537.36 (KHTML, like Gecko) Chrome/46.0.2486.0 Safari/537.36 Edge/14.14279"
80.110.9.77 - - [13/Mar/2016:19:17:40 +0200] "GET /wp-content/themes/iconic-one/img/twitter.png HTTP/1.0" 200 568 "http://blogs.selectsifiso.com/" "Mozilla/5.0 (Windows NT 10.0; Win64; x64) AppleWebKit/537.36 (KHTML, like Gecko) Chrome/46.0.2486.0 Safari/537.36 Edge/14.14279"
80.110.9.77 - - [13/Mar/2016:19:17:40 +0200] "GET /wp-content/themes/iconic-one/img/rss.png HTTP/1.0" 200 644 "http://blogs.selectsifiso.com/" "Mozilla/5.0 (Windows NT 10.0; Win64; x64) AppleWebKit/537.36 (KHTML, like Gecko) Chrome/46.0.2486.0 Safari/537.36 Edge/14.14279"
80.110.9.77 - - [13/Mar/2016:19:17:40 +0200] "GET /wp-content/themes/iconic-one/img/gplus.png HTTP/1.0" 200 1247 "http://blogs.selectsifiso.com/" "Mozilla/5.0 (Windows NT 10.0; Win64; x64) AppleWebKit/537.36 (KHTML, like Gecko) Chrome/46.0.2486.0 Safari/537.36 Edge/14.14279"
80.110.9.77 - - [13/Mar/2016:19:17:40 +0200] "GET /wp-content/uploads/2015/09/selectSIFISOforBlogsNew.png HTTP/1.0" 200 288 "http://blogs.selectsifiso.com/" "Mozilla/5.0 (Windows NT 10.0; Win64; x64) AppleWebKit/537.36 (KHTML, like Gecko) Chrome/46.0.2486.0 Safari/537.36 Edge/14.14279"
80.110.9.77 - - [13/Mar/2016:19:17:40 +0200] "GET /wp-content/themes/iconic-one/img/facebook.png HTTP/1.0" 200 505 "http://blogs.selectsifiso.com/" "Mozilla/5.0 (Windows NT 10.0; Win64; x64) AppleWebKit/537.36 (KHTML, like Gecko) Chrome/46.0.2486.0 Safari/537.36 Edge/14.14279"
80.110.9.77 - - [13/Mar/2016:19:17:40 +0200] "GET /wp-content/plugins/page-views-count/ajax-loader.gif HTTP/1.0" 200 1190 "http://blogs.selectsifiso.com/" "Mozilla/5.0 (Windows NT 10.0; Win64; x64) AppleWebKit/537.36 (KHTML, like Gecko) Chrome/46.0.2486.0 Safari/537.36 Edge/14.14279"
80.110.9.77 - - [13/Mar/2016:19:17:40 +0200] "GET /wp-content/plugins/page-views-count/chart-bar.png HTTP/1.0" 200 820 "http://blogs.selectsifiso.com/" "Mozilla/5.0 (Windows NT 10.0; Win64; x64) AppleWebKit/537.36 (KHTML, like Gecko) Chrome/46.0.2486.0 Safari/537.36 Edge/14.14279"
80.110.9.77 - - [13/Mar/2016:19:17:41 +0200] "GET /favicon.ico HTTP/1.0" 200 260 "-" "Mozilla/5.0 (Windows NT 10.0; Win64; x64) AppleWebKit/537.36 (KHTML, like Gecko) Chrome/46.0.2486.0 Safari/537.36 Edge/14.14279"
80.110.9.77 - - [13/Mar/2016:19:17:40 +0200] "GET /wp-admin/admin-ajax.php?action=pvc_backbone_load_stats&post_ids%5B1043%5D%5Bpost_id%5D=1043&post_ids%5B1043%5D%5Bask_update%5D=false&post_ids%5B1112%5D%5Bpost_id%5D=1112&post_ids%5B1112%5D%5Bask_update%5D=false&post_ids%5B1136%5D%5Bpost_id%5D=1136&post_ids%5B1136%5D%5Bask_update%5D=false&post_ids%5B1188%5D%5Bpost_id%5D=1188&post_ids%5B1188%5D%5Bask_update%5D=false&post_ids%5B1196%5D%5Bpost_id%5D=1196&post_ids%5B1196%5D%5Bask_update%5D=false&post_ids%5B1204%5D%5Bpost_id%5D=1204&post_ids%5B1204%5D%5Bask_update%5D=false HTTP/1.0" 200 674 "http://blogs.selectsifiso.com/" "Mozilla/5.0 (Windows NT 10.0; Win64; x64) AppleWebKit/537.36 (KHTML, like Gecko) Chrome/46.0.2486.0 Safari/537.36 Edge/14.14279"
41.78.28.152 - - [13/Mar/2016:19:17:41 +0200] "POST /wp-cron.php?doing_wp_cron=1457889461.3268699645996093750000 HTTP/1.0" 200 354 "-" "WordPress/4.4.2; http://blogs.selectsifiso.com"
23.23.61.167 - - [13/Mar/2016:19:19:09 +0200] "GET / HTTP/1.0" 200 10463 "-" "Ruby"
54.205.186.30 - - [13/Mar/2016:19:19:10 +0200] "GET / HTTP/1.0" 200 10463 "-" "Ruby"
41.78.28.152 - - [13/Mar/2016:19:34:51 +0200] "POST /wp-cron.php?465a16b660ca40f346fc5a8baf6351e3&action=wysija_cron&process=bounce&silent=1 HTTP/1.0" 200 354 "-" "WordPress/4.4.2; http://blogs.selectsifiso.com"
130.193.50.4 - - [13/Mar/2016:19:34:50 +0200] "GET /category/creating-ssis-packages/ HTTP/1.0" 200 10293 "-" "Mozilla/5.0 (compatible; YandexBot/3.0; +http://yandex.com/bots)"
41.78.28.152 - - [13/Mar/2016:19:34:52 +0200] "POST /wp-cron.php?doing_wp_cron=1457890492.7292919158935546875000 HTTP/1.0" 200 354 "-" "WordPress/4.4.2; http://blogs.selectsifiso.com"
41.78.28.152 - - [13/Mar/2016:19:42:17 +0200] "POST /wp-cron.php?465a16b660ca40f346fc5a8baf6351e3&action=wysija_cron&process=bounce&silent=1 HTTP/1.0" 200 354 "-" "WordPress/4.4.2; http://blogs.selectsifiso.com"
180.76.15.143 - - [13/Mar/2016:19:42:16 +0200] "GET / HTTP/1.0" 200 10552 "-" "Mozilla/5.0 (compatible; Baiduspider/2.0; +http://www.baidu.com/search/spider.html)"
41.78.28.152 - - [13/Mar/2016:19:42:19 +0200] "POST /wp-cron.php?doing_wp_cron=1457890938.9750549793243408203125 HTTP/1.0" 200 354 "-" "WordPress/4.4.2; http://blogs.selectsifiso.com"
123.125.71.82 - - [13/Mar/2016:19:44:21 +0200] "GET / HTTP/1.0" 200 10463 "-" "Mozilla/5.0 (compatible; Baiduspider/2.0; +http://www.baidu.com/search/spider.html)"
180.76.15.5 - - [13/Mar/2016:19:45:25 +0200] "GET /programmatically-import-flat-file-data-source-into-sql-server-2008-using-ssiss-script-task-tool/ HTTP/1.0" 200 27370 "-" "Mozilla/5.0 (compatible; Baiduspider/2.0; +http://www.baidu.com/search/spider.html)"
94.236.39.228 - - [13/Mar/2016:19:52:12 +0200] "GET / HTTP/1.0" 200 46080 "-" "-"
94.236.39.228 - - [13/Mar/2016:19:55:57 +0200] "GET / HTTP/1.0" 200 46080 "-" "-"
66.249.65.39 - - [13/Mar/2016:20:05:12 +0200] "GET /robots.txt HTTP/1.0" 200 612 "-" "Mozilla/5.0 (compatible; Googlebot/2.1; +http://www.google.com/bot.html)"
41.78.28.152 - - [13/Mar/2016:20:05:13 +0200] "POST /wp-cron.php?465a16b660ca40f346fc5a8baf6351e3&action=wysija_cron&process=bounce&silent=1 HTTP/1.0" 200 354 "-" "WordPress/4.4.2; http://blogs.selectsifiso.com"
66.249.65.33 - - [13/Mar/2016:20:05:15 +0200] "GET /category/forach-loop-container/ HTTP/1.0" 200 8899 "-" "Mozilla/5.0 (compatible; Googlebot/2.1; +http://www.google.com/bot.html)"
187.20.140.62 - - [13/Mar/2016:20:11:45 +0200] "GET / HTTP/1.0" 200 10463 "http://top1-seo-service.com/try.php?u=http://blogs.selectsifiso.com" "Mozilla/5.0 (Windows NT 6.1; WOW64) AppleWebKit/537.36 (KHTML, like Gecko) Chrome/47.0.2526.111 Safari/537.36"
187.20.140.62 - - [13/Mar/2016:20:11:48 +0200] "GET /wp-content/plugins/captcha/css/style.css?ver=06820f499ad3078ba51bb8a3026295a9 HTTP/1.0" 200 273 "http://blogs.selectsifiso.com/" "Mozilla/5.0 (Windows NT 6.1; WOW64) AppleWebKit/537.36 (KHTML, like Gecko) Chrome/47.0.2526.111 Safari/537.36"
187.20.140.62 - - [13/Mar/2016:20:11:48 +0200] "GET /wp-includes/css/dashicons.min.css?ver=06820f499ad3078ba51bb8a3026295a9 HTTP/1.0" 200 266 "http://blogs.selectsifiso.com/" "Mozilla/5.0 (Windows NT 6.1; WOW64) AppleWebKit/537.36 (KHTML, like Gecko) Chrome/47.0.2526.111 Safari/537.36"
187.20.140.62 - - [13/Mar/2016:20:11:48 +0200] "GET /wp-content/plugins/simplified-social-share/oss-social-sharing/assets/css/oss-social-sharing-front.css?ver=06820f499ad3078ba51bb8a3026295a9 HTTP/1.0" 200 754 "http://blogs.selectsifiso.com/" "Mozilla/5.0 (Windows NT 6.1; WOW64) AppleWebKit/537.36 (KHTML, like Gecko) Chrome/47.0.2526.111 Safari/537.36"
187.20.140.62 - - [13/Mar/2016:20:11:48 +0200] "GET /wp-content/plugins/captcha/css/desktop_style.css?ver=06820f499ad3078ba51bb8a3026295a9 HTTP/1.0" 200 281 "http://blogs.selectsifiso.com/" "Mozilla/5.0 (Windows NT 6.1; WOW64) AppleWebKit/537.36 (KHTML, like Gecko) Chrome/47.0.2526.111 Safari/537.36"
187.20.140.62 - - [13/Mar/2016:20:11:48 +0200] "GET /wp-content/plugins/contact-form-7/includes/css/styles.css?ver=06820f499ad3078ba51bb8a3026295a9 HTTP/1.0" 200 290 "http://blogs.selectsifiso.com/" "Mozilla/5.0 (Windows NT 6.1; WOW64) AppleWebKit/537.36 (KHTML, like Gecko) Chrome/47.0.2526.111 Safari/537.36"
187.20.140.62 - - [13/Mar/2016:20:11:48 +0200] "GET /wp-content/themes/iconic-one/custom.css?ver=06820f499ad3078ba51bb8a3026295a9 HTTP/1.0" 200 408 "http://blogs.selectsifiso.com/" "Mozilla/5.0 (Windows NT 6.1; WOW64) AppleWebKit/537.36 (KHTML, like Gecko) Chrome/47.0.2526.111 Safari/537.36"
187.20.140.62 - - [13/Mar/2016:20:11:49 +0200] "GET /wp-content/plugins/page-views-count/assets/css/style.min.css?ver=06820f499ad3078ba51bb8a3026295a9 HTTP/1.0" 200 509 "http://blogs.selectsifiso.com/" "Mozilla/5.0 (Windows NT 6.1; WOW64) AppleWebKit/537.36 (KHTML, like Gecko) Chrome/47.0.2526.111 Safari/537.36"
187.20.140.62 - - [13/Mar/2016:20:11:49 +0200] "GET /wp-content/themes/iconic-one/style.css?ver=06820f499ad3078ba51bb8a3026295a9 HTTP/1.0" 200 271 "http://blogs.selectsifiso.com/" "Mozilla/5.0 (Windows NT 6.1; WOW64) AppleWebKit/537.36 (KHTML, like Gecko) Chrome/47.0.2526.111 Safari/537.36"
187.20.140.62 - - [13/Mar/2016:20:11:49 +0200] "GET /wp-content/plugins/wysija-newsletters/css/validationEngine.jquery.css?ver=06820f499ad3078ba51bb8a3026295a9 HTTP/1.0" 200 302 "http://blogs.selectsifiso.com/" "Mozilla/5.0 (Windows NT 6.1; WOW64) AppleWebKit/537.36 (KHTML, like Gecko) Chrome/47.0.2526.111 Safari/537.36"
187.20.140.62 - - [13/Mar/2016:20:11:49 +0200] "GET /wp-includes/js/jquery/jquery.js?ver=06820f499ad3078ba51bb8a3026295a9 HTTP/1.0" 200 278 "http://blogs.selectsifiso.com/" "Mozilla/5.0 (Windows NT 6.1; WOW64) AppleWebKit/537.36 (KHTML, like Gecko) Chrome/47.0.2526.111 Safari/537.36"
187.20.140.62 - - [13/Mar/2016:20:11:49 +0200] "GET /wp-content/plugins/counterize/counterize.css.php?ver=06820f499ad3078ba51bb8a3026295a9 HTTP/1.0" 200 1373 "http://blogs.selectsifiso.com/" "Mozilla/5.0 (Windows NT 6.1; WOW64) AppleWebKit/537.36 (KHTML, like Gecko) Chrome/47.0.2526.111 Safari/537.36"
187.20.140.62 - - [13/Mar/2016:20:11:49 +0200] "GET /wp-includes/js/jquery/jquery-migrate.min.js?ver=06820f499ad3078ba51bb8a3026295a9 HTTP/1.0" 200 290 "http://blogs.selectsifiso.com/" "Mozilla/5.0 (Windows NT 6.1; WOW64) AppleWebKit/537.36 (KHTML, like Gecko) Chrome/47.0.2526.111 Safari/537.36"
187.20.140.62 - - [13/Mar/2016:20:11:49 +0200] "GET /wp-content/plugins/captcha/js/front_end_script.js?ver=06820f499ad3078ba51bb8a3026295a9 HTTP/1.0" 200 790 "http://blogs.selectsifiso.com/" "Mozilla/5.0 (Windows NT 6.1; WOW64) AppleWebKit/537.36 (KHTML, like Gecko) Chrome/47.0.2526.111 Safari/537.36"
187.20.140.62 - - [13/Mar/2016:20:11:50 +0200] "GET /wp-includes/js/underscore.min.js?ver=06820f499ad3078ba51bb8a3026295a9 HTTP/1.0" 200 279 "http://blogs.selectsifiso.com/" "Mozilla/5.0 (Windows NT 6.1; WOW64) AppleWebKit/537.36 (KHTML, like Gecko) Chrome/47.0.2526.111 Safari/537.36"
187.20.140.62 - - [13/Mar/2016:20:11:50 +0200] "GET /wp-includes/js/backbone.min.js?ver=06820f499ad3078ba51bb8a3026295a9 HTTP/1.0" 200 277 "http://blogs.selectsifiso.com/" "Mozilla/5.0 (Windows NT 6.1; WOW64) AppleWebKit/537.36 (KHTML, like Gecko) Chrome/47.0.2526.111 Safari/537.36"
187.20.140.62 - - [13/Mar/2016:20:11:50 +0200] "GET /wp-content/plugins/counterize/counterize.js.php?ver=06820f499ad3078ba51bb8a3026295a9 HTTP/1.0" 200 11428 "http://blogs.selectsifiso.com/" "Mozilla/5.0 (Windows NT 6.1; WOW64) AppleWebKit/537.36 (KHTML, like Gecko) Chrome/47.0.2526.111 Safari/537.36"
187.20.140.62 - - [13/Mar/2016:20:11:50 +0200] "GET /wp-content/plugins/page-views-count/assets/js/pvc.backbone.min.js?ver=06820f499ad3078ba51bb8a3026295a9 HTTP/1.0" 200 312 "http://blogs.selectsifiso.com/" "Mozilla/5.0 (Windows NT 6.1; WOW64) AppleWebKit/537.36 (KHTML, like Gecko) Chrome/47.0.2526.111 Safari/537.36"
187.20.140.62 - - [13/Mar/2016:20:11:50 +0200] "GET /wp-content/plugins/tablepress/css/default.min.css?ver=06820f499ad3078ba51bb8a3026295a9 HTTP/1.0" 200 282 "http://blogs.selectsifiso.com/" "Mozilla/5.0 (Windows NT 6.1; WOW64) AppleWebKit/537.36 (KHTML, like Gecko) Chrome/47.0.2526.111 Safari/537.36"
187.20.140.62 - - [13/Mar/2016:20:11:50 +0200] "GET /wp-content/plugins/contact-form-7/includes/js/scripts.js?ver=06820f499ad3078ba51bb8a3026295a9 HTTP/1.0" 200 303 "http://blogs.selectsifiso.com/" "Mozilla/5.0 (Windows NT 6.1; WOW64) AppleWebKit/537.36 (KHTML, like Gecko) Chrome/47.0.2526.111 Safari/537.36"
187.20.140.62 - - [13/Mar/2016:20:11:50 +0200] "GET /wp-content/themes/iconic-one/js/selectnav.js?ver=06820f499ad3078ba51bb8a3026295a9 HTTP/1.0" 200 291 "http://blogs.selectsifiso.com/" "Mozilla/5.0 (Windows NT 6.1; WOW64) AppleWebKit/537.36 (KHTML, like Gecko) Chrome/47.0.2526.111 Safari/537.36"
187.20.140.62 - - [13/Mar/2016:20:11:50 +0200] "GET /wp-content/plugins/contact-form-7/includes/js/jquery.form.min.js?ver=06820f499ad3078ba51bb8a3026295a9-2014.06.20 HTTP/1.0" 200 311 "http://blogs.selectsifiso.com/" "Mozilla/5.0 (Windows NT 6.1; WOW64) AppleWebKit/537.36 (KHTML, like Gecko) Chrome/47.0.2526.111 Safari/537.36"
187.20.140.62 - - [13/Mar/2016:20:11:50 +0200] "GET /wp-includes/js/wp-embed.min.js?ver=06820f499ad3078ba51bb8a3026295a9 HTTP/1.0" 200 277 "http://blogs.selectsifiso.com/" "Mozilla/5.0 (Windows NT 6.1; WOW64) AppleWebKit/537.36 (KHTML, like Gecko) Chrome/47.0.2526.111 Safari/537.36"
187.20.140.62 - - [13/Mar/2016:20:11:50 +0200] "GET /wp-content/plugins/simplified-social-share/oss-social-sharing/assets/js/oss_share.js?ver=06820f499ad3078ba51bb8a3026295a9 HTTP/1.0" 200 488 "http://blogs.selectsifiso.com/" "Mozilla/5.0 (Windows NT 6.1; WOW64) AppleWebKit/537.36 (KHTML, like Gecko) Chrome/47.0.2526.111 Safari/537.36"
187.20.140.62 - - [13/Mar/2016:20:11:54 +0200] "GET /wp-content/uploads/2015/09/selectSIFISOforBlogsNew.png HTTP/1.0" 200 288 "http://blogs.selectsifiso.com/" "Mozilla/5.0 (Windows NT 6.1; WOW64) AppleWebKit/537.36 (KHTML, like Gecko) Chrome/47.0.2526.111 Safari/537.36"
187.20.140.62 - - [13/Mar/2016:20:11:54 +0200] "GET /wp-content/themes/iconic-one/img/gplus.png HTTP/1.0" 200 1247 "http://blogs.selectsifiso.com/" "Mozilla/5.0 (Windows NT 6.1; WOW64) AppleWebKit/537.36 (KHTML, like Gecko) Chrome/47.0.2526.111 Safari/537.36"
187.20.140.62 - - [13/Mar/2016:20:11:54 +0200] "GET /wp-content/themes/iconic-one/img/facebook.png HTTP/1.0" 200 505 "http://blogs.selectsifiso.com/" "Mozilla/5.0 (Windows NT 6.1; WOW64) AppleWebKit/537.36 (KHTML, like Gecko) Chrome/47.0.2526.111 Safari/537.36"
187.20.140.62 - - [13/Mar/2016:20:11:54 +0200] "GET /wp-content/plugins/page-views-count/chart-bar.png HTTP/1.0" 200 820 "http://blogs.selectsifiso.com/" "Mozilla/5.0 (Windows NT 6.1; WOW64) AppleWebKit/537.36 (KHTML, like Gecko) Chrome/47.0.2526.111 Safari/537.36"
187.20.140.62 - - [13/Mar/2016:20:11:54 +0200] "GET /wp-content/themes/iconic-one/img/rss.png HTTP/1.0" 200 644 "http://blogs.selectsifiso.com/" "Mozilla/5.0 (Windows NT 6.1; WOW64) AppleWebKit/537.36 (KHTML, like Gecko) Chrome/47.0.2526.111 Safari/537.36"
187.20.140.62 - - [13/Mar/2016:20:11:54 +0200] "GET /wp-content/themes/iconic-one/img/twitter.png HTTP/1.0" 200 568 "http://blogs.selectsifiso.com/" "Mozilla/5.0 (Windows NT 6.1; WOW64) AppleWebKit/537.36 (KHTML, like Gecko) Chrome/47.0.2526.111 Safari/537.36"
187.20.140.62 - - [13/Mar/2016:20:11:54 +0200] "GET /wp-content/plugins/page-views-count/ajax-loader.gif HTTP/1.0" 200 1190 "http://blogs.selectsifiso.com/" "Mozilla/5.0 (Windows NT 6.1; WOW64) AppleWebKit/537.36 (KHTML, like Gecko) Chrome/47.0.2526.111 Safari/537.36"
187.20.140.62 - - [13/Mar/2016:20:12:01 +0200] "GET / HTTP/1.0" 200 10405 "http://blogs.selectsifiso.com/" "Mozilla/5.0 (Windows NT 6.1; WOW64) AppleWebKit/537.36 (KHTML, like Gecko) Chrome/47.0.2526.111 Safari/537.36"
187.20.140.62 - - [13/Mar/2016:20:12:01 +0200] "GET /wp-admin/admin-ajax.php?action=pvc_backbone_load_stats&post_ids%5B1204%5D%5Bpost_id%5D=1204&post_ids%5B1204%5D%5Bask_update%5D=false&post_ids%5B1188%5D%5Bpost_id%5D=1188&post_ids%5B1188%5D%5Bask_update%5D=false&post_ids%5B1196%5D%5Bpost_id%5D=1196&post_ids%5B1196%5D%5Bask_update%5D=false&post_ids%5B1136%5D%5Bpost_id%5D=1136&post_ids%5B1136%5D%5Bask_update%5D=false&post_ids%5B1112%5D%5Bpost_id%5D=1112&post_ids%5B1112%5D%5Bask_update%5D=false&post_ids%5B1043%5D%5Bpost_id%5D=1043&post_ids%5B1043%5D%5Bask_update%5D=false HTTP/1.0" 200 674 "http://blogs.selectsifiso.com/" "Mozilla/5.0 (Windows NT 6.1; WOW64) AppleWebKit/537.36 (KHTML, like Gecko) Chrome/47.0.2526.111 Safari/537.36"
41.78.28.152 - - [13/Mar/2016:20:12:02 +0200] "POST /wp-cron.php?465a16b660ca40f346fc5a8baf6351e3&action=wysija_cron&process=bounce&silent=1 HTTP/1.0" 200 354 "-" "WordPress/4.4.2; http://blogs.selectsifiso.com"
41.78.28.152 - - [13/Mar/2016:20:18:57 +0200] "POST /wp-cron.php?465a16b660ca40f346fc5a8baf6351e3&action=wysija_cron&process=queue,bounce&silent=1 HTTP/1.0" 200 354 "-" "WordPress/4.4.2; http://blogs.selectsifiso.com"
180.76.15.13 - - [13/Mar/2016:20:18:54 +0200] "GET /tag/adventureworks2008r2/ HTTP/1.0" 200 9650 "-" "Mozilla/5.0 (compatible; Baiduspider/2.0; +http://www.baidu.com/search/spider.html)"
41.78.28.152 - - [13/Mar/2016:20:18:58 +0200] "POST /wp-cron.php?doing_wp_cron=1457893138.3231709003448486328125 HTTP/1.0" 200 354 "-" "WordPress/4.4.2; http://blogs.selectsifiso.com"
54.205.186.30 - - [13/Mar/2016:20:21:46 +0200] "GET / HTTP/1.0" 200 10463 "-" "Ruby"
23.23.61.167 - - [13/Mar/2016:20:21:47 +0200] "GET / HTTP/1.0" 200 10463 "-" "Ruby"
46.105.86.213 - - [13/Mar/2016:20:23:44 +0200] "GET / HTTP/1.0" 200 10463 "http://www.selectsifiso.net/" "Mozilla/5.0 (Windows NT 6.1; WOW64) AppleWebKit/537.36 (KHTML, like Gecko) Iron/29.0.1600.1 Chrome/29.0.1600.1 Safari/537.36"
41.78.28.152 - - [13/Mar/2016:20:30:43 +0200] "POST /wp-cron.php?465a16b660ca40f346fc5a8baf6351e3&action=wysija_cron&process=bounce&silent=1 HTTP/1.0" 200 354 "-" "WordPress/4.4.2; http://blogs.selectsifiso.com"
130.193.51.74 - - [13/Mar/2016:20:30:42 +0200] "GET /category/microsoft-visual-studio-2010/ HTTP/1.0" 200 8832 "-" "Mozilla/5.0 (compatible; YandexBot/3.0; +http://yandex.com/bots)"
41.78.28.152 - - [13/Mar/2016:20:30:44 +0200] "POST /wp-cron.php?doing_wp_cron=1457893844.7861669063568115234375 HTTP/1.0" 200 354 "-" "WordPress/4.4.2; http://blogs.selectsifiso.com"
182.118.20.217 - - [13/Mar/2016:20:39:33 +0200] "GET / HTTP/1.0" 200 10463 "http://www.selectsifiso.net/?cat=84" "Mozilla/5.0 (compatible; MSIE 9.0; Windows NT 6.1; Trident/5.0); 360Spider(compatible; HaosouSpider; http://www.haosou.com/help/help_3_2.html)"
41.78.28.152 - - [13/Mar/2016:20:52:25 +0200] "POST /wp-cron.php?465a16b660ca40f346fc5a8baf6351e3&action=wysija_cron&process=bounce&silent=1 HTTP/1.0" 200 354 "-" "WordPress/4.4.2; http://blogs.selectsifiso.com"
180.76.15.142 - - [13/Mar/2016:20:52:24 +0200] "GET /tag/phpmyadmin/ HTTP/1.0" 200 7784 "-" "Mozilla/5.0 (compatible; Baiduspider/2.0; +http://www.baidu.com/search/spider.html)"
41.78.28.152 - - [13/Mar/2016:20:52:26 +0200] "POST /wp-cron.php?doing_wp_cron=1457895146.1254301071166992187500 HTTP/1.0" 200 354 "-" "WordPress/4.4.2; http://blogs.selectsifiso.com"
94.236.39.228 - - [13/Mar/2016:20:58:11 +0200] "GET / HTTP/1.0" 200 46080 "-" "-"
94.236.39.228 - - [13/Mar/2016:21:01:19 +0200] "GET / HTTP/1.0" 200 46080 "-" "-"
176.125.53.185 - - [13/Mar/2016:21:07:54 +0200] "GET / HTTP/1.0" 200 10463 "http://www.selectsifiso.net/" "Mozilla/5.0 (Windows NT 5.1) AppleWebKit/537.36 (KHTML, like Gecko) Chrome/39.0.2171.95 Safari/537.36 OPR/26.0.1656.60"
23.23.61.167 - - [13/Mar/2016:21:19:21 +0200] "GET / HTTP/1.0" 200 10463 "-" "Ruby"
54.205.186.30 - - [13/Mar/2016:21:19:21 +0200] "GET / HTTP/1.0" 200 10463 "-" "Ruby"
197.228.84.183 - - [13/Mar/2016:21:24:05 +0200] "GET / HTTP/1.0" 200 10463 "https://www.google.com/" "Mozilla/5.0 (Macintosh; Intel Mac OS X 10_11_3) AppleWebKit/601.4.4 (KHTML, like Gecko) Version/9.0.3 Safari/601.4.4"
197.228.84.183 - - [13/Mar/2016:21:24:06 +0200] "GET /wp-includes/js/wp-emoji-release.min.js?ver=06820f499ad3078ba51bb8a3026295a9 HTTP/1.0" 200 285 "http://blogs.selectsifiso.com/" "Mozilla/5.0 (Macintosh; Intel Mac OS X 10_11_3) AppleWebKit/601.4.4 (KHTML, like Gecko) Version/9.0.3 Safari/601.4.4"
197.228.84.183 - - [13/Mar/2016:21:24:06 +0200] "GET /wp-content/plugins/wysija-newsletters/css/validationEngine.jquery.css?ver=06820f499ad3078ba51bb8a3026295a9 HTTP/1.0" 200 302 "http://blogs.selectsifiso.com/" "Mozilla/5.0 (Macintosh; Intel Mac OS X 10_11_3) AppleWebKit/601.4.4 (KHTML, like Gecko) Version/9.0.3 Safari/601.4.4"
197.228.84.183 - - [13/Mar/2016:21:24:06 +0200] "GET /wp-includes/css/dashicons.min.css?ver=06820f499ad3078ba51bb8a3026295a9 HTTP/1.0" 200 266 "http://blogs.selectsifiso.com/" "Mozilla/5.0 (Macintosh; Intel Mac OS X 10_11_3) AppleWebKit/601.4.4 (KHTML, like Gecko) Version/9.0.3 Safari/601.4.4"
197.228.84.183 - - [13/Mar/2016:21:24:06 +0200] "GET /wp-content/plugins/captcha/css/style.css?ver=06820f499ad3078ba51bb8a3026295a9 HTTP/1.0" 200 273 "http://blogs.selectsifiso.com/" "Mozilla/5.0 (Macintosh; Intel Mac OS X 10_11_3) AppleWebKit/601.4.4 (KHTML, like Gecko) Version/9.0.3 Safari/601.4.4"
197.228.84.183 - - [13/Mar/2016:21:24:06 +0200] "GET /wp-content/plugins/captcha/css/desktop_style.css?ver=06820f499ad3078ba51bb8a3026295a9 HTTP/1.0" 200 281 "http://blogs.selectsifiso.com/" "Mozilla/5.0 (Macintosh; Intel Mac OS X 10_11_3) AppleWebKit/601.4.4 (KHTML, like Gecko) Version/9.0.3 Safari/601.4.4"
197.228.84.183 - - [13/Mar/2016:21:24:06 +0200] "GET /wp-content/plugins/contact-form-7/includes/css/styles.css?ver=06820f499ad3078ba51bb8a3026295a9 HTTP/1.0" 200 290 "http://blogs.selectsifiso.com/" "Mozilla/5.0 (Macintosh; Intel Mac OS X 10_11_3) AppleWebKit/601.4.4 (KHTML, like Gecko) Version/9.0.3 Safari/601.4.4"
197.228.84.183 - - [13/Mar/2016:21:24:06 +0200] "GET /wp-content/plugins/page-views-count/assets/css/style.min.css?ver=06820f499ad3078ba51bb8a3026295a9 HTTP/1.0" 200 509 "http://blogs.selectsifiso.com/" "Mozilla/5.0 (Macintosh; Intel Mac OS X 10_11_3) AppleWebKit/601.4.4 (KHTML, like Gecko) Version/9.0.3 Safari/601.4.4"
197.228.84.183 - - [13/Mar/2016:21:24:06 +0200] "GET /wp-content/themes/iconic-one/style.css?ver=06820f499ad3078ba51bb8a3026295a9 HTTP/1.0" 200 271 "http://blogs.selectsifiso.com/" "Mozilla/5.0 (Macintosh; Intel Mac OS X 10_11_3) AppleWebKit/601.4.4 (KHTML, like Gecko) Version/9.0.3 Safari/601.4.4"
197.228.84.183 - - [13/Mar/2016:21:24:06 +0200] "GET /wp-content/themes/iconic-one/custom.css?ver=06820f499ad3078ba51bb8a3026295a9 HTTP/1.0" 200 408 "http://blogs.selectsifiso.com/" "Mozilla/5.0 (Macintosh; Intel Mac OS X 10_11_3) AppleWebKit/601.4.4 (KHTML, like Gecko) Version/9.0.3 Safari/601.4.4"
197.228.84.183 - - [13/Mar/2016:21:24:06 +0200] "GET /wp-content/plugins/tablepress/css/default.min.css?ver=06820f499ad3078ba51bb8a3026295a9 HTTP/1.0" 200 282 "http://blogs.selectsifiso.com/" "Mozilla/5.0 (Macintosh; Intel Mac OS X 10_11_3) AppleWebKit/601.4.4 (KHTML, like Gecko) Version/9.0.3 Safari/601.4.4"
197.228.84.183 - - [13/Mar/2016:21:24:06 +0200] "GET /wp-content/plugins/counterize/counterize.css.php?ver=06820f499ad3078ba51bb8a3026295a9 HTTP/1.0" 200 1373 "http://blogs.selectsifiso.com/" "Mozilla/5.0 (Macintosh; Intel Mac OS X 10_11_3) AppleWebKit/601.4.4 (KHTML, like Gecko) Version/9.0.3 Safari/601.4.4"
197.228.84.183 - - [13/Mar/2016:21:24:06 +0200] "GET /wp-includes/js/jquery/jquery.js?ver=06820f499ad3078ba51bb8a3026295a9 HTTP/1.0" 200 278 "http://blogs.selectsifiso.com/" "Mozilla/5.0 (Macintosh; Intel Mac OS X 10_11_3) AppleWebKit/601.4.4 (KHTML, like Gecko) Version/9.0.3 Safari/601.4.4"
197.228.84.183 - - [13/Mar/2016:21:24:06 +0200] "GET /wp-includes/js/jquery/jquery-migrate.min.js?ver=06820f499ad3078ba51bb8a3026295a9 HTTP/1.0" 200 290 "http://blogs.selectsifiso.com/" "Mozilla/5.0 (Macintosh; Intel Mac OS X 10_11_3) AppleWebKit/601.4.4 (KHTML, like Gecko) Version/9.0.3 Safari/601.4.4"
197.228.84.183 - - [13/Mar/2016:21:24:06 +0200] "GET /wp-content/plugins/captcha/js/front_end_script.js?ver=06820f499ad3078ba51bb8a3026295a9 HTTP/1.0" 200 790 "http://blogs.selectsifiso.com/" "Mozilla/5.0 (Macintosh; Intel Mac OS X 10_11_3) AppleWebKit/601.4.4 (KHTML, like Gecko) Version/9.0.3 Safari/601.4.4"
197.228.84.183 - - [13/Mar/2016:21:24:06 +0200] "GET /wp-includes/js/underscore.min.js?ver=06820f499ad3078ba51bb8a3026295a9 HTTP/1.0" 200 279 "http://blogs.selectsifiso.com/" "Mozilla/5.0 (Macintosh; Intel Mac OS X 10_11_3) AppleWebKit/601.4.4 (KHTML, like Gecko) Version/9.0.3 Safari/601.4.4"
