73.25.13.7 - - [16/Mar/2016:15:10:37 +0200] "GET /wp-content/plugins/simplified-social-share/oss-social-sharing/assets/js/oss_share.js?ver=06820f499ad3078ba51bb8a3026295a9 HTTP/1.0" 200 488 "http://blogs.selectsifiso.com/" "Mozilla/5.0 (Macintosh; Intel Mac OS X 10_11_3) AppleWebKit/537.36 (KHTML, like Gecko) Chrome/49.0.2623.87 Safari/537.36"
73.25.13.7 - - [16/Mar/2016:15:10:41 +0200] "GET /wp-content/plugins/page-views-count/chart-bar.png HTTP/1.0" 200 820 "http://blogs.selectsifiso.com/wp-content/plugins/page-views-count/assets/css/style.min.css?ver=06820f499ad3078ba51bb8a3026295a9" "Mozilla/5.0 (Macintosh; Intel Mac OS X 10_11_3) AppleWebKit/537.36 (KHTML, like Gecko) Chrome/49.0.2623.87 Safari/537.36"
73.25.13.7 - - [16/Mar/2016:15:10:41 +0200] "GET /wp-admin/admin-ajax.php?action=pvc_backbone_load_stats&post_ids%5B1043%5D%5Bpost_id%5D=1043&post_ids%5B1043%5D%5Bask_update%5D=false&post_ids%5B1112%5D%5Bpost_id%5D=1112&post_ids%5B1112%5D%5Bask_update%5D=false&post_ids%5B1136%5D%5Bpost_id%5D=1136&post_ids%5B1136%5D%5Bask_update%5D=false&post_ids%5B1188%5D%5Bpost_id%5D=1188&post_ids%5B1188%5D%5Bask_update%5D=false&post_ids%5B1196%5D%5Bpost_id%5D=1196&post_ids%5B1196%5D%5Bask_update%5D=false&post_ids%5B1204%5D%5Bpost_id%5D=1204&post_ids%5B1204%5D%5Bask_update%5D=false HTTP/1.0" 200 675 "http://blogs.selectsifiso.com/" "Mozilla/5.0 (Macintosh; Intel Mac OS X 10_11_3) AppleWebKit/537.36 (KHTML, like Gecko) Chrome/49.0.2623.87 Safari/537.36"
73.25.13.7 - - [16/Mar/2016:15:10:43 +0200] "GET /favicon.ico HTTP/1.0" 200 260 "http://blogs.selectsifiso.com/" "Mozilla/5.0 (Macintosh; Intel Mac OS X 10_11_3) AppleWebKit/537.36 (KHTML, like Gecko) Chrome/49.0.2623.87 Safari/537.36"
41.78.28.152 - - [16/Mar/2016:15:10:28 +0200] "POST /wp-cron.php?doing_wp_cron=1458133828.8922879695892333984375 HTTP/1.0" 200 354 "-" "WordPress/4.4.2; http://blogs.selectsifiso.com"
54.205.186.30 - - [16/Mar/2016:15:21:27 +0200] "GET / HTTP/1.0" 200 9116 "-" "Ruby"
23.23.61.167 - - [16/Mar/2016:15:21:28 +0200] "GET / HTTP/1.0" 200 9116 "-" "Ruby"
115.252.47.107 - - [16/Mar/2016:15:24:56 +0200] "GET /wp-content/plugins/page-views-count/ajax-loader.gif HTTP/1.0" 200 1190 "http://www.codeproject.com/Articles/1083644/Duplicate-MySQL-Table-Using-phpMyAdmin" "Mozilla/5.0 (Windows NT 10.0; WOW64; Trident/7.0; rv:11.0) like Gecko"
41.78.28.152 - - [16/Mar/2016:15:27:10 +0200] "POST /wp-cron.php?465a16b660ca40f346fc5a8baf6351e3&action=wysija_cron&process=queue,bounce&silent=1 HTTP/1.0" 200 354 "-" "WordPress/4.4.2; http://blogs.selectsifiso.com"
180.76.15.147 - - [16/Mar/2016:15:27:09 +0200] "GET /tag/sql-server-reporting-services/ HTTP/1.0" 200 8075 "-" "Mozilla/5.0 (compatible; Baiduspider/2.0; +http://www.baidu.com/search/spider.html)"
41.78.28.152 - - [16/Mar/2016:15:27:11 +0200] "POST /wp-cron.php?doing_wp_cron=1458134831.2032420635223388671875 HTTP/1.0" 200 354 "-" "WordPress/4.4.2; http://blogs.selectsifiso.com"
199.16.156.125 - - [16/Mar/2016:15:29:40 +0200] "GET /robots.txt HTTP/1.0" 200 612 "-" "Twitterbot/1.0"
199.16.156.125 - - [16/Mar/2016:15:29:44 +0200] "GET /robots.txt HTTP/1.0" 200 612 "-" "Twitterbot/1.0"
41.78.28.152 - - [16/Mar/2016:15:29:46 +0200] "POST /wp-cron.php?doing_wp_cron=1458134986.4559409618377685546875 HTTP/1.0" 200 354 "-" "WordPress/4.4.2; http://blogs.selectsifiso.com"
94.236.39.228 - - [16/Mar/2016:15:35:37 +0200] "GET / HTTP/1.0" 200 38790 "-" "-"
94.236.39.228 - - [16/Mar/2016:15:48:39 +0200] "GET / HTTP/1.0" 200 38790 "-" "-"
190.242.131.50 - - [16/Mar/2016:15:59:29 +0200] "GET /wp-content/uploads/2015/11/1-300x156.png HTTP/1.0" 200 274 "http://noosfeer.com/explore?topics=mysql" "Mozilla/5.0 (Windows NT 6.1; WOW64; rv:45.0) Gecko/20100101 Firefox/45.0"
192.186.150.29 - - [16/Mar/2016:16:00:44 +0200] "GET / HTTP/1.0" 200 9116 "http://www.selectsifiso.net/" "Mozilla/5.0 (Windows NT 5.1; rv:35.0) Gecko/20100101 Firefox/35.0"
54.161.50.209 - - [16/Mar/2016:16:02:12 +0200] "GET /robots.txt HTTP/1.0" 200 612 "-" "Mozilla/5.0 (compatible; linkdexbot/2.2; +http://www.linkdex.com/bots/)"
54.161.50.209 - - [16/Mar/2016:16:02:12 +0200] "GET /tag/create-ssis-package/ HTTP/1.0" 200 10540 "-" "Mozilla/5.0 (compatible; linkdexbot/2.2; +http://www.linkdex.com/bots/)"
41.78.28.152 - - [16/Mar/2016:16:02:13 +0200] "POST /wp-cron.php?465a16b660ca40f346fc5a8baf6351e3&action=wysija_cron&process=bounce&silent=1 HTTP/1.0" 200 354 "-" "WordPress/4.4.2; http://blogs.selectsifiso.com"
41.78.28.152 - - [16/Mar/2016:16:02:13 +0200] "POST /wp-cron.php?465a16b660ca40f346fc5a8baf6351e3&action=wysija_cron&process=bounce&silent=1 HTTP/1.0" 200 354 "-" "WordPress/4.4.2; http://blogs.selectsifiso.com"
54.161.50.209 - - [16/Mar/2016:16:02:17 +0200] "GET / HTTP/1.0" 200 9116 "-" "Mozilla/5.0 (compatible; linkdexbot/2.2; +http://www.linkdex.com/bots/)"
41.78.28.152 - - [16/Mar/2016:16:02:14 +0200] "POST /wp-cron.php?doing_wp_cron=1458136934.6414461135864257812500 HTTP/1.0" 200 354 "-" "WordPress/4.4.2; http://blogs.selectsifiso.com"
54.225.17.70 - - [16/Mar/2016:16:07:12 +0200] "GET / HTTP/1.0" 200 9116 "-" "Mozilla/5.0 (Macintosh; Intel Mac OS X 10_9_4) AppleWebKit/537.36 (KHTML, like Gecko) Chrome/37.0.2062.124 Safari/537.36"
54.225.17.70 - - [16/Mar/2016:16:07:14 +0200] "GET / HTTP/1.0" 200 9116 "-" "Mozilla/5.0 (Macintosh; Intel Mac OS X 10_9_4) AppleWebKit/537.36 (KHTML, like Gecko) Chrome/37.0.2062.124 Safari/537.36"
54.225.17.70 - - [16/Mar/2016:16:07:15 +0200] "GET /tag/create-ssis-package/ HTTP/1.0" 200 10451 "-" "Mozilla/5.0 (Macintosh; Intel Mac OS X 10_9_4) AppleWebKit/537.36 (KHTML, like Gecko) Chrome/37.0.2062.124 Safari/537.36"
41.0.69.247 - - [16/Mar/2016:16:10:06 +0200] "GET / HTTP/1.0" 200 11350 "-" "Mozilla/5.0 (Windows NT 6.1; WOW64) AppleWebKit/537.36 (KHTML, like Gecko) Chrome/48.0.2564.116 Safari/537.36"
41.0.69.247 - - [16/Mar/2016:16:10:10 +0200] "GET /wp-content/plugins/wysija-newsletters/css/validationEngine.jquery.css?ver=06820f499ad3078ba51bb8a3026295a9 HTTP/1.0" 200 302 "http://blogs.selectsifiso.com/" "Mozilla/5.0 (Windows NT 6.1; WOW64) AppleWebKit/537.36 (KHTML, like Gecko) Chrome/48.0.2564.116 Safari/537.36"
41.0.69.247 - - [16/Mar/2016:16:10:10 +0200] "GET /wp-content/plugins/simplified-social-share/oss-social-sharing/assets/css/oss-social-sharing-front.css?ver=06820f499ad3078ba51bb8a3026295a9 HTTP/1.0" 200 754 "http://blogs.selectsifiso.com/" "Mozilla/5.0 (Windows NT 6.1; WOW64) AppleWebKit/537.36 (KHTML, like Gecko) Chrome/48.0.2564.116 Safari/537.36"
41.0.69.247 - - [16/Mar/2016:16:10:10 +0200] "GET /wp-content/plugins/captcha/css/style.css?ver=06820f499ad3078ba51bb8a3026295a9 HTTP/1.0" 200 273 "http://blogs.selectsifiso.com/" "Mozilla/5.0 (Windows NT 6.1; WOW64) AppleWebKit/537.36 (KHTML, like Gecko) Chrome/48.0.2564.116 Safari/537.36"
41.78.28.152 - - [16/Mar/2016:16:10:07 +0200] "POST /wp-cron.php?465a16b660ca40f346fc5a8baf6351e3&action=wysija_cron&process=bounce&silent=1 HTTP/1.0" 200 354 "-" "WordPress/4.4.2; http://blogs.selectsifiso.com"
41.0.69.247 - - [16/Mar/2016:16:10:11 +0200] "GET /wp-content/plugins/captcha/css/desktop_style.css?ver=06820f499ad3078ba51bb8a3026295a9 HTTP/1.0" 200 281 "http://blogs.selectsifiso.com/" "Mozilla/5.0 (Windows NT 6.1; WOW64) AppleWebKit/537.36 (KHTML, like Gecko) Chrome/48.0.2564.116 Safari/537.36"
41.0.69.247 - - [16/Mar/2016:16:10:11 +0200] "GET /wp-content/plugins/contact-form-7/includes/css/styles.css?ver=06820f499ad3078ba51bb8a3026295a9 HTTP/1.0" 200 290 "http://blogs.selectsifiso.com/" "Mozilla/5.0 (Windows NT 6.1; WOW64) AppleWebKit/537.36 (KHTML, like Gecko) Chrome/48.0.2564.116 Safari/537.36"
41.0.69.247 - - [16/Mar/2016:16:10:11 +0200] "GET /wp-content/plugins/counterize/counterize.css.php?ver=06820f499ad3078ba51bb8a3026295a9 HTTP/1.0" 200 1373 "http://blogs.selectsifiso.com/" "Mozilla/5.0 (Windows NT 6.1; WOW64) AppleWebKit/537.36 (KHTML, like Gecko) Chrome/48.0.2564.116 Safari/537.36"
41.0.69.247 - - [16/Mar/2016:16:10:11 +0200] "GET /wp-content/plugins/counterize/counterize.js.php?ver=06820f499ad3078ba51bb8a3026295a9 HTTP/1.0" 200 11428 "http://blogs.selectsifiso.com/" "Mozilla/5.0 (Windows NT 6.1; WOW64) AppleWebKit/537.36 (KHTML, like Gecko) Chrome/48.0.2564.116 Safari/537.36"
41.0.69.247 - - [16/Mar/2016:16:10:11 +0200] "GET /wp-content/plugins/captcha/js/front_end_script.js?ver=06820f499ad3078ba51bb8a3026295a9 HTTP/1.0" 200 790 "http://blogs.selectsifiso.com/" "Mozilla/5.0 (Windows NT 6.1; WOW64) AppleWebKit/537.36 (KHTML, like Gecko) Chrome/48.0.2564.116 Safari/537.36"
41.0.69.247 - - [16/Mar/2016:16:10:14 +0200] "GET /wp-content/plugins/contact-form-7/includes/js/scripts.js?ver=06820f499ad3078ba51bb8a3026295a9 HTTP/1.0" 200 303 "http://blogs.selectsifiso.com/" "Mozilla/5.0 (Windows NT 6.1; WOW64) AppleWebKit/537.36 (KHTML, like Gecko) Chrome/48.0.2564.116 Safari/537.36"
41.0.69.247 - - [16/Mar/2016:16:10:14 +0200] "GET /wp-content/plugins/contact-form-7/includes/js/jquery.form.min.js?ver=06820f499ad3078ba51bb8a3026295a9-2014.06.20 HTTP/1.0" 200 311 "http://blogs.selectsifiso.com/" "Mozilla/5.0 (Windows NT 6.1; WOW64) AppleWebKit/537.36 (KHTML, like Gecko) Chrome/48.0.2564.116 Safari/537.36"
41.0.69.247 - - [16/Mar/2016:16:10:14 +0200] "GET /wp-content/plugins/simplified-social-share/oss-social-sharing/assets/js/oss_share.js?ver=06820f499ad3078ba51bb8a3026295a9 HTTP/1.0" 200 488 "http://blogs.selectsifiso.com/" "Mozilla/5.0 (Windows NT 6.1; WOW64) AppleWebKit/537.36 (KHTML, like Gecko) Chrome/48.0.2564.116 Safari/537.36"
41.0.69.247 - - [16/Mar/2016:16:10:20 +0200] "GET /wp-admin/admin-ajax.php?action=pvc_backbone_load_stats&post_ids%5B1043%5D%5Bpost_id%5D=1043&post_ids%5B1043%5D%5Bask_update%5D=false&post_ids%5B1112%5D%5Bpost_id%5D=1112&post_ids%5B1112%5D%5Bask_update%5D=false&post_ids%5B1136%5D%5Bpost_id%5D=1136&post_ids%5B1136%5D%5Bask_update%5D=false&post_ids%5B1188%5D%5Bpost_id%5D=1188&post_ids%5B1188%5D%5Bask_update%5D=false&post_ids%5B1196%5D%5Bpost_id%5D=1196&post_ids%5B1196%5D%5Bask_update%5D=false&post_ids%5B1204%5D%5Bpost_id%5D=1204&post_ids%5B1204%5D%5Bask_update%5D=false HTTP/1.0" 200 675 "http://blogs.selectsifiso.com/" "Mozilla/5.0 (Windows NT 6.1; WOW64) AppleWebKit/537.36 (KHTML, like Gecko) Chrome/48.0.2564.116 Safari/537.36"
94.236.39.228 - - [16/Mar/2016:16:14:21 +0200] "GET / HTTP/1.0" 200 38790 "-" "-"
66.249.65.36 - - [16/Mar/2016:16:20:06 +0200] "GET /robots.txt HTTP/1.0" 200 612 "-" "Mozilla/5.0 (compatible; Googlebot/2.1; +http://www.google.com/bot.html)"
41.78.28.152 - - [16/Mar/2016:16:20:07 +0200] "POST /wp-cron.php?465a16b660ca40f346fc5a8baf6351e3&action=wysija_cron&process=bounce&silent=1 HTTP/1.0" 200 354 "-" "WordPress/4.4.2; http://blogs.selectsifiso.com"
66.249.65.33 - - [16/Mar/2016:16:20:11 +0200] "GET /latest-blog-post-sourcing-xml-in-ssis/ HTTP/1.0" 200 9001 "-" "Mozilla/5.0 (compatible; Googlebot/2.1; +http://www.google.com/bot.html)"
41.78.28.152 - - [16/Mar/2016:16:20:08 +0200] "POST /wp-cron.php?doing_wp_cron=1458138008.3362879753112792968750 HTTP/1.0" 200 354 "-" "WordPress/4.4.2; http://blogs.selectsifiso.com"
23.23.61.167 - - [16/Mar/2016:16:21:54 +0200] "GET / HTTP/1.0" 200 9116 "-" "Ruby"
54.205.186.30 - - [16/Mar/2016:16:21:54 +0200] "GET / HTTP/1.0" 200 9116 "-" "Ruby"
193.140.8.12 - - [16/Mar/2016:16:33:43 +0200] "GET /wp-content/plugins/page-views-count/ajax-loader.gif HTTP/1.0" 200 1190 "http://www.codeproject.com/Articles/1083644/Duplicate-MySQL-Table-Using-phpMyAdmin" "Mozilla/5.0 (Windows NT 6.3) AppleWebKit/537.36 (KHTML, like Gecko) Chrome/48.0.2564.116 Safari/537.36"
23.94.64.3 - - [16/Mar/2016:16:36:33 +0200] "GET / HTTP/1.0" 200 9116 "http://www.selectsifiso.net/" "Mozilla/5.0 (Windows NT 5.1; rv:35.0) Gecko/20100101 Firefox/35.0"
41.78.28.152 - - [16/Mar/2016:16:44:08 +0200] "POST /wp-cron.php?465a16b660ca40f346fc5a8baf6351e3&action=wysija_cron&process=queue,bounce,daily&silent=1 HTTP/1.0" 200 354 "-" "WordPress/4.4.2; http://blogs.selectsifiso.com"
192.0.81.16 - - [16/Mar/2016:16:44:07 +0200] "GET /feed/ HTTP/1.0" 200 34498 "-" "WordPress.com; https://botd.wordpress.com"
192.0.81.16 - - [16/Mar/2016:16:44:28 +0200] "GET /feed/ HTTP/1.0" 200 34498 "-" "WordPress.com; https://botd.wordpress.com"
41.78.28.152 - - [16/Mar/2016:16:44:09 +0200] "POST /wp-cron.php?doing_wp_cron=1458139449.6168301105499267578125 HTTP/1.0" 200 354 "-" "WordPress/4.4.2; http://blogs.selectsifiso.com"
77.75.79.109 - - [16/Mar/2016:16:44:45 +0200] "GET /robots.txt HTTP/1.0" 200 612 "-" "Mozilla/5.0 (compatible; SeznamBot/3.2; +http://fulltext.sblog.cz/)"
77.75.79.109 - - [16/Mar/2016:16:44:48 +0200] "GET / HTTP/1.0" 200 9116 "-" "Mozilla/5.0 (compatible; SeznamBot/3.2; +http://fulltext.sblog.cz/)"
94.236.39.228 - - [16/Mar/2016:16:45:26 +0200] "GET / HTTP/1.0" 200 38790 "-" "-"
68.180.229.46 - - [16/Mar/2016:16:53:04 +0200] "GET /duplicate-mysql-table-using-phpmyadmin/ HTTP/1.0" 200 10220 "-" "Mozilla/5.0 (compatible; Yahoo! Slurp; http://help.yahoo.com/help/us/ysearch/slurp)"
41.78.28.152 - - [16/Mar/2016:16:53:05 +0200] "POST /wp-cron.php?465a16b660ca40f346fc5a8baf6351e3&action=wysija_cron&process=queue,bounce&silent=1 HTTP/1.0" 200 354 "-" "WordPress/4.4.2; http://blogs.selectsifiso.com"
68.180.229.46 - - [16/Mar/2016:16:53:08 +0200] "GET /wp-includes/css/dashicons.min.css?ver=06820f499ad3078ba51bb8a3026295a9 HTTP/1.0" 200 266 "http://blogs.selectsifiso.com/duplicate-mysql-table-using-phpmyadmin/" "Mozilla/5.0 (compatible; Yahoo! Slurp; http://help.yahoo.com/help/us/ysearch/slurp)"
68.180.229.46 - - [16/Mar/2016:16:53:08 +0200] "GET /wp-content/plugins/captcha/css/style.css?ver=06820f499ad3078ba51bb8a3026295a9 HTTP/1.0" 200 273 "http://blogs.selectsifiso.com/duplicate-mysql-table-using-phpmyadmin/" "Mozilla/5.0 (compatible; Yahoo! Slurp; http://help.yahoo.com/help/us/ysearch/slurp)"
68.180.229.46 - - [16/Mar/2016:16:53:08 +0200] "GET /wp-content/plugins/simplified-social-share/oss-social-sharing/assets/css/oss-social-sharing-front.css?ver=06820f499ad3078ba51bb8a3026295a9 HTTP/1.0" 200 754 "http://blogs.selectsifiso.com/duplicate-mysql-table-using-phpmyadmin/" "Mozilla/5.0 (compatible; Yahoo! Slurp; http://help.yahoo.com/help/us/ysearch/slurp)"
68.180.229.46 - - [16/Mar/2016:16:53:08 +0200] "GET /wp-content/plugins/wysija-newsletters/css/validationEngine.jquery.css?ver=06820f499ad3078ba51bb8a3026295a9 HTTP/1.0" 200 302 "http://blogs.selectsifiso.com/duplicate-mysql-table-using-phpmyadmin/" "Mozilla/5.0 (compatible; Yahoo! Slurp; http://help.yahoo.com/help/us/ysearch/slurp)"
68.180.229.46 - - [16/Mar/2016:16:53:08 +0200] "GET /wp-content/plugins/captcha/css/desktop_style.css?ver=06820f499ad3078ba51bb8a3026295a9 HTTP/1.0" 200 281 "http://blogs.selectsifiso.com/duplicate-mysql-table-using-phpmyadmin/" "Mozilla/5.0 (compatible; Yahoo! Slurp; http://help.yahoo.com/help/us/ysearch/slurp)"
68.180.229.46 - - [16/Mar/2016:16:53:08 +0200] "GET /wp-content/plugins/contact-form-7/includes/css/styles.css?ver=06820f499ad3078ba51bb8a3026295a9 HTTP/1.0" 200 290 "http://blogs.selectsifiso.com/duplicate-mysql-table-using-phpmyadmin/" "Mozilla/5.0 (compatible; Yahoo! Slurp; http://help.yahoo.com/help/us/ysearch/slurp)"
68.180.229.46 - - [16/Mar/2016:16:53:09 +0200] "GET /wp-content/themes/iconic-one/custom.css?ver=06820f499ad3078ba51bb8a3026295a9 HTTP/1.0" 200 408 "http://blogs.selectsifiso.com/duplicate-mysql-table-using-phpmyadmin/" "Mozilla/5.0 (compatible; Yahoo! Slurp; http://help.yahoo.com/help/us/ysearch/slurp)"
68.180.229.46 - - [16/Mar/2016:16:53:09 +0200] "GET /wp-content/plugins/counterize/counterize.css.php?ver=06820f499ad3078ba51bb8a3026295a9 HTTP/1.0" 200 1373 "http://blogs.selectsifiso.com/duplicate-mysql-table-using-phpmyadmin/" "Mozilla/5.0 (compatible; Yahoo! Slurp; http://help.yahoo.com/help/us/ysearch/slurp)"
68.180.229.46 - - [16/Mar/2016:16:53:09 +0200] "GET /wp-content/plugins/tablepress/css/default.min.css?ver=06820f499ad3078ba51bb8a3026295a9 HTTP/1.0" 200 282 "http://blogs.selectsifiso.com/duplicate-mysql-table-using-phpmyadmin/" "Mozilla/5.0 (compatible; Yahoo! Slurp; http://help.yahoo.com/help/us/ysearch/slurp)"
68.180.229.46 - - [16/Mar/2016:16:53:09 +0200] "GET /wp-content/plugins/page-views-count/assets/css/style.min.css?ver=06820f499ad3078ba51bb8a3026295a9 HTTP/1.0" 200 509 "http://blogs.selectsifiso.com/duplicate-mysql-table-using-phpmyadmin/" "Mozilla/5.0 (compatible; Yahoo! Slurp; http://help.yahoo.com/help/us/ysearch/slurp)"
68.180.229.46 - - [16/Mar/2016:16:53:09 +0200] "GET /wp-content/themes/iconic-one/style.css?ver=06820f499ad3078ba51bb8a3026295a9 HTTP/1.0" 200 271 "http://blogs.selectsifiso.com/duplicate-mysql-table-using-phpmyadmin/" "Mozilla/5.0 (compatible; Yahoo! Slurp; http://help.yahoo.com/help/us/ysearch/slurp)"
