106.51.28.186 - - [13/Mar/2016:09:41:02 +0200] "GET / HTTP/1.0" 200 10464 "http://top1-seo-service.com/try.php?u=http://selectsifiso.net" "Mozilla/5.0 (Windows NT 6.1; WOW64) AppleWebKit/537.36 (KHTML, like Gecko) Chrome/36.0.1985.143 Safari/537.36"
106.51.28.186 - - [13/Mar/2016:09:41:06 +0200] "GET /wp-content/plugins/wysija-newsletters/css/validationEngine.jquery.css?ver=06820f499ad3078ba51bb8a3026295a9 HTTP/1.0" 200 302 "http://blogs.selectsifiso.com/" "Mozilla/5.0 (Windows NT 6.1; WOW64) AppleWebKit/537.36 (KHTML, like Gecko) Chrome/36.0.1985.143 Safari/537.36"
106.51.28.186 - - [13/Mar/2016:09:41:07 +0200] "GET /wp-includes/css/dashicons.min.css?ver=06820f499ad3078ba51bb8a3026295a9 HTTP/1.0" 200 266 "http://blogs.selectsifiso.com/" "Mozilla/5.0 (Windows NT 6.1; WOW64) AppleWebKit/537.36 (KHTML, like Gecko) Chrome/36.0.1985.143 Safari/537.36"
106.51.28.186 - - [13/Mar/2016:09:41:07 +0200] "GET /wp-content/plugins/contact-form-7/includes/css/styles.css?ver=06820f499ad3078ba51bb8a3026295a9 HTTP/1.0" 200 290 "http://blogs.selectsifiso.com/" "Mozilla/5.0 (Windows NT 6.1; WOW64) AppleWebKit/537.36 (KHTML, like Gecko) Chrome/36.0.1985.143 Safari/537.36"
106.51.28.186 - - [13/Mar/2016:09:41:07 +0200] "GET /wp-content/plugins/captcha/css/style.css?ver=06820f499ad3078ba51bb8a3026295a9 HTTP/1.0" 200 273 "http://blogs.selectsifiso.com/" "Mozilla/5.0 (Windows NT 6.1; WOW64) AppleWebKit/537.36 (KHTML, like Gecko) Chrome/36.0.1985.143 Safari/537.36"
106.51.28.186 - - [13/Mar/2016:09:41:07 +0200] "GET /wp-content/plugins/captcha/css/desktop_style.css?ver=06820f499ad3078ba51bb8a3026295a9 HTTP/1.0" 200 281 "http://blogs.selectsifiso.com/" "Mozilla/5.0 (Windows NT 6.1; WOW64) AppleWebKit/537.36 (KHTML, like Gecko) Chrome/36.0.1985.143 Safari/537.36"
106.51.28.186 - - [13/Mar/2016:09:41:07 +0200] "GET /wp-content/plugins/simplified-social-share/oss-social-sharing/assets/css/oss-social-sharing-front.css?ver=06820f499ad3078ba51bb8a3026295a9 HTTP/1.0" 200 754 "http://blogs.selectsifiso.com/" "Mozilla/5.0 (Windows NT 6.1; WOW64) AppleWebKit/537.36 (KHTML, like Gecko) Chrome/36.0.1985.143 Safari/537.36"
106.51.28.186 - - [13/Mar/2016:09:41:07 +0200] "GET /wp-content/plugins/page-views-count/assets/css/style.min.css?ver=06820f499ad3078ba51bb8a3026295a9 HTTP/1.0" 200 509 "http://blogs.selectsifiso.com/" "Mozilla/5.0 (Windows NT 6.1; WOW64) AppleWebKit/537.36 (KHTML, like Gecko) Chrome/36.0.1985.143 Safari/537.36"
106.51.28.186 - - [13/Mar/2016:09:41:07 +0200] "GET /wp-content/themes/iconic-one/style.css?ver=06820f499ad3078ba51bb8a3026295a9 HTTP/1.0" 200 271 "http://blogs.selectsifiso.com/" "Mozilla/5.0 (Windows NT 6.1; WOW64) AppleWebKit/537.36 (KHTML, like Gecko) Chrome/36.0.1985.143 Safari/537.36"
106.51.28.186 - - [13/Mar/2016:09:41:07 +0200] "GET /wp-content/themes/iconic-one/custom.css?ver=06820f499ad3078ba51bb8a3026295a9 HTTP/1.0" 200 408 "http://blogs.selectsifiso.com/" "Mozilla/5.0 (Windows NT 6.1; WOW64) AppleWebKit/537.36 (KHTML, like Gecko) Chrome/36.0.1985.143 Safari/537.36"
106.51.28.186 - - [13/Mar/2016:09:41:08 +0200] "GET /wp-content/plugins/tablepress/css/default.min.css?ver=06820f499ad3078ba51bb8a3026295a9 HTTP/1.0" 200 282 "http://blogs.selectsifiso.com/" "Mozilla/5.0 (Windows NT 6.1; WOW64) AppleWebKit/537.36 (KHTML, like Gecko) Chrome/36.0.1985.143 Safari/537.36"
106.51.28.186 - - [13/Mar/2016:09:41:08 +0200] "GET /wp-content/plugins/counterize/counterize.css.php?ver=06820f499ad3078ba51bb8a3026295a9 HTTP/1.0" 200 1373 "http://blogs.selectsifiso.com/" "Mozilla/5.0 (Windows NT 6.1; WOW64) AppleWebKit/537.36 (KHTML, like Gecko) Chrome/36.0.1985.143 Safari/537.36"
106.51.28.186 - - [13/Mar/2016:09:41:08 +0200] "GET /wp-includes/js/jquery/jquery.js?ver=06820f499ad3078ba51bb8a3026295a9 HTTP/1.0" 200 278 "http://blogs.selectsifiso.com/" "Mozilla/5.0 (Windows NT 6.1; WOW64) AppleWebKit/537.36 (KHTML, like Gecko) Chrome/36.0.1985.143 Safari/537.36"
106.51.28.186 - - [13/Mar/2016:09:41:08 +0200] "GET /wp-includes/js/jquery/jquery-migrate.min.js?ver=06820f499ad3078ba51bb8a3026295a9 HTTP/1.0" 200 290 "http://blogs.selectsifiso.com/" "Mozilla/5.0 (Windows NT 6.1; WOW64) AppleWebKit/537.36 (KHTML, like Gecko) Chrome/36.0.1985.143 Safari/537.36"
106.51.28.186 - - [13/Mar/2016:09:41:08 +0200] "GET /wp-content/plugins/captcha/js/front_end_script.js?ver=06820f499ad3078ba51bb8a3026295a9 HTTP/1.0" 200 790 "http://blogs.selectsifiso.com/" "Mozilla/5.0 (Windows NT 6.1; WOW64) AppleWebKit/537.36 (KHTML, like Gecko) Chrome/36.0.1985.143 Safari/537.36"
106.51.28.186 - - [13/Mar/2016:09:41:08 +0200] "GET /wp-includes/js/underscore.min.js?ver=06820f499ad3078ba51bb8a3026295a9 HTTP/1.0" 200 279 "http://blogs.selectsifiso.com/" "Mozilla/5.0 (Windows NT 6.1; WOW64) AppleWebKit/537.36 (KHTML, like Gecko) Chrome/36.0.1985.143 Safari/537.36"
106.51.28.186 - - [13/Mar/2016:09:41:09 +0200] "GET /wp-includes/js/backbone.min.js?ver=06820f499ad3078ba51bb8a3026295a9 HTTP/1.0" 200 277 "http://blogs.selectsifiso.com/" "Mozilla/5.0 (Windows NT 6.1; WOW64) AppleWebKit/537.36 (KHTML, like Gecko) Chrome/36.0.1985.143 Safari/537.36"
106.51.28.186 - - [13/Mar/2016:09:41:09 +0200] "GET /wp-content/plugins/page-views-count/assets/js/pvc.backbone.min.js?ver=06820f499ad3078ba51bb8a3026295a9 HTTP/1.0" 200 312 "http://blogs.selectsifiso.com/" "Mozilla/5.0 (Windows NT 6.1; WOW64) AppleWebKit/537.36 (KHTML, like Gecko) Chrome/36.0.1985.143 Safari/537.36"
106.51.28.186 - - [13/Mar/2016:09:41:09 +0200] "GET /wp-content/plugins/counterize/counterize.js.php?ver=06820f499ad3078ba51bb8a3026295a9 HTTP/1.0" 200 11428 "http://blogs.selectsifiso.com/" "Mozilla/5.0 (Windows NT 6.1; WOW64) AppleWebKit/537.36 (KHTML, like Gecko) Chrome/36.0.1985.143 Safari/537.36"
106.51.28.186 - - [13/Mar/2016:09:41:09 +0200] "GET /wp-content/plugins/contact-form-7/includes/js/jquery.form.min.js?ver=06820f499ad3078ba51bb8a3026295a9-2014.06.20 HTTP/1.0" 200 311 "http://blogs.selectsifiso.com/" "Mozilla/5.0 (Windows NT 6.1; WOW64) AppleWebKit/537.36 (KHTML, like Gecko) Chrome/36.0.1985.143 Safari/537.36"
106.51.28.186 - - [13/Mar/2016:09:41:10 +0200] "GET /wp-content/plugins/contact-form-7/includes/js/scripts.js?ver=06820f499ad3078ba51bb8a3026295a9 HTTP/1.0" 200 303 "http://blogs.selectsifiso.com/" "Mozilla/5.0 (Windows NT 6.1; WOW64) AppleWebKit/537.36 (KHTML, like Gecko) Chrome/36.0.1985.143 Safari/537.36"
106.51.28.186 - - [13/Mar/2016:09:41:11 +0200] "GET /wp-includes/js/wp-embed.min.js?ver=06820f499ad3078ba51bb8a3026295a9 HTTP/1.0" 200 277 "http://blogs.selectsifiso.com/" "Mozilla/5.0 (Windows NT 6.1; WOW64) AppleWebKit/537.36 (KHTML, like Gecko) Chrome/36.0.1985.143 Safari/537.36"
106.51.28.186 - - [13/Mar/2016:09:41:12 +0200] "GET /wp-content/plugins/simplified-social-share/oss-social-sharing/assets/js/oss_share.js?ver=06820f499ad3078ba51bb8a3026295a9 HTTP/1.0" 200 488 "http://blogs.selectsifiso.com/" "Mozilla/5.0 (Windows NT 6.1; WOW64) AppleWebKit/537.36 (KHTML, like Gecko) Chrome/36.0.1985.143 Safari/537.36"
106.51.28.186 - - [13/Mar/2016:09:41:12 +0200] "GET /wp-content/themes/iconic-one/js/selectnav.js?ver=06820f499ad3078ba51bb8a3026295a9 HTTP/1.0" 200 291 "http://blogs.selectsifiso.com/" "Mozilla/5.0 (Windows NT 6.1; WOW64) AppleWebKit/537.36 (KHTML, like Gecko) Chrome/36.0.1985.143 Safari/537.36"
68.180.231.35 - - [13/Mar/2016:09:41:18 +0200] "GET /latest-blog-post-sourcing-xml-in-ssis/ HTTP/1.0" 200 11108 "-" "Mozilla/5.0 (compatible; Yahoo! Slurp; http://help.yahoo.com/help/us/ysearch/slurp)"
180.76.15.148 - - [13/Mar/2016:09:46:43 +0200] "GET / HTTP/1.0" 200 10464 "-" "Mozilla/5.0 (compatible; Baiduspider/2.0; +http://www.baidu.com/search/spider.html)"
94.236.39.228 - - [13/Mar/2016:09:50:04 +0200] "GET / HTTP/1.0" 200 46080 "-" "-"
94.236.39.228 - - [13/Mar/2016:09:52:13 +0200] "GET / HTTP/1.0" 200 46080 "-" "-"
106.51.28.186 - - [13/Mar/2016:09:41:06 +0200] "GET /wp-content/plugins/wysija-newsletters/css/validationEngine.jquery.css?ver=06820f499ad3078ba51bb8a3026295a9 HTTP/1.1" 200 4685 "http://blogs.selectsifiso.com/" "Mozilla/5.0 (Windows NT 6.1; WOW64) AppleWebKit/537.36 (KHTML, like Gecko) Chrome/36.0.1985.143 Safari/537.36"
106.51.28.186 - - [13/Mar/2016:09:41:07 +0200] "GET /wp-includes/css/dashicons.min.css?ver=06820f499ad3078ba51bb8a3026295a9 HTTP/1.1" 200 46136 "http://blogs.selectsifiso.com/" "Mozilla/5.0 (Windows NT 6.1; WOW64) AppleWebKit/537.36 (KHTML, like Gecko) Chrome/36.0.1985.143 Safari/537.36"
106.51.28.186 - - [13/Mar/2016:09:41:07 +0200] "GET /wp-content/plugins/contact-form-7/includes/css/styles.css?ver=06820f499ad3078ba51bb8a3026295a9 HTTP/1.1" 200 1099 "http://blogs.selectsifiso.com/" "Mozilla/5.0 (Windows NT 6.1; WOW64) AppleWebKit/537.36 (KHTML, like Gecko) Chrome/36.0.1985.143 Safari/537.36"
106.51.28.186 - - [13/Mar/2016:09:41:07 +0200] "GET /wp-content/plugins/captcha/css/style.css?ver=06820f499ad3078ba51bb8a3026295a9 HTTP/1.1" 200 3001 "http://blogs.selectsifiso.com/" "Mozilla/5.0 (Windows NT 6.1; WOW64) AppleWebKit/537.36 (KHTML, like Gecko) Chrome/36.0.1985.143 Safari/537.36"
106.51.28.186 - - [13/Mar/2016:09:41:07 +0200] "GET /wp-content/plugins/captcha/css/desktop_style.css?ver=06820f499ad3078ba51bb8a3026295a9 HTTP/1.1" 200 1615 "http://blogs.selectsifiso.com/" "Mozilla/5.0 (Windows NT 6.1; WOW64) AppleWebKit/537.36 (KHTML, like Gecko) Chrome/36.0.1985.143 Safari/537.36"
106.51.28.186 - - [13/Mar/2016:09:41:07 +0200] "GET /wp-content/themes/iconic-one/style.css?ver=06820f499ad3078ba51bb8a3026295a9 HTTP/1.1" 200 34711 "http://blogs.selectsifiso.com/" "Mozilla/5.0 (Windows NT 6.1; WOW64) AppleWebKit/537.36 (KHTML, like Gecko) Chrome/36.0.1985.143 Safari/537.36"
106.51.28.186 - - [13/Mar/2016:09:41:08 +0200] "GET /wp-content/plugins/tablepress/css/default.min.css?ver=06820f499ad3078ba51bb8a3026295a9 HTTP/1.1" 200 5606 "http://blogs.selectsifiso.com/" "Mozilla/5.0 (Windows NT 6.1; WOW64) AppleWebKit/537.36 (KHTML, like Gecko) Chrome/36.0.1985.143 Safari/537.36"
106.51.28.186 - - [13/Mar/2016:09:41:08 +0200] "GET /wp-includes/js/jquery/jquery-migrate.min.js?ver=06820f499ad3078ba51bb8a3026295a9 HTTP/1.1" 200 7200 "http://blogs.selectsifiso.com/" "Mozilla/5.0 (Windows NT 6.1; WOW64) AppleWebKit/537.36 (KHTML, like Gecko) Chrome/36.0.1985.143 Safari/537.36"
106.51.28.186 - - [13/Mar/2016:09:41:08 +0200] "GET /wp-includes/js/underscore.min.js?ver=06820f499ad3078ba51bb8a3026295a9 HTTP/1.1" 200 14643 "http://blogs.selectsifiso.com/" "Mozilla/5.0 (Windows NT 6.1; WOW64) AppleWebKit/537.36 (KHTML, like Gecko) Chrome/36.0.1985.143 Safari/537.36"
106.51.28.186 - - [13/Mar/2016:09:41:09 +0200] "GET /wp-includes/js/backbone.min.js?ver=06820f499ad3078ba51bb8a3026295a9 HTTP/1.1" 200 19962 "http://blogs.selectsifiso.com/" "Mozilla/5.0 (Windows NT 6.1; WOW64) AppleWebKit/537.36 (KHTML, like Gecko) Chrome/36.0.1985.143 Safari/537.36"
106.51.28.186 - - [13/Mar/2016:09:41:09 +0200] "GET /wp-content/plugins/page-views-count/assets/js/pvc.backbone.min.js?ver=06820f499ad3078ba51bb8a3026295a9 HTTP/1.1" 200 1513 "http://blogs.selectsifiso.com/" "Mozilla/5.0 (Windows NT 6.1; WOW64) AppleWebKit/537.36 (KHTML, like Gecko) Chrome/36.0.1985.143 Safari/537.36"
106.51.28.186 - - [13/Mar/2016:09:41:09 +0200] "GET /wp-content/plugins/contact-form-7/includes/js/jquery.form.min.js?ver=06820f499ad3078ba51bb8a3026295a9-2014.06.20 HTTP/1.1" 200 15248 "http://blogs.selectsifiso.com/" "Mozilla/5.0 (Windows NT 6.1; WOW64) AppleWebKit/537.36 (KHTML, like Gecko) Chrome/36.0.1985.143 Safari/537.36"
106.51.28.186 - - [13/Mar/2016:09:41:10 +0200] "GET /wp-content/plugins/contact-form-7/includes/js/scripts.js?ver=06820f499ad3078ba51bb8a3026295a9 HTTP/1.1" 200 11819 "http://blogs.selectsifiso.com/" "Mozilla/5.0 (Windows NT 6.1; WOW64) AppleWebKit/537.36 (KHTML, like Gecko) Chrome/36.0.1985.143 Safari/537.36"
106.51.28.186 - - [13/Mar/2016:09:41:11 +0200] "GET /wp-includes/js/jquery/jquery.js?ver=06820f499ad3078ba51bb8a3026295a9 HTTP/1.1" 200 95977 "http://blogs.selectsifiso.com/" "Mozilla/5.0 (Windows NT 6.1; WOW64) AppleWebKit/537.36 (KHTML, like Gecko) Chrome/36.0.1985.143 Safari/537.36"
106.51.28.186 - - [13/Mar/2016:09:41:11 +0200] "GET /wp-includes/js/wp-embed.min.js?ver=06820f499ad3078ba51bb8a3026295a9 HTTP/1.1" 200 1518 "http://blogs.selectsifiso.com/" "Mozilla/5.0 (Windows NT 6.1; WOW64) AppleWebKit/537.36 (KHTML, like Gecko) Chrome/36.0.1985.143 Safari/537.36"
106.51.28.186 - - [13/Mar/2016:09:41:12 +0200] "GET /wp-content/themes/iconic-one/js/selectnav.js?ver=06820f499ad3078ba51bb8a3026295a9 HTTP/1.1" 200 4195 "http://blogs.selectsifiso.com/" "Mozilla/5.0 (Windows NT 6.1; WOW64) AppleWebKit/537.36 (KHTML, like Gecko) Chrome/36.0.1985.143 Safari/537.36"
41.78.28.152 - - [13/Mar/2016:10:06:09 +0200] "POST /wp-cron.php?465a16b660ca40f346fc5a8baf6351e3&action=wysija_cron&process=queue,bounce&silent=1 HTTP/1.0" 200 354 "-" "WordPress/4.4.2; http://blogs.selectsifiso.com"
41.78.28.152 - - [13/Mar/2016:10:06:11 +0200] "POST /wp-cron.php?doing_wp_cron=1457856371.4222669601440429687500 HTTP/1.0" 200 354 "-" "WordPress/4.4.2; http://blogs.selectsifiso.com"
68.180.231.35 - - [13/Mar/2016:10:06:06 +0200] "GET /programmatically-insert-conditional-split-transformation-in-data-flow-task-of-ssis-package-using-c/ HTTP/1.0" 200 15947 "-" "Mozilla/5.0 (compatible; Yahoo! Slurp; http://help.yahoo.com/help/us/ysearch/slurp)"
220.181.108.179 - - [13/Mar/2016:10:14:40 +0200] "GET / HTTP/1.0" 200 10464 "-" "Mozilla/5.0 (Windows NT 5.1; rv:6.0.2) Gecko/20100101 Firefox/6.0.2"
220.181.108.183 - - [13/Mar/2016:10:14:42 +0200] "GET / HTTP/1.0" 200 46022 "-" "Mozilla/5.0 (Windows NT 5.1; rv:6.0.2) Gecko/20100101 Firefox/6.0.2"
23.23.61.167 - - [13/Mar/2016:10:19:43 +0200] "GET / HTTP/1.0" 200 10464 "-" "Ruby"
54.205.186.30 - - [13/Mar/2016:10:19:44 +0200] "GET / HTTP/1.0" 200 10464 "-" "Ruby"
41.78.28.152 - - [13/Mar/2016:10:21:37 +0200] "POST /wp-cron.php?465a16b660ca40f346fc5a8baf6351e3&action=wysija_cron&process=bounce&silent=1 HTTP/1.0" 200 354 "-" "WordPress/4.4.2; http://blogs.selectsifiso.com"
66.249.65.36 - - [13/Mar/2016:10:21:35 +0200] "GET /robots.txt HTTP/1.0" 200 612 "-" "Mozilla/5.0 (compatible; Googlebot/2.1; +http://www.google.com/bot.html)"
41.78.28.152 - - [13/Mar/2016:10:21:38 +0200] "POST /wp-cron.php?doing_wp_cron=1457857298.4712131023406982421875 HTTP/1.0" 200 354 "-" "WordPress/4.4.2; http://blogs.selectsifiso.com"
66.249.65.33 - - [13/Mar/2016:10:21:40 +0200] "GET / HTTP/1.0" 200 10464 "-" "Mozilla/5.0 (compatible; Googlebot/2.1; +http://www.google.com/bot.html)"
66.249.65.33 - - [13/Mar/2016:10:22:37 +0200] "GET /wp-content/plugins/counterize/counterize.css.php?ver=06820f499ad3078ba51bb8a3026295a9 HTTP/1.0" 200 1373 "-" "Mozilla/5.0 (compatible; Googlebot/2.1; +http://www.google.com/bot.html)"
66.249.65.36 - - [13/Mar/2016:10:22:38 +0200] "GET /wp-content/themes/iconic-one/style.css?ver=06820f499ad3078ba51bb8a3026295a9 HTTP/1.0" 200 271 "-" "Mozilla/5.0 (compatible; Googlebot/2.1; +http://www.google.com/bot.html)"
66.249.65.33 - - [13/Mar/2016:10:24:36 +0200] "GET /category/ssrs/ HTTP/1.0" 200 8865 "-" "Mozilla/5.0 (compatible; Googlebot/2.1; +http://www.google.com/bot.html)"
138.128.66.151 - - [13/Mar/2016:10:25:48 +0200] "GET / HTTP/1.0" 200 10464 "http://www.selectsifiso.net/" "Mozilla/5.0 (Windows NT 5.1) AppleWebKit/537.36 (KHTML, like Gecko) Chrome/39.0.2171.95 Safari/537.36 OPR/26.0.1656.60"
41.78.28.152 - - [13/Mar/2016:10:27:19 +0200] "POST /wp-cron.php?465a16b660ca40f346fc5a8baf6351e3&action=wysija_cron&process=bounce&silent=1 HTTP/1.0" 200 354 "-" "WordPress/4.4.2; http://blogs.selectsifiso.com"
180.76.15.20 - - [13/Mar/2016:10:27:18 +0200] "GET /terms/ HTTP/1.0" 200 7457 "-" "Mozilla/5.0 (compatible; Baiduspider/2.0; +http://www.baidu.com/search/spider.html)"
41.78.28.152 - - [13/Mar/2016:10:27:20 +0200] "POST /wp-cron.php?doing_wp_cron=1457857640.2472898960113525390625 HTTP/1.0" 200 354 "-" "WordPress/4.4.2; http://blogs.selectsifiso.com"
41.78.28.152 - - [13/Mar/2016:10:40:49 +0200] "POST /wp-cron.php?465a16b660ca40f346fc5a8baf6351e3&action=wysija_cron&process=bounce&silent=1 HTTP/1.0" 200 354 "-" "WordPress/4.4.2; http://blogs.selectsifiso.com"
41.78.28.152 - - [13/Mar/2016:10:40:50 +0200] "POST /wp-cron.php?doing_wp_cron=1457858450.9793310165405273437500 HTTP/1.0" 200 354 "-" "WordPress/4.4.2; http://blogs.selectsifiso.com"
197.32.108.233 - - [13/Mar/2016:10:40:37 +0200] "GET / HTTP/1.0" 200 10553 "https://www.google.com.eg/" "Mozilla/5.0 (Windows NT 6.2; WOW64) AppleWebKit/537.36 (KHTML, like Gecko) Chrome/48.0.2564.116 Safari/537.36"
197.32.108.233 - - [13/Mar/2016:10:40:54 +0200] "GET /wp-content/plugins/wysija-newsletters/css/validationEngine.jquery.css?ver=06820f499ad3078ba51bb8a3026295a9 HTTP/1.0" 200 302 "http://blogs.selectsifiso.com/" "Mozilla/5.0 (Windows NT 6.2; WOW64) AppleWebKit/537.36 (KHTML, like Gecko) Chrome/48.0.2564.116 Safari/537.36"
197.32.108.233 - - [13/Mar/2016:10:40:54 +0200] "GET /wp-content/plugins/simplified-social-share/oss-social-sharing/assets/css/oss-social-sharing-front.css?ver=06820f499ad3078ba51bb8a3026295a9 HTTP/1.0" 200 754 "http://blogs.selectsifiso.com/" "Mozilla/5.0 (Windows NT 6.2; WOW64) AppleWebKit/537.36 (KHTML, like Gecko) Chrome/48.0.2564.116 Safari/537.36"
197.32.108.233 - - [13/Mar/2016:10:40:54 +0200] "GET /wp-content/plugins/captcha/css/style.css?ver=06820f499ad3078ba51bb8a3026295a9 HTTP/1.0" 200 273 "http://blogs.selectsifiso.com/" "Mozilla/5.0 (Windows NT 6.2; WOW64) AppleWebKit/537.36 (KHTML, like Gecko) Chrome/48.0.2564.116 Safari/537.36"
197.32.108.233 - - [13/Mar/2016:10:40:54 +0200] "GET /wp-content/plugins/captcha/css/desktop_style.css?ver=06820f499ad3078ba51bb8a3026295a9 HTTP/1.0" 200 281 "http://blogs.selectsifiso.com/" "Mozilla/5.0 (Windows NT 6.2; WOW64) AppleWebKit/537.36 (KHTML, like Gecko) Chrome/48.0.2564.116 Safari/537.36"
197.32.108.233 - - [13/Mar/2016:10:40:54 +0200] "GET /wp-includes/css/dashicons.min.css?ver=06820f499ad3078ba51bb8a3026295a9 HTTP/1.0" 200 266 "http://blogs.selectsifiso.com/" "Mozilla/5.0 (Windows NT 6.2; WOW64) AppleWebKit/537.36 (KHTML, like Gecko) Chrome/48.0.2564.116 Safari/537.36"
197.32.108.233 - - [13/Mar/2016:10:40:54 +0200] "GET /wp-content/plugins/contact-form-7/includes/css/styles.css?ver=06820f499ad3078ba51bb8a3026295a9 HTTP/1.0" 200 290 "http://blogs.selectsifiso.com/" "Mozilla/5.0 (Windows NT 6.2; WOW64) AppleWebKit/537.36 (KHTML, like Gecko) Chrome/48.0.2564.116 Safari/537.36"
197.32.108.233 - - [13/Mar/2016:10:40:54 +0200] "GET /wp-content/plugins/page-views-count/assets/css/style.min.css?ver=06820f499ad3078ba51bb8a3026295a9 HTTP/1.0" 200 509 "http://blogs.selectsifiso.com/" "Mozilla/5.0 (Windows NT 6.2; WOW64) AppleWebKit/537.36 (KHTML, like Gecko) Chrome/48.0.2564.116 Safari/537.36"
197.32.108.233 - - [13/Mar/2016:10:40:54 +0200] "GET /wp-content/themes/iconic-one/style.css?ver=06820f499ad3078ba51bb8a3026295a9 HTTP/1.0" 200 271 "http://blogs.selectsifiso.com/" "Mozilla/5.0 (Windows NT 6.2; WOW64) AppleWebKit/537.36 (KHTML, like Gecko) Chrome/48.0.2564.116 Safari/537.36"
197.32.108.233 - - [13/Mar/2016:10:40:54 +0200] "GET /wp-content/themes/iconic-one/custom.css?ver=06820f499ad3078ba51bb8a3026295a9 HTTP/1.0" 200 408 "http://blogs.selectsifiso.com/" "Mozilla/5.0 (Windows NT 6.2; WOW64) AppleWebKit/537.36 (KHTML, like Gecko) Chrome/48.0.2564.116 Safari/537.36"
197.32.108.233 - - [13/Mar/2016:10:40:55 +0200] "GET /wp-content/plugins/tablepress/css/default.min.css?ver=06820f499ad3078ba51bb8a3026295a9 HTTP/1.0" 200 282 "http://blogs.selectsifiso.com/" "Mozilla/5.0 (Windows NT 6.2; WOW64) AppleWebKit/537.36 (KHTML, like Gecko) Chrome/48.0.2564.116 Safari/537.36"
197.32.108.233 - - [13/Mar/2016:10:40:55 +0200] "GET /wp-content/plugins/counterize/counterize.css.php?ver=06820f499ad3078ba51bb8a3026295a9 HTTP/1.0" 200 1373 "http://blogs.selectsifiso.com/" "Mozilla/5.0 (Windows NT 6.2; WOW64) AppleWebKit/537.36 (KHTML, like Gecko) Chrome/48.0.2564.116 Safari/537.36"
197.32.108.233 - - [13/Mar/2016:10:40:56 +0200] "GET /wp-includes/js/jquery/jquery.js?ver=06820f499ad3078ba51bb8a3026295a9 HTTP/1.0" 200 278 "http://blogs.selectsifiso.com/" "Mozilla/5.0 (Windows NT 6.2; WOW64) AppleWebKit/537.36 (KHTML, like Gecko) Chrome/48.0.2564.116 Safari/537.36"
197.32.108.233 - - [13/Mar/2016:10:40:56 +0200] "GET /wp-includes/js/jquery/jquery-migrate.min.js?ver=06820f499ad3078ba51bb8a3026295a9 HTTP/1.0" 200 290 "http://blogs.selectsifiso.com/" "Mozilla/5.0 (Windows NT 6.2; WOW64) AppleWebKit/537.36 (KHTML, like Gecko) Chrome/48.0.2564.116 Safari/537.36"
197.32.108.233 - - [13/Mar/2016:10:40:56 +0200] "GET /wp-content/plugins/captcha/js/front_end_script.js?ver=06820f499ad3078ba51bb8a3026295a9 HTTP/1.0" 200 790 "http://blogs.selectsifiso.com/" "Mozilla/5.0 (Windows NT 6.2; WOW64) AppleWebKit/537.36 (KHTML, like Gecko) Chrome/48.0.2564.116 Safari/537.36"
197.32.108.233 - - [13/Mar/2016:10:40:56 +0200] "GET /wp-includes/js/underscore.min.js?ver=06820f499ad3078ba51bb8a3026295a9 HTTP/1.0" 200 279 "http://blogs.selectsifiso.com/" "Mozilla/5.0 (Windows NT 6.2; WOW64) AppleWebKit/537.36 (KHTML, like Gecko) Chrome/48.0.2564.116 Safari/537.36"
197.32.108.233 - - [13/Mar/2016:10:40:57 +0200] "GET /wp-includes/js/backbone.min.js?ver=06820f499ad3078ba51bb8a3026295a9 HTTP/1.0" 200 277 "http://blogs.selectsifiso.com/" "Mozilla/5.0 (Windows NT 6.2; WOW64) AppleWebKit/537.36 (KHTML, like Gecko) Chrome/48.0.2564.116 Safari/537.36"
197.32.108.233 - - [13/Mar/2016:10:40:57 +0200] "GET /wp-content/plugins/page-views-count/assets/js/pvc.backbone.min.js?ver=06820f499ad3078ba51bb8a3026295a9 HTTP/1.0" 200 312 "http://blogs.selectsifiso.com/" "Mozilla/5.0 (Windows NT 6.2; WOW64) AppleWebKit/537.36 (KHTML, like Gecko) Chrome/48.0.2564.116 Safari/537.36"
197.32.108.233 - - [13/Mar/2016:10:40:57 +0200] "GET /wp-content/plugins/counterize/counterize.js.php?ver=06820f499ad3078ba51bb8a3026295a9 HTTP/1.0" 200 11428 "http://blogs.selectsifiso.com/" "Mozilla/5.0 (Windows NT 6.2; WOW64) AppleWebKit/537.36 (KHTML, like Gecko) Chrome/48.0.2564.116 Safari/537.36"
197.32.108.233 - - [13/Mar/2016:10:40:58 +0200] "GET /wp-content/plugins/contact-form-7/includes/js/jquery.form.min.js?ver=06820f499ad3078ba51bb8a3026295a9-2014.06.20 HTTP/1.0" 200 311 "http://blogs.selectsifiso.com/" "Mozilla/5.0 (Windows NT 6.2; WOW64) AppleWebKit/537.36 (KHTML, like Gecko) Chrome/48.0.2564.116 Safari/537.36"
197.32.108.233 - - [13/Mar/2016:10:40:58 +0200] "GET /wp-content/plugins/contact-form-7/includes/js/scripts.js?ver=06820f499ad3078ba51bb8a3026295a9 HTTP/1.0" 200 303 "http://blogs.selectsifiso.com/" "Mozilla/5.0 (Windows NT 6.2; WOW64) AppleWebKit/537.36 (KHTML, like Gecko) Chrome/48.0.2564.116 Safari/537.36"
197.32.108.233 - - [13/Mar/2016:10:40:58 +0200] "GET /wp-content/themes/iconic-one/js/selectnav.js?ver=06820f499ad3078ba51bb8a3026295a9 HTTP/1.0" 200 291 "http://blogs.selectsifiso.com/" "Mozilla/5.0 (Windows NT 6.2; WOW64) AppleWebKit/537.36 (KHTML, like Gecko) Chrome/48.0.2564.116 Safari/537.36"
197.32.108.233 - - [13/Mar/2016:10:40:58 +0200] "GET /wp-includes/js/wp-embed.min.js?ver=06820f499ad3078ba51bb8a3026295a9 HTTP/1.0" 200 277 "http://blogs.selectsifiso.com/" "Mozilla/5.0 (Windows NT 6.2; WOW64) AppleWebKit/537.36 (KHTML, like Gecko) Chrome/48.0.2564.116 Safari/537.36"
197.32.108.233 - - [13/Mar/2016:10:40:58 +0200] "GET /wp-content/plugins/simplified-social-share/oss-social-sharing/assets/js/oss_share.js?ver=06820f499ad3078ba51bb8a3026295a9 HTTP/1.0" 200 488 "http://blogs.selectsifiso.com/" "Mozilla/5.0 (Windows NT 6.2; WOW64) AppleWebKit/537.36 (KHTML, like Gecko) Chrome/48.0.2564.116 Safari/537.36"
197.32.108.233 - - [13/Mar/2016:10:40:58 +0200] "GET /wp-includes/js/wp-emoji-release.min.js?ver=06820f499ad3078ba51bb8a3026295a9 HTTP/1.0" 200 285 "http://blogs.selectsifiso.com/" "Mozilla/5.0 (Windows NT 6.2; WOW64) AppleWebKit/537.36 (KHTML, like Gecko) Chrome/48.0.2564.116 Safari/537.36"
197.32.108.233 - - [13/Mar/2016:10:40:59 +0200] "GET /wp-content/uploads/2015/09/selectSIFISOforBlogsNew.png HTTP/1.0" 200 288 "http://blogs.selectsifiso.com/" "Mozilla/5.0 (Windows NT 6.2; WOW64) AppleWebKit/537.36 (KHTML, like Gecko) Chrome/48.0.2564.116 Safari/537.36"
197.32.108.233 - - [13/Mar/2016:10:41:02 +0200] "GET /wp-content/themes/iconic-one/img/twitter.png HTTP/1.0" 200 568 "http://blogs.selectsifiso.com/" "Mozilla/5.0 (Windows NT 6.2; WOW64) AppleWebKit/537.36 (KHTML, like Gecko) Chrome/48.0.2564.116 Safari/537.36"
197.32.108.233 - - [13/Mar/2016:10:41:02 +0200] "GET /wp-content/themes/iconic-one/img/facebook.png HTTP/1.0" 200 505 "http://blogs.selectsifiso.com/" "Mozilla/5.0 (Windows NT 6.2; WOW64) AppleWebKit/537.36 (KHTML, like Gecko) Chrome/48.0.2564.116 Safari/537.36"
197.32.108.233 - - [13/Mar/2016:10:41:02 +0200] "GET /wp-content/themes/iconic-one/img/gplus.png HTTP/1.0" 200 1247 "http://blogs.selectsifiso.com/" "Mozilla/5.0 (Windows NT 6.2; WOW64) AppleWebKit/537.36 (KHTML, like Gecko) Chrome/48.0.2564.116 Safari/537.36"
197.32.108.233 - - [13/Mar/2016:10:41:03 +0200] "GET /wp-content/themes/iconic-one/img/rss.png HTTP/1.0" 200 644 "http://blogs.selectsifiso.com/" "Mozilla/5.0 (Windows NT 6.2; WOW64) AppleWebKit/537.36 (KHTML, like Gecko) Chrome/48.0.2564.116 Safari/537.36"
197.32.108.233 - - [13/Mar/2016:10:41:03 +0200] "GET /wp-content/plugins/page-views-count/ajax-loader.gif HTTP/1.0" 200 1190 "http://blogs.selectsifiso.com/" "Mozilla/5.0 (Windows NT 6.2; WOW64) AppleWebKit/537.36 (KHTML, like Gecko) Chrome/48.0.2564.116 Safari/537.36"
197.32.108.233 - - [13/Mar/2016:10:41:10 +0200] "GET /wp-content/plugins/page-views-count/chart-bar.png HTTP/1.0" 200 820 "http://blogs.selectsifiso.com/wp-content/plugins/page-views-count/assets/css/style.min.css?ver=06820f499ad3078ba51bb8a3026295a9" "Mozilla/5.0 (Windows NT 6.2; WOW64) AppleWebKit/537.36 (KHTML, like Gecko) Chrome/48.0.2564.116 Safari/537.36"
197.32.108.233 - - [13/Mar/2016:10:41:11 +0200] "GET /favicon.ico HTTP/1.0" 200 260 "http://blogs.selectsifiso.com/" "Mozilla/5.0 (Windows NT 6.2; WOW64) AppleWebKit/537.36 (KHTML, like Gecko) Chrome/48.0.2564.116 Safari/537.36"
197.32.108.233 - - [13/Mar/2016:10:41:10 +0200] "GET /wp-admin/admin-ajax.php?action=pvc_backbone_load_stats&post_ids%5B1043%5D%5Bpost_id%5D=1043&post_ids%5B1043%5D%5Bask_update%5D=false&post_ids%5B1112%5D%5Bpost_id%5D=1112&post_ids%5B1112%5D%5Bask_update%5D=false&post_ids%5B1136%5D%5Bpost_id%5D=1136&post_ids%5B1136%5D%5Bask_update%5D=false&post_ids%5B1188%5D%5Bpost_id%5D=1188&post_ids%5B1188%5D%5Bask_update%5D=false&post_ids%5B1196%5D%5Bpost_id%5D=1196&post_ids%5B1196%5D%5Bask_update%5D=false&post_ids%5B1204%5D%5Bpost_id%5D=1204&post_ids%5B1204%5D%5Bask_update%5D=false HTTP/1.0" 200 674 "http://blogs.selectsifiso.com/" "Mozilla/5.0 (Windows NT 6.2; WOW64) AppleWebKit/537.36 (KHTML, like Gecko) Chrome/48.0.2564.116 Safari/537.36"
94.236.39.228 - - [13/Mar/2016:10:45:37 +0200] "GET / HTTP/1.0" 200 46080 "-" "-"
173.232.118.122 - - [13/Mar/2016:10:57:01 +0200] "GET / HTTP/1.0" 200 10464 "http://www.selectsifiso.net/" "Mozilla/5.0 (Windows NT 5.1) AppleWebKit/537.36 (KHTML, like Gecko) Chrome/39.0.2171.95 Safari/537.36 OPR/26.0.1656.60"
41.78.28.152 - - [13/Mar/2016:11:00:48 +0200] "POST /wp-cron.php?465a16b660ca40f346fc5a8baf6351e3&action=wysija_cron&process=bounce&silent=1 HTTP/1.0" 200 354 "-" "WordPress/4.4.2; http://blogs.selectsifiso.com"
180.76.15.161 - - [13/Mar/2016:11:00:47 +0200] "GET /failing-to-preview-report-in-report-builder/ HTTP/1.0" 200 15206 "-" "Mozilla/5.0 (compatible; Baiduspider/2.0; +http://www.baidu.com/search/spider.html)"
203.59.160.10 - - [13/Mar/2016:11:04:15 +0200] "GET /wp-content/plugins/page-views-count/ajax-loader.gif HTTP/1.0" 200 1190 "http://feedly.com/i/subscription/feed/http://www.codeproject.com/WebServices/ArticleRSS.aspx" "Mozilla/5.0 (Windows NT 10.0; WOW64; rv:45.0) Gecko/20100101 Firefox/45.0"
192.210.164.221 - - [13/Mar/2016:11:06:17 +0200] "GET / HTTP/1.0" 200 10464 "http://blogs.selectsifiso.com/" "Mozilla/5.0 (Macintosh; Intel Mac OS X 10.7; rv:34.0) Gecko/20100101 Firefox/34.0"
86.132.215.31 - - [13/Mar/2016:11:07:41 +0200] "GET /robots.txt HTTP/1.0" 200 570 "-" "Mozilla/5.0 (compatible; MJ12bot/v1.4.5; http://www.majestic12.co.uk/bot.php?+)"
41.78.28.152 - - [13/Mar/2016:11:07:42 +0200] "POST /wp-cron.php?465a16b660ca40f346fc5a8baf6351e3&action=wysija_cron&process=queue,bounce&silent=1 HTTP/1.0" 200 354 "-" "WordPress/4.4.2; http://blogs.selectsifiso.com"
86.132.215.31 - - [13/Mar/2016:11:07:45 +0200] "GET /about/ HTTP/1.0" 200 27245 "-" "Mozilla/5.0 (compatible; MJ12bot/v1.4.5; http://www.majestic12.co.uk/bot.php?+)"
86.132.215.31 - - [13/Mar/2016:11:07:48 +0200] "GET /tag/oledb-source/ HTTP/1.0" 200 9784 "-" "Mozilla/5.0 (compatible; MJ12bot/v1.4.5; http://www.majestic12.co.uk/bot.php?+)"
86.132.215.31 - - [13/Mar/2016:11:07:51 +0200] "GET /tag/on-prem/ HTTP/1.0" 200 7748 "-" "Mozilla/5.0 (compatible; MJ12bot/v1.4.5; http://www.majestic12.co.uk/bot.php?+)"
86.132.215.31 - - [13/Mar/2016:11:07:53 +0200] "GET /tag/on-premise/ HTTP/1.0" 200 7748 "-" "Mozilla/5.0 (compatible; MJ12bot/v1.4.5; http://www.majestic12.co.uk/bot.php?+)"
86.132.215.31 - - [13/Mar/2016:11:07:55 +0200] "GET /tag/operations/ HTTP/1.0" 200 7785 "-" "Mozilla/5.0 (compatible; MJ12bot/v1.4.5; http://www.majestic12.co.uk/bot.php?+)"
94.236.39.228 - - [13/Mar/2016:11:08:19 +0200] "GET / HTTP/1.0" 200 46080 "-" "-"
41.78.28.152 - - [13/Mar/2016:11:18:06 +0200] "POST /wp-cron.php?465a16b660ca40f346fc5a8baf6351e3&action=wysija_cron&process=bounce&silent=1 HTTP/1.0" 200 354 "-" "WordPress/4.4.2; http://blogs.selectsifiso.com"
107.150.56.254 - - [13/Mar/2016:11:18:04 +0200] "GET /robots.txt HTTP/1.0" 200 570 "-" "Mozilla/5.0 (compatible; MJ12bot/v1.4.5; http://www.majestic12.co.uk/bot.php?+)"
41.78.28.152 - - [13/Mar/2016:11:18:07 +0200] "POST /wp-cron.php?doing_wp_cron=1457860687.4274489879608154296875 HTTP/1.0" 200 354 "-" "WordPress/4.4.2; http://blogs.selectsifiso.com"
107.150.56.254 - - [13/Mar/2016:11:18:11 +0200] "GET /author/sifiso-ndlovu/feed/ HTTP/1.0" 200 44090 "-" "Mozilla/5.0 (compatible; MJ12bot/v1.4.5; http://www.majestic12.co.uk/bot.php?+)"
23.23.61.167 - - [13/Mar/2016:11:18:26 +0200] "GET / HTTP/1.0" 200 10464 "-" "Ruby"
54.205.186.30 - - [13/Mar/2016:11:18:27 +0200] "GET / HTTP/1.0" 200 10464 "-" "Ruby"
192.0.100.138 - - [13/Mar/2016:11:23:06 +0200] "GET /feed/ HTTP/1.0" 200 34498 "-" "WordPress.com;"
66.249.65.33 - - [13/Mar/2016:11:24:16 +0200] "GET /robots.txt HTTP/1.0" 200 612 "-" "Mozilla/5.0 (compatible; Googlebot/2.1; +http://www.google.com/bot.html)"
41.78.28.152 - - [13/Mar/2016:11:24:17 +0200] "POST /wp-cron.php?465a16b660ca40f346fc5a8baf6351e3&action=wysija_cron&process=bounce&silent=1 HTTP/1.0" 200 354 "-" "WordPress/4.4.2; http://blogs.selectsifiso.com"
41.202.219.67 - - [13/Mar/2016:11:25:29 +0200] "GET /programmatically-import-delimited-text-file-with-derived-columns-into-flat-file-destination-using-ssiss-script-task-tool/ HTTP/1.0" 200 16881 "-" "Mozilla/5.0 (Android 5.1; Mobile; rv:45.0) Gecko/45.0 Firefox/45.0"
41.202.219.67 - - [13/Mar/2016:11:25:34 +0200] "GET /wp-content/plugins/wysija-newsletters/css/validationEngine.jquery.css?ver=06820f499ad3078ba51bb8a3026295a9 HTTP/1.0" 200 302 "http://blogs.selectsifiso.com/programmatically-import-delimited-text-file-with-derived-columns-into-flat-file-destination-using-ssiss-script-task-tool/" "Mozilla/5.0 (Android 5.1; Mobile; rv:45.0) Gecko/45.0 Firefox/45.0"
41.202.219.67 - - [13/Mar/2016:11:25:34 +0200] "GET /wp-content/plugins/simplified-social-share/oss-social-sharing/assets/css/oss-social-sharing-front.css?ver=06820f499ad3078ba51bb8a3026295a9 HTTP/1.0" 200 754 "http://blogs.selectsifiso.com/programmatically-import-delimited-text-file-with-derived-columns-into-flat-file-destination-using-ssiss-script-task-tool/" "Mozilla/5.0 (Android 5.1; Mobile; rv:45.0) Gecko/45.0 Firefox/45.0"
41.202.219.67 - - [13/Mar/2016:11:25:34 +0200] "GET /wp-content/plugins/captcha/css/style.css?ver=06820f499ad3078ba51bb8a3026295a9 HTTP/1.0" 200 273 "http://blogs.selectsifiso.com/programmatically-import-delimited-text-file-with-derived-columns-into-flat-file-destination-using-ssiss-script-task-tool/" "Mozilla/5.0 (Android 5.1; Mobile; rv:45.0) Gecko/45.0 Firefox/45.0"
41.202.219.67 - - [13/Mar/2016:11:25:34 +0200] "GET /wp-content/plugins/contact-form-7/includes/css/styles.css?ver=06820f499ad3078ba51bb8a3026295a9 HTTP/1.0" 200 290 "http://blogs.selectsifiso.com/programmatically-import-delimited-text-file-with-derived-columns-into-flat-file-destination-using-ssiss-script-task-tool/" "Mozilla/5.0 (Android 5.1; Mobile; rv:45.0) Gecko/45.0 Firefox/45.0"
41.202.219.67 - - [13/Mar/2016:11:25:34 +0200] "GET /wp-includes/css/dashicons.min.css?ver=06820f499ad3078ba51bb8a3026295a9 HTTP/1.0" 200 266 "http://blogs.selectsifiso.com/programmatically-import-delimited-text-file-with-derived-columns-into-flat-file-destination-using-ssiss-script-task-tool/" "Mozilla/5.0 (Android 5.1; Mobile; rv:45.0) Gecko/45.0 Firefox/45.0"
41.202.219.67 - - [13/Mar/2016:11:25:34 +0200] "GET /wp-content/plugins/captcha/css/mobile_style.css?ver=06820f499ad3078ba51bb8a3026295a9 HTTP/1.0" 200 636 "http://blogs.selectsifiso.com/programmatically-import-delimited-text-file-with-derived-columns-into-flat-file-destination-using-ssiss-script-task-tool/" "Mozilla/5.0 (Android 5.1; Mobile; rv:45.0) Gecko/45.0 Firefox/45.0"
41.202.219.67 - - [13/Mar/2016:11:25:34 +0200] "GET /wp-content/plugins/page-views-count/assets/css/style.min.css?ver=06820f499ad3078ba51bb8a3026295a9 HTTP/1.0" 200 509 "http://blogs.selectsifiso.com/programmatically-import-delimited-text-file-with-derived-columns-into-flat-file-destination-using-ssiss-script-task-tool/" "Mozilla/5.0 (Android 5.1; Mobile; rv:45.0) Gecko/45.0 Firefox/45.0"
41.202.219.67 - - [13/Mar/2016:11:25:35 +0200] "GET /wp-content/themes/iconic-one/style.css?ver=06820f499ad3078ba51bb8a3026295a9 HTTP/1.0" 200 271 "http://blogs.selectsifiso.com/programmatically-import-delimited-text-file-with-derived-columns-into-flat-file-destination-using-ssiss-script-task-tool/" "Mozilla/5.0 (Android 5.1; Mobile; rv:45.0) Gecko/45.0 Firefox/45.0"
41.202.219.67 - - [13/Mar/2016:11:25:35 +0200] "GET /wp-content/plugins/tablepress/css/default.min.css?ver=06820f499ad3078ba51bb8a3026295a9 HTTP/1.0" 200 282 "http://blogs.selectsifiso.com/programmatically-import-delimited-text-file-with-derived-columns-into-flat-file-destination-using-ssiss-script-task-tool/" "Mozilla/5.0 (Android 5.1; Mobile; rv:45.0) Gecko/45.0 Firefox/45.0"
41.202.219.67 - - [13/Mar/2016:11:25:35 +0200] "GET /wp-content/themes/iconic-one/custom.css?ver=06820f499ad3078ba51bb8a3026295a9 HTTP/1.0" 200 408 "http://blogs.selectsifiso.com/programmatically-import-delimited-text-file-with-derived-columns-into-flat-file-destination-using-ssiss-script-task-tool/" "Mozilla/5.0 (Android 5.1; Mobile; rv:45.0) Gecko/45.0 Firefox/45.0"
41.202.219.67 - - [13/Mar/2016:11:25:35 +0200] "GET /wp-content/plugins/counterize/counterize.css.php?ver=06820f499ad3078ba51bb8a3026295a9 HTTP/1.0" 200 1373 "http://blogs.selectsifiso.com/programmatically-import-delimited-text-file-with-derived-columns-into-flat-file-destination-using-ssiss-script-task-tool/" "Mozilla/5.0 (Android 5.1; Mobile; rv:45.0) Gecko/45.0 Firefox/45.0"
41.202.219.67 - - [13/Mar/2016:11:25:35 +0200] "GET /wp-includes/js/jquery/jquery.js?ver=06820f499ad3078ba51bb8a3026295a9 HTTP/1.0" 200 278 "http://blogs.selectsifiso.com/programmatically-import-delimited-text-file-with-derived-columns-into-flat-file-destination-using-ssiss-script-task-tool/" "Mozilla/5.0 (Android 5.1; Mobile; rv:45.0) Gecko/45.0 Firefox/45.0"
41.202.219.67 - - [13/Mar/2016:11:25:35 +0200] "GET /wp-includes/js/jquery/jquery-migrate.min.js?ver=06820f499ad3078ba51bb8a3026295a9 HTTP/1.0" 200 290 "http://blogs.selectsifiso.com/programmatically-import-delimited-text-file-with-derived-columns-into-flat-file-destination-using-ssiss-script-task-tool/" "Mozilla/5.0 (Android 5.1; Mobile; rv:45.0) Gecko/45.0 Firefox/45.0"
41.202.219.67 - - [13/Mar/2016:11:25:35 +0200] "GET /wp-content/plugins/counterize/counterize.js.php?ver=06820f499ad3078ba51bb8a3026295a9 HTTP/1.0" 200 11428 "http://blogs.selectsifiso.com/programmatically-import-delimited-text-file-with-derived-columns-into-flat-file-destination-using-ssiss-script-task-tool/" "Mozilla/5.0 (Android 5.1; Mobile; rv:45.0) Gecko/45.0 Firefox/45.0"
41.202.219.67 - - [13/Mar/2016:11:25:35 +0200] "GET /wp-includes/js/comment-reply.min.js?ver=06820f499ad3078ba51bb8a3026295a9 HTTP/1.0" 200 282 "http://blogs.selectsifiso.com/programmatically-import-delimited-text-file-with-derived-columns-into-flat-file-destination-using-ssiss-script-task-tool/" "Mozilla/5.0 (Android 5.1; Mobile; rv:45.0) Gecko/45.0 Firefox/45.0"
41.202.219.67 - - [13/Mar/2016:11:25:35 +0200] "GET /wp-includes/js/backbone.min.js?ver=06820f499ad3078ba51bb8a3026295a9 HTTP/1.0" 200 277 "http://blogs.selectsifiso.com/programmatically-import-delimited-text-file-with-derived-columns-into-flat-file-destination-using-ssiss-script-task-tool/" "Mozilla/5.0 (Android 5.1; Mobile; rv:45.0) Gecko/45.0 Firefox/45.0"
41.202.219.67 - - [13/Mar/2016:11:25:35 +0200] "GET /wp-includes/js/underscore.min.js?ver=06820f499ad3078ba51bb8a3026295a9 HTTP/1.0" 200 279 "http://blogs.selectsifiso.com/programmatically-import-delimited-text-file-with-derived-columns-into-flat-file-destination-using-ssiss-script-task-tool/" "Mozilla/5.0 (Android 5.1; Mobile; rv:45.0) Gecko/45.0 Firefox/45.0"
41.202.219.67 - - [13/Mar/2016:11:25:35 +0200] "GET /wp-includes/js/wp-embed.min.js?ver=06820f499ad3078ba51bb8a3026295a9 HTTP/1.0" 200 277 "http://blogs.selectsifiso.com/programmatically-import-delimited-text-file-with-derived-columns-into-flat-file-destination-using-ssiss-script-task-tool/" "Mozilla/5.0 (Android 5.1; Mobile; rv:45.0) Gecko/45.0 Firefox/45.0"
41.202.219.67 - - [13/Mar/2016:11:25:35 +0200] "GET /wp-content/plugins/simplified-social-share/oss-social-sharing/assets/js/oss_share.js?ver=06820f499ad3078ba51bb8a3026295a9 HTTP/1.0" 200 488 "http://blogs.selectsifiso.com/programmatically-import-delimited-text-file-with-derived-columns-into-flat-file-destination-using-ssiss-script-task-tool/" "Mozilla/5.0 (Android 5.1; Mobile; rv:45.0) Gecko/45.0 Firefox/45.0"
41.202.219.67 - - [13/Mar/2016:11:25:35 +0200] "GET /wp-content/plugins/contact-form-7/includes/js/jquery.form.min.js?ver=06820f499ad3078ba51bb8a3026295a9-2014.06.20 HTTP/1.0" 200 311 "http://blogs.selectsifiso.com/programmatically-import-delimited-text-file-with-derived-columns-into-flat-file-destination-using-ssiss-script-task-tool/" "Mozilla/5.0 (Android 5.1; Mobile; rv:45.0) Gecko/45.0 Firefox/45.0"
41.202.219.67 - - [13/Mar/2016:11:25:35 +0200] "GET /wp-includes/js/wp-emoji-release.min.js?ver=06820f499ad3078ba51bb8a3026295a9 HTTP/1.0" 200 285 "http://blogs.selectsifiso.com/programmatically-import-delimited-text-file-with-derived-columns-into-flat-file-destination-using-ssiss-script-task-tool/" "Mozilla/5.0 (Android 5.1; Mobile; rv:45.0) Gecko/45.0 Firefox/45.0"
41.202.219.67 - - [13/Mar/2016:11:25:35 +0200] "GET /wp-content/plugins/akismet/_inc/form.js?ver=06820f499ad3078ba51bb8a3026295a9 HTTP/1.0" 200 662 "http://blogs.selectsifiso.com/programmatically-import-delimited-text-file-with-derived-columns-into-flat-file-destination-using-ssiss-script-task-tool/" "Mozilla/5.0 (Android 5.1; Mobile; rv:45.0) Gecko/45.0 Firefox/45.0"
41.202.219.67 - - [13/Mar/2016:11:25:35 +0200] "GET /wp-content/plugins/page-views-count/assets/js/pvc.backbone.min.js?ver=06820f499ad3078ba51bb8a3026295a9 HTTP/1.0" 200 312 "http://blogs.selectsifiso.com/programmatically-import-delimited-text-file-with-derived-columns-into-flat-file-destination-using-ssiss-script-task-tool/" "Mozilla/5.0 (Android 5.1; Mobile; rv:45.0) Gecko/45.0 Firefox/45.0"
41.202.219.67 - - [13/Mar/2016:11:25:36 +0200] "GET /wp-content/plugins/captcha/js/front_end_script.js?ver=06820f499ad3078ba51bb8a3026295a9 HTTP/1.0" 200 790 "http://blogs.selectsifiso.com/programmatically-import-delimited-text-file-with-derived-columns-into-flat-file-destination-using-ssiss-script-task-tool/" "Mozilla/5.0 (Android 5.1; Mobile; rv:45.0) Gecko/45.0 Firefox/45.0"
41.202.219.67 - - [13/Mar/2016:11:25:36 +0200] "GET /wp-content/themes/iconic-one/js/selectnav.js?ver=06820f499ad3078ba51bb8a3026295a9 HTTP/1.0" 200 291 "http://blogs.selectsifiso.com/programmatically-import-delimited-text-file-with-derived-columns-into-flat-file-destination-using-ssiss-script-task-tool/" "Mozilla/5.0 (Android 5.1; Mobile; rv:45.0) Gecko/45.0 Firefox/45.0"
41.202.219.67 - - [13/Mar/2016:11:25:40 +0200] "GET /wp-content/plugins/contact-form-7/includes/js/scripts.js?ver=06820f499ad3078ba51bb8a3026295a9 HTTP/1.0" 200 303 "http://blogs.selectsifiso.com/programmatically-import-delimited-text-file-with-derived-columns-into-flat-file-destination-using-ssiss-script-task-tool/" "Mozilla/5.0 (Android 5.1; Mobile; rv:45.0) Gecko/45.0 Firefox/45.0"
41.202.219.67 - - [13/Mar/2016:11:25:41 +0200] "GET /wp-content/uploads/2015/09/selectSIFISOforBlogsNew.png HTTP/1.0" 200 288 "http://blogs.selectsifiso.com/programmatically-import-delimited-text-file-with-derived-columns-into-flat-file-destination-using-ssiss-script-task-tool/" "Mozilla/5.0 (Android 5.1; Mobile; rv:45.0) Gecko/45.0 Firefox/45.0"
41.202.219.67 - - [13/Mar/2016:11:25:41 +0200] "GET /wp-content/themes/iconic-one/img/gplus.png HTTP/1.0" 200 1247 "http://blogs.selectsifiso.com/programmatically-import-delimited-text-file-with-derived-columns-into-flat-file-destination-using-ssiss-script-task-tool/" "Mozilla/5.0 (Android 5.1; Mobile; rv:45.0) Gecko/45.0 Firefox/45.0"
41.202.219.67 - - [13/Mar/2016:11:25:41 +0200] "GET /wp-content/themes/iconic-one/img/facebook.png HTTP/1.0" 200 505 "http://blogs.selectsifiso.com/programmatically-import-delimited-text-file-with-derived-columns-into-flat-file-destination-using-ssiss-script-task-tool/" "Mozilla/5.0 (Android 5.1; Mobile; rv:45.0) Gecko/45.0 Firefox/45.0"
41.202.219.67 - - [13/Mar/2016:11:25:41 +0200] "GET /wp-content/themes/iconic-one/img/twitter.png HTTP/1.0" 200 568 "http://blogs.selectsifiso.com/programmatically-import-delimited-text-file-with-derived-columns-into-flat-file-destination-using-ssiss-script-task-tool/" "Mozilla/5.0 (Android 5.1; Mobile; rv:45.0) Gecko/45.0 Firefox/45.0"
41.202.219.67 - - [13/Mar/2016:11:25:41 +0200] "GET /wp-content/uploads/sw_ndlovu-144x150.png HTTP/1.0" 200 274 "http://blogs.selectsifiso.com/programmatically-import-delimited-text-file-with-derived-columns-into-flat-file-destination-using-ssiss-script-task-tool/" "Mozilla/5.0 (Android 5.1; Mobile; rv:45.0) Gecko/45.0 Firefox/45.0"
41.202.219.67 - - [13/Mar/2016:11:25:41 +0200] "GET /wp-content/themes/iconic-one/img/rss.png HTTP/1.0" 200 644 "http://blogs.selectsifiso.com/programmatically-import-delimited-text-file-with-derived-columns-into-flat-file-destination-using-ssiss-script-task-tool/" "Mozilla/5.0 (Android 5.1; Mobile; rv:45.0) Gecko/45.0 Firefox/45.0"
41.202.219.67 - - [13/Mar/2016:11:25:41 +0200] "GET /wp-content/plugins/social-autho-bio/images/Wordpress.png HTTP/1.0" 200 290 "http://blogs.selectsifiso.com/programmatically-import-delimited-text-file-with-derived-columns-into-flat-file-destination-using-ssiss-script-task-tool/" "Mozilla/5.0 (Android 5.1; Mobile; rv:45.0) Gecko/45.0 Firefox/45.0"
41.202.219.67 - - [13/Mar/2016:11:25:41 +0200] "GET /wp-content/plugins/page-views-count/ajax-loader.gif HTTP/1.0" 200 1190 "http://blogs.selectsifiso.com/programmatically-import-delimited-text-file-with-derived-columns-into-flat-file-destination-using-ssiss-script-task-tool/" "Mozilla/5.0 (Android 5.1; Mobile; rv:45.0) Gecko/45.0 Firefox/45.0"
41.202.219.67 - - [13/Mar/2016:11:25:42 +0200] "GET /wp-content/plugins/page-views-count/chart-bar.png HTTP/1.0" 200 820 "http://blogs.selectsifiso.com/wp-content/plugins/page-views-count/assets/css/style.min.css?ver=06820f499ad3078ba51bb8a3026295a9" "Mozilla/5.0 (Android 5.1; Mobile; rv:45.0) Gecko/45.0 Firefox/45.0"
41.202.219.67 - - [13/Mar/2016:11:25:43 +0200] "GET /wp-admin/admin-ajax.php?action=pvc_backbone_load_stats&post_ids%5B442%5D%5Bpost_id%5D=442&post_ids%5B442%5D%5Bask_update%5D=true HTTP/1.0" 200 398 "http://blogs.selectsifiso.com/programmatically-import-delimited-text-file-with-derived-columns-into-flat-file-destination-using-ssiss-script-task-tool/" "Mozilla/5.0 (Android 5.1; Mobile; rv:45.0) Gecko/45.0 Firefox/45.0"
41.202.219.67 - - [13/Mar/2016:11:25:44 +0200] "GET /favicon.ico HTTP/1.0" 200 260 "-" "Mozilla/5.0 (Android 5.1; Mobile; rv:45.0) Gecko/45.0 Firefox/45.0"
94.236.39.228 - - [13/Mar/2016:11:45:27 +0200] "GET / HTTP/1.0" 200 46080 "-" "-"
66.249.65.39 - - [13/Mar/2016:12:04:10 +0200] "GET /wp-admin/admin-ajax.php?action=pvc_backbone_load_stats&post_ids%5B442%5D%5Bpost_id%5D=442&post_ids%5B442%5D%5Bask_update%5D=true HTTP/1.0" 200 398 "http://blogs.selectsifiso.com/programmatically-import-delimited-text-file-with-derived-columns-into-flat-file-destination-using-ssiss-script-task-tool/" "Mozilla/5.0 (compatible; Googlebot/2.1; +http://www.google.com/bot.html)"
41.78.28.152 - - [13/Mar/2016:12:04:14 +0200] "POST /wp-cron.php?465a16b660ca40f346fc5a8baf6351e3&action=wysija_cron&process=bounce&silent=1 HTTP/1.0" 200 354 "-" "WordPress/4.4.2; http://blogs.selectsifiso.com"
41.78.28.152 - - [13/Mar/2016:12:04:16 +0200] "POST /wp-cron.php?doing_wp_cron=1457863456.5107190608978271484375 HTTP/1.0" 200 354 "-" "WordPress/4.4.2; http://blogs.selectsifiso.com"
66.249.65.36 - - [13/Mar/2016:12:07:38 +0200] "GET /wp-admin/admin-ajax.php?action=pvc_backbone_load_stats&post_ids%5B356%5D%5Bpost_id%5D=356&post_ids%5B356%5D%5Bask_update%5D=false&post_ids%5B386%5D%5Bpost_id%5D=386&post_ids%5B386%5D%5Bask_update%5D=false&post_ids%5B397%5D%5Bpost_id%5D=397&post_ids%5B397%5D%5Bask_update%5D=false&post_ids%5B442%5D%5Bpost_id%5D=442&post_ids%5B442%5D%5Bask_update%5D=false&post_ids%5B473%5D%5Bpost_id%5D=473&post_ids%5B473%5D%5Bask_update%5D=false&post_ids%5B606%5D%5Bpost_id%5D=606&post_ids%5B606%5D%5Bask_update%5D=false HTTP/1.0" 200 666 "http://blogs.selectsifiso.com/tag/script-task/" "Mozilla/5.0 (compatible; Googlebot/2.1; +http://www.google.com/bot.html)"
23.23.61.167 - - [13/Mar/2016:12:19:26 +0200] "GET / HTTP/1.0" 200 10464 "-" "Ruby"
54.205.186.30 - - [13/Mar/2016:12:19:28 +0200] "GET / HTTP/1.0" 200 10464 "-" "Ruby"
94.236.39.228 - - [13/Mar/2016:12:30:05 +0200] "GET / HTTP/1.0" 200 46080 "-" "-"
180.76.15.25 - - [13/Mar/2016:12:33:00 +0200] "GET /wp-content/plugins/counterize/counterize.css.php?ver=06820f499ad3078ba51bb8a3026295a9 HTTP/1.0" 200 1373 "-" "Mozilla/5.0 (compatible; Baiduspider/2.0; +http://www.baidu.com/search/spider.html)"
66.249.65.36 - - [13/Mar/2016:12:40:36 +0200] "GET /robots.txt HTTP/1.0" 200 612 "-" "Mozilla/5.0 (compatible; Googlebot/2.1; +http://www.google.com/bot.html)"
41.78.28.152 - - [13/Mar/2016:12:40:38 +0200] "POST /wp-cron.php?465a16b660ca40f346fc5a8baf6351e3&action=wysija_cron&process=queue,bounce&silent=1 HTTP/1.0" 200 354 "-" "WordPress/4.4.2; http://blogs.selectsifiso.com"
41.78.28.152 - - [13/Mar/2016:12:40:40 +0200] "POST /wp-cron.php?doing_wp_cron=1457865640.0515971183776855468750 HTTP/1.0" 200 354 "-" "WordPress/4.4.2; http://blogs.selectsifiso.com"
66.249.65.39 - - [13/Mar/2016:12:43:29 +0200] "GET /programmatically-execute-sql-server-package-task-using-c/ HTTP/1.0" 200 10724 "-" "Mozilla/5.0 (iPhone; CPU iPhone OS 8_3 like Mac OS X) AppleWebKit/600.1.4 (KHTML, like Gecko) Version/8.0 Mobile/12F70 Safari/600.1.4 (compatible; Googlebot/2.1; +http://www.google.com/bot.html)"
94.236.39.228 - - [13/Mar/2016:12:45:32 +0200] "GET / HTTP/1.0" 200 46080 "-" "-"
68.180.228.101 - - [13/Mar/2016:12:47:44 +0200] "GET /robots.txt HTTP/1.0" 200 570 "-" "Mozilla/5.0 (compatible; Yahoo! Slurp; http://help.yahoo.com/help/us/ysearch/slurp)"
41.78.28.152 - - [13/Mar/2016:12:47:47 +0200] "POST /wp-cron.php?465a16b660ca40f346fc5a8baf6351e3&action=wysija_cron&process=bounce&silent=1 HTTP/1.0" 200 354 "-" "WordPress/4.4.2; http://blogs.selectsifiso.com"
68.180.228.101 - - [13/Mar/2016:12:47:50 +0200] "GET /programmatically-create-ssis-package-using-c/ HTTP/1.0" 200 15282 "-" "Mozilla/5.0 (compatible; Yahoo! Slurp; http://help.yahoo.com/help/us/ysearch/slurp)"
94.236.39.228 - - [13/Mar/2016:13:08:44 +0200] "GET / HTTP/1.0" 200 46080 "-" "-"
66.249.65.36 - - [13/Mar/2016:13:10:49 +0200] "GET / HTTP/1.0" 200 10464 "-" "Mozilla/5.0 (compatible; Googlebot/2.1; +http://www.google.com/bot.html)"
62.4.22.54 - - [13/Mar/2016:13:15:07 +0200] "GET / HTTP/1.0" 200 10464 "-" "Stratagems Kumo"
62.4.22.54 - - [13/Mar/2016:13:15:09 +0200] "GET / HTTP/1.0" 200 10464 "-" "Stratagems Kumo"
41.78.28.152 - - [13/Mar/2016:13:17:08 +0200] "POST /wp-cron.php?465a16b660ca40f346fc5a8baf6351e3&action=wysija_cron&process=bounce&silent=1 HTTP/1.0" 200 354 "-" "WordPress/4.4.2; http://blogs.selectsifiso.com"
66.249.65.36 - - [13/Mar/2016:13:17:07 +0200] "GET /tag/create-ssis-package/page/2/ HTTP/1.0" 200 9404 "-" "Mozilla/5.0 (compatible; Googlebot/2.1; +http://www.google.com/bot.html)"
41.78.28.152 - - [13/Mar/2016:13:17:09 +0200] "POST /wp-cron.php?doing_wp_cron=1457867829.8723540306091308593750 HTTP/1.0" 200 354 "-" "WordPress/4.4.2; http://blogs.selectsifiso.com"
23.23.61.167 - - [13/Mar/2016:13:18:45 +0200] "GET / HTTP/1.0" 200 10464 "-" "Ruby"
54.205.186.30 - - [13/Mar/2016:13:18:45 +0200] "GET / HTTP/1.0" 200 10464 "-" "Ruby"
180.153.206.25 - - [13/Mar/2016:13:23:26 +0200] "GET / HTTP/1.0" 200 46080 "-" "Mozilla/5.0 (Linux; U; Android 4.4.2; zh-cn; GT-I9500 Build/KOT49H) AppleWebKit/537.36 (KHTML, like Gecko)Version/4.0 MQQBrowser/5.0 QQ-URL-Manager Mobile Safari/537.36"
41.78.28.152 - - [13/Mar/2016:13:45:20 +0200] "POST /wp-cron.php?465a16b660ca40f346fc5a8baf6351e3&action=wysija_cron&process=queue,bounce&silent=1 HTTP/1.0" 200 354 "-" "WordPress/4.4.2; http://blogs.selectsifiso.com"
94.236.39.228 - - [13/Mar/2016:13:45:17 +0200] "GET / HTTP/1.0" 200 46169 "-" "-"
