207.46.13.167 - - [16/Mar/2016:09:18:01 +0200] "GET /robots.txt HTTP/1.0" 200 4573 "-" "Mozilla/5.0 (compatible; bingbot/2.0; +http://www.bing.com/bingbot.htm)"
157.55.39.101 - - [16/Mar/2016:09:18:01 +0200] "GET /robots.txt HTTP/1.0" 200 4573 "-" "Mozilla/5.0 (compatible; bingbot/2.0; +http://www.bing.com/bingbot.htm)"
207.46.13.167 - - [16/Mar/2016:09:18:10 +0200] "GET /?feed=rss HTTP/1.0" 301 641 "-" "Mozilla/5.0 (compatible; bingbot/2.0; +http://www.bing.com/bingbot.htm)"
207.46.13.167 - - [16/Mar/2016:09:18:12 +0200] "GET /a42-templates HTTP/1.0" 301 525 "-" "Mozilla/5.0 (compatible; bingbot/2.0; +http://www.bing.com/bingbot.htm)"
157.55.39.101 - - [16/Mar/2016:09:18:17 +0200] "GET /a226-tfsoutlookconnector HTTP/1.0" 301 536 "-" "Mozilla/5.0 (compatible; bingbot/2.0; +http://www.bing.com/bingbot.htm)"
192.0.102.40 - - [16/Mar/2016:09:21:18 +0200] "HEAD / HTTP/1.0" 301 519 "-" "jetmon/1.0 (Jetpack Site Uptime Monitor by WordPress.com)"
41.78.28.152 - - [16/Mar/2016:09:21:19 +0200] "POST /wp-cron.php?doing_wp_cron=1458112879.8433840274810791015625 HTTP/1.0" 200 468 "-" "WordPress/4.4.2; http://www.selectsifiso.com"
192.0.102.40 - - [16/Mar/2016:09:21:23 +0200] "HEAD / HTTP/1.0" 200 464 "-" "jetmon/1.0 (Jetpack Site Uptime Monitor by WordPress.com)"
66.249.65.103 - - [16/Mar/2016:09:22:36 +0200] "GET /robots.txt HTTP/1.0" 200 1816 "-" "Mozilla/5.0 (compatible; Googlebot/2.1; +http://www.google.com/bot.html)"
41.78.28.152 - - [16/Mar/2016:09:22:36 +0200] "POST /wp-cron.php?7b2a592a357264cf3f6f358ff3783d74&action=wysija_cron&process=bounce&silent=1 HTTP/1.0" 200 468 "-" "WordPress/4.4.2; http://www.selectsifiso.com"
66.249.65.100 - - [16/Mar/2016:09:22:45 +0200] "GET /wp-content/plugins/coming-soon-page/includes/javascript/front_end_js.js?ver=0b6a996fbf488a11ef921deda2d3bfcf HTTP/1.0" 200 502 "http://www.selectsifiso.com/" "Mozilla/5.0 (compatible; Googlebot/2.1; +http://www.google.com/bot.html)"
66.249.65.100 - - [16/Mar/2016:09:22:46 +0200] "GET /wp-content/plugins/coming-soon-page/includes/style/style.css?ver=0b6a996fbf488a11ef921deda2d3bfcf HTTP/1.0" 200 293 "http://www.selectsifiso.com/" "Mozilla/5.0 (compatible; Googlebot/2.1; +http://www.google.com/bot.html)"
66.249.65.100 - - [16/Mar/2016:09:22:50 +0200] "GET /wp-includes/js/jquery/jquery.js?ver=0b6a996fbf488a11ef921deda2d3bfcf HTTP/1.0" 200 278 "http://www.selectsifiso.com/" "Mozilla/5.0 (compatible; Googlebot/2.1; +http://www.google.com/bot.html)"
192.0.102.40 - - [16/Mar/2016:09:26:14 +0200] "HEAD / HTTP/1.0" 301 519 "-" "jetmon/1.0 (Jetpack Site Uptime Monitor by WordPress.com)"
192.0.102.40 - - [16/Mar/2016:09:26:16 +0200] "HEAD / HTTP/1.0" 200 464 "-" "jetmon/1.0 (Jetpack Site Uptime Monitor by WordPress.com)"
41.78.28.152 - - [16/Mar/2016:09:31:19 +0200] "POST /wp-cron.php?7b2a592a357264cf3f6f358ff3783d74&action=wysija_cron&process=bounce&silent=1 HTTP/1.0" 200 468 "-" "WordPress/4.4.2; http://www.selectsifiso.com"
192.0.102.40 - - [16/Mar/2016:09:31:18 +0200] "HEAD / HTTP/1.0" 301 519 "-" "jetmon/1.0 (Jetpack Site Uptime Monitor by WordPress.com)"
41.78.28.152 - - [16/Mar/2016:09:31:20 +0200] "POST /wp-cron.php?doing_wp_cron=1458113480.6160290241241455078125 HTTP/1.0" 200 468 "-" "WordPress/4.4.2; http://www.selectsifiso.com"
192.0.102.40 - - [16/Mar/2016:09:31:22 +0200] "HEAD / HTTP/1.0" 200 464 "-" "jetmon/1.0 (Jetpack Site Uptime Monitor by WordPress.com)"
192.0.102.40 - - [16/Mar/2016:09:36:16 +0200] "HEAD / HTTP/1.0" 301 519 "-" "jetmon/1.0 (Jetpack Site Uptime Monitor by WordPress.com)"
192.0.102.40 - - [16/Mar/2016:09:36:18 +0200] "HEAD / HTTP/1.0" 200 464 "-" "jetmon/1.0 (Jetpack Site Uptime Monitor by WordPress.com)"
196.11.134.77 - - [16/Mar/2016:09:36:20 +0200] "GET /wp-content/plugins/contact-form-7/includes/js/scripts.js?ver=4.2.1 HTTP/1.0" 200 303 "-" "Mozilla/4.0 (compatible;)"
41.78.28.152 - - [16/Mar/2016:09:41:22 +0200] "POST /wp-cron.php?7b2a592a357264cf3f6f358ff3783d74&action=wysija_cron&process=bounce&silent=1 HTTP/1.0" 200 468 "-" "WordPress/4.4.2; http://www.selectsifiso.com"
192.0.102.40 - - [16/Mar/2016:09:41:21 +0200] "HEAD / HTTP/1.0" 301 519 "-" "jetmon/1.0 (Jetpack Site Uptime Monitor by WordPress.com)"
41.78.28.152 - - [16/Mar/2016:09:41:23 +0200] "POST /wp-cron.php?doing_wp_cron=1458114083.7677330970764160156250 HTTP/1.0" 200 468 "-" "WordPress/4.4.2; http://www.selectsifiso.com"
192.0.102.40 - - [16/Mar/2016:09:41:29 +0200] "HEAD / HTTP/1.0" 200 464 "-" "jetmon/1.0 (Jetpack Site Uptime Monitor by WordPress.com)"
192.0.102.40 - - [16/Mar/2016:09:46:26 +0200] "HEAD / HTTP/1.0" 301 519 "-" "jetmon/1.0 (Jetpack Site Uptime Monitor by WordPress.com)"
41.78.28.152 - - [16/Mar/2016:09:46:27 +0200] "POST /wp-cron.php?7b2a592a357264cf3f6f358ff3783d74&action=wysija_cron&process=bounce&silent=1 HTTP/1.0" 200 468 "-" "WordPress/4.4.2; http://www.selectsifiso.com"
192.0.102.40 - - [16/Mar/2016:09:46:36 +0200] "HEAD / HTTP/1.0" 200 464 "-" "jetmon/1.0 (Jetpack Site Uptime Monitor by WordPress.com)"
192.0.102.40 - - [16/Mar/2016:09:51:16 +0200] "HEAD / HTTP/1.0" 301 519 "-" "jetmon/1.0 (Jetpack Site Uptime Monitor by WordPress.com)"
192.0.102.40 - - [16/Mar/2016:09:51:25 +0200] "HEAD / HTTP/1.0" 200 464 "-" "jetmon/1.0 (Jetpack Site Uptime Monitor by WordPress.com)"
46.148.22.18 - - [16/Mar/2016:09:51:55 +0200] "POST /xmlrpc.php HTTP/1.0" 403 1259 "http://www.selectsifiso.com/xmlrpc.php" "Mozilla/1.10 [en] (Compatible; RISC OS 3.70; Oregano 1.10)"
46.148.22.18 - - [16/Mar/2016:09:52:04 +0200] "POST /xmlrpc.php HTTP/1.0" 403 1259 "http://www.selectsifiso.com/xmlrpc.php" "Mozilla/1.10 [en] (Compatible; RISC OS 3.70; Oregano 1.10)"
192.0.102.40 - - [16/Mar/2016:09:56:23 +0200] "HEAD / HTTP/1.0" 301 519 "-" "jetmon/1.0 (Jetpack Site Uptime Monitor by WordPress.com)"
41.78.28.152 - - [16/Mar/2016:09:56:23 +0200] "POST /wp-cron.php?7b2a592a357264cf3f6f358ff3783d74&action=wysija_cron&process=bounce&silent=1 HTTP/1.0" 200 468 "-" "WordPress/4.4.2; http://www.selectsifiso.com"
192.0.102.40 - - [16/Mar/2016:09:56:31 +0200] "HEAD / HTTP/1.0" 200 464 "-" "jetmon/1.0 (Jetpack Site Uptime Monitor by WordPress.com)"
192.0.102.40 - - [16/Mar/2016:10:01:21 +0200] "HEAD / HTTP/1.0" 301 519 "-" "jetmon/1.0 (Jetpack Site Uptime Monitor by WordPress.com)"
192.0.102.40 - - [16/Mar/2016:10:01:24 +0200] "HEAD / HTTP/1.0" 200 464 "-" "jetmon/1.0 (Jetpack Site Uptime Monitor by WordPress.com)"
192.0.102.40 - - [16/Mar/2016:10:06:15 +0200] "HEAD / HTTP/1.0" 301 519 "-" "jetmon/1.0 (Jetpack Site Uptime Monitor by WordPress.com)"
41.78.28.152 - - [16/Mar/2016:10:06:15 +0200] "POST /wp-cron.php?7b2a592a357264cf3f6f358ff3783d74&action=wysija_cron&process=bounce&silent=1 HTTP/1.0" 200 468 "-" "WordPress/4.4.2; http://www.selectsifiso.com"
192.0.102.40 - - [16/Mar/2016:10:06:19 +0200] "HEAD / HTTP/1.0" 200 464 "-" "jetmon/1.0 (Jetpack Site Uptime Monitor by WordPress.com)"
192.0.102.40 - - [16/Mar/2016:10:11:14 +0200] "HEAD / HTTP/1.0" 301 519 "-" "jetmon/1.0 (Jetpack Site Uptime Monitor by WordPress.com)"
41.78.28.152 - - [16/Mar/2016:10:11:17 +0200] "POST /wp-cron.php?7b2a592a357264cf3f6f358ff3783d74&action=wysija_cron&process=bounce&silent=1 HTTP/1.0" 200 468 "-" "WordPress/4.4.2; http://www.selectsifiso.com"
41.78.28.152 - - [16/Mar/2016:10:11:15 +0200] "POST /wp-cron.php?doing_wp_cron=1458115875.7010679244995117187500 HTTP/1.0" 200 468 "-" "WordPress/4.4.2; http://www.selectsifiso.com"
192.0.102.40 - - [16/Mar/2016:10:11:19 +0200] "HEAD / HTTP/1.0" 200 464 "-" "jetmon/1.0 (Jetpack Site Uptime Monitor by WordPress.com)"
192.0.102.40 - - [16/Mar/2016:10:16:17 +0200] "HEAD / HTTP/1.0" 301 519 "-" "jetmon/1.0 (Jetpack Site Uptime Monitor by WordPress.com)"
41.78.28.152 - - [16/Mar/2016:10:16:19 +0200] "POST /wp-cron.php?7b2a592a357264cf3f6f358ff3783d74&action=wysija_cron&process=queue,bounce&silent=1 HTTP/1.0" 200 468 "-" "WordPress/4.4.2; http://www.selectsifiso.com"
41.78.28.152 - - [16/Mar/2016:10:16:18 +0200] "POST /wp-cron.php?doing_wp_cron=1458116178.0577380657196044921875 HTTP/1.0" 200 468 "-" "WordPress/4.4.2; http://www.selectsifiso.com"
192.0.102.40 - - [16/Mar/2016:10:16:20 +0200] "HEAD / HTTP/1.0" 200 464 "-" "jetmon/1.0 (Jetpack Site Uptime Monitor by WordPress.com)"
192.0.102.40 - - [16/Mar/2016:10:21:23 +0200] "HEAD / HTTP/1.0" 301 519 "-" "jetmon/1.0 (Jetpack Site Uptime Monitor by WordPress.com)"
41.78.28.152 - - [16/Mar/2016:10:21:24 +0200] "POST /wp-cron.php?7b2a592a357264cf3f6f358ff3783d74&action=wysija_cron&process=bounce&silent=1 HTTP/1.0" 200 468 "-" "WordPress/4.4.2; http://www.selectsifiso.com"
192.0.102.40 - - [16/Mar/2016:10:21:32 +0200] "HEAD / HTTP/1.0" 200 464 "-" "jetmon/1.0 (Jetpack Site Uptime Monitor by WordPress.com)"
141.8.142.74 - - [16/Mar/2016:10:24:36 +0200] "GET / HTTP/1.0" 200 1816 "-" "Mozilla/5.0 (compatible; YandexBot/3.0; +http://yandex.com/bots)"
141.8.142.74 - - [16/Mar/2016:10:24:40 +0200] "GET / HTTP/1.0" 200 1816 "-" "Mozilla/5.0 (compatible; YandexBot/3.0; +http://yandex.com/bots)"
141.8.142.74 - - [16/Mar/2016:10:24:43 +0200] "GET /robots.txt HTTP/1.0" 200 4573 "-" "Mozilla/5.0 (compatible; YandexBot/3.0; +http://yandex.com/bots)"
130.193.51.74 - - [16/Mar/2016:10:24:47 +0200] "GET / HTTP/1.0" 301 538 "-" "Mozilla/5.0 (compatible; YandexBot/3.0; +http://yandex.com/bots)"
192.0.102.40 - - [16/Mar/2016:10:26:23 +0200] "HEAD / HTTP/1.0" 301 519 "-" "jetmon/1.0 (Jetpack Site Uptime Monitor by WordPress.com)"
192.0.102.40 - - [16/Mar/2016:10:26:31 +0200] "HEAD / HTTP/1.0" 200 464 "-" "jetmon/1.0 (Jetpack Site Uptime Monitor by WordPress.com)"
41.78.28.152 - - [16/Mar/2016:10:26:31 +0200] "POST /wp-cron.php?7b2a592a357264cf3f6f358ff3783d74&action=wysija_cron&process=bounce&silent=1 HTTP/1.0" 200 468 "-" "WordPress/4.4.2; http://www.selectsifiso.com"
192.0.102.40 - - [16/Mar/2016:10:31:21 +0200] "HEAD / HTTP/1.0" 301 519 "-" "jetmon/1.0 (Jetpack Site Uptime Monitor by WordPress.com)"
192.0.102.40 - - [16/Mar/2016:10:31:29 +0200] "HEAD / HTTP/1.0" 200 464 "-" "jetmon/1.0 (Jetpack Site Uptime Monitor by WordPress.com)"
41.78.28.152 - - [16/Mar/2016:10:31:22 +0200] "POST /wp-cron.php?doing_wp_cron=1458117082.3135728836059570312500 HTTP/1.0" 200 468 "-" "WordPress/4.4.2; http://www.selectsifiso.com"
192.0.102.40 - - [16/Mar/2016:10:36:17 +0200] "HEAD / HTTP/1.0" 301 519 "-" "jetmon/1.0 (Jetpack Site Uptime Monitor by WordPress.com)"
41.78.28.152 - - [16/Mar/2016:10:36:18 +0200] "POST /wp-cron.php?7b2a592a357264cf3f6f358ff3783d74&action=wysija_cron&process=bounce&silent=1 HTTP/1.0" 200 468 "-" "WordPress/4.4.2; http://www.selectsifiso.com"
192.0.102.40 - - [16/Mar/2016:10:36:22 +0200] "HEAD / HTTP/1.0" 200 464 "-" "jetmon/1.0 (Jetpack Site Uptime Monitor by WordPress.com)"
41.78.28.152 - - [16/Mar/2016:10:36:19 +0200] "POST /wp-cron.php?doing_wp_cron=1458117379.8105471134185791015625 HTTP/1.0" 200 468 "-" "WordPress/4.4.2; http://www.selectsifiso.com"
192.0.102.40 - - [16/Mar/2016:10:41:17 +0200] "HEAD / HTTP/1.0" 301 519 "-" "jetmon/1.0 (Jetpack Site Uptime Monitor by WordPress.com)"
41.78.28.152 - - [16/Mar/2016:10:41:20 +0200] "POST /wp-cron.php?7b2a592a357264cf3f6f358ff3783d74&action=wysija_cron&process=bounce&silent=1 HTTP/1.0" 200 468 "-" "WordPress/4.4.2; http://www.selectsifiso.com"
41.78.28.152 - - [16/Mar/2016:10:41:18 +0200] "POST /wp-cron.php?doing_wp_cron=1458117678.5460450649261474609375 HTTP/1.0" 200 468 "-" "WordPress/4.4.2; http://www.selectsifiso.com"
192.0.102.40 - - [16/Mar/2016:10:41:20 +0200] "HEAD / HTTP/1.0" 200 464 "-" "jetmon/1.0 (Jetpack Site Uptime Monitor by WordPress.com)"
192.0.102.40 - - [16/Mar/2016:10:46:17 +0200] "HEAD / HTTP/1.0" 301 519 "-" "jetmon/1.0 (Jetpack Site Uptime Monitor by WordPress.com)"
192.0.102.40 - - [16/Mar/2016:10:46:21 +0200] "HEAD / HTTP/1.0" 200 464 "-" "jetmon/1.0 (Jetpack Site Uptime Monitor by WordPress.com)"
41.78.28.152 - - [16/Mar/2016:10:46:21 +0200] "POST /wp-cron.php?7b2a592a357264cf3f6f358ff3783d74&action=wysija_cron&process=bounce&silent=1 HTTP/1.0" 200 468 "-" "WordPress/4.4.2; http://www.selectsifiso.com"
192.0.102.40 - - [16/Mar/2016:10:51:16 +0200] "HEAD / HTTP/1.0" 301 519 "-" "jetmon/1.0 (Jetpack Site Uptime Monitor by WordPress.com)"
192.0.102.40 - - [16/Mar/2016:10:51:18 +0200] "HEAD / HTTP/1.0" 200 464 "-" "jetmon/1.0 (Jetpack Site Uptime Monitor by WordPress.com)"
192.0.102.40 - - [16/Mar/2016:10:56:19 +0200] "HEAD / HTTP/1.0" 301 519 "-" "jetmon/1.0 (Jetpack Site Uptime Monitor by WordPress.com)"
41.78.28.152 - - [16/Mar/2016:10:56:19 +0200] "POST /wp-cron.php?7b2a592a357264cf3f6f358ff3783d74&action=wysija_cron&process=bounce&silent=1 HTTP/1.0" 200 468 "-" "WordPress/4.4.2; http://www.selectsifiso.com"
192.0.102.40 - - [16/Mar/2016:10:56:22 +0200] "HEAD / HTTP/1.0" 200 464 "-" "jetmon/1.0 (Jetpack Site Uptime Monitor by WordPress.com)"
46.148.18.162 - - [16/Mar/2016:11:00:39 +0200] "POST /xmlrpc.php HTTP/1.0" 403 1259 "http://www.selectsifiso.com/xmlrpc.php" "Mozilla/4.0 (compatible; MSIE 6.0; Windows NT 4.0) Opera 7.23 [de]"
46.148.18.162 - - [16/Mar/2016:11:00:58 +0200] "POST /xmlrpc.php HTTP/1.0" 403 1259 "http://www.selectsifiso.com/xmlrpc.php" "Mozilla/4.0 (compatible; MSIE 6.0; Windows NT 4.0) Opera 7.23 [de]"
192.0.102.40 - - [16/Mar/2016:11:01:26 +0200] "HEAD / HTTP/1.0" 301 519 "-" "jetmon/1.0 (Jetpack Site Uptime Monitor by WordPress.com)"
41.78.28.152 - - [16/Mar/2016:11:01:27 +0200] "POST /wp-cron.php?7b2a592a357264cf3f6f358ff3783d74&action=wysija_cron&process=bounce&silent=1 HTTP/1.0" 200 468 "-" "WordPress/4.4.2; http://www.selectsifiso.com"
192.0.102.40 - - [16/Mar/2016:11:01:36 +0200] "HEAD / HTTP/1.0" 200 464 "-" "jetmon/1.0 (Jetpack Site Uptime Monitor by WordPress.com)"
192.0.102.40 - - [16/Mar/2016:11:06:15 +0200] "HEAD / HTTP/1.0" 301 519 "-" "jetmon/1.0 (Jetpack Site Uptime Monitor by WordPress.com)"
192.0.102.40 - - [16/Mar/2016:11:06:19 +0200] "HEAD / HTTP/1.0" 200 464 "-" "jetmon/1.0 (Jetpack Site Uptime Monitor by WordPress.com)"
192.0.102.40 - - [16/Mar/2016:11:11:27 +0200] "HEAD / HTTP/1.0" 301 519 "-" "jetmon/1.0 (Jetpack Site Uptime Monitor by WordPress.com)"
41.78.28.152 - - [16/Mar/2016:11:11:28 +0200] "POST /wp-cron.php?7b2a592a357264cf3f6f358ff3783d74&action=wysija_cron&process=bounce&silent=1 HTTP/1.0" 200 468 "-" "WordPress/4.4.2; http://www.selectsifiso.com"
41.78.28.152 - - [16/Mar/2016:11:11:30 +0200] "POST /wp-cron.php?doing_wp_cron=1458119490.7740900516510009765625 HTTP/1.0" 200 468 "-" "WordPress/4.4.2; http://www.selectsifiso.com"
192.0.102.40 - - [16/Mar/2016:11:11:34 +0200] "HEAD / HTTP/1.0" 200 464 "-" "jetmon/1.0 (Jetpack Site Uptime Monitor by WordPress.com)"
192.0.102.40 - - [16/Mar/2016:11:16:32 +0200] "HEAD / HTTP/1.0" 301 519 "-" "jetmon/1.0 (Jetpack Site Uptime Monitor by WordPress.com)"
41.78.28.152 - - [16/Mar/2016:11:16:33 +0200] "POST /wp-cron.php?7b2a592a357264cf3f6f358ff3783d74&action=wysija_cron&process=queue,bounce&silent=1 HTTP/1.0" 200 468 "-" "WordPress/4.4.2; http://www.selectsifiso.com"
41.78.28.152 - - [16/Mar/2016:11:16:34 +0200] "POST /wp-cron.php?doing_wp_cron=1458119794.6801390647888183593750 HTTP/1.0" 200 468 "-" "WordPress/4.4.2; http://www.selectsifiso.com"
192.0.102.40 - - [16/Mar/2016:11:16:40 +0200] "HEAD / HTTP/1.0" 200 464 "-" "jetmon/1.0 (Jetpack Site Uptime Monitor by WordPress.com)"
192.0.102.40 - - [16/Mar/2016:11:21:17 +0200] "HEAD / HTTP/1.0" 301 519 "-" "jetmon/1.0 (Jetpack Site Uptime Monitor by WordPress.com)"
192.0.102.40 - - [16/Mar/2016:11:26:16 +0200] "HEAD / HTTP/1.0" 301 519 "-" "jetmon/1.0 (Jetpack Site Uptime Monitor by WordPress.com)"
41.78.28.152 - - [16/Mar/2016:11:26:17 +0200] "POST /wp-cron.php?7b2a592a357264cf3f6f358ff3783d74&action=wysija_cron&process=bounce&silent=1 HTTP/1.0" 200 468 "-" "WordPress/4.4.2; http://www.selectsifiso.com"
192.0.102.40 - - [16/Mar/2016:11:26:24 +0200] "HEAD / HTTP/1.0" 200 464 "-" "jetmon/1.0 (Jetpack Site Uptime Monitor by WordPress.com)"
41.78.28.152 - - [16/Mar/2016:11:31:20 +0200] "POST /wp-cron.php?7b2a592a357264cf3f6f358ff3783d74&action=wysija_cron&process=bounce&silent=1 HTTP/1.0" 200 468 "-" "WordPress/4.4.2; http://www.selectsifiso.com"
192.0.102.40 - - [16/Mar/2016:11:31:19 +0200] "HEAD / HTTP/1.0" 301 519 "-" "jetmon/1.0 (Jetpack Site Uptime Monitor by WordPress.com)"
41.78.28.152 - - [16/Mar/2016:11:31:21 +0200] "POST /wp-cron.php?doing_wp_cron=1458120681.9240949153900146484375 HTTP/1.0" 200 468 "-" "WordPress/4.4.2; http://www.selectsifiso.com"
192.0.102.40 - - [16/Mar/2016:11:31:28 +0200] "HEAD / HTTP/1.0" 200 464 "-" "jetmon/1.0 (Jetpack Site Uptime Monitor by WordPress.com)"
192.0.102.40 - - [16/Mar/2016:11:36:19 +0200] "HEAD / HTTP/1.0" 301 519 "-" "jetmon/1.0 (Jetpack Site Uptime Monitor by WordPress.com)"
192.0.102.40 - - [16/Mar/2016:11:36:22 +0200] "HEAD / HTTP/1.0" 200 464 "-" "jetmon/1.0 (Jetpack Site Uptime Monitor by WordPress.com)"
41.78.28.152 - - [16/Mar/2016:11:36:22 +0200] "POST /wp-cron.php?7b2a592a357264cf3f6f358ff3783d74&action=wysija_cron&process=bounce&silent=1 HTTP/1.0" 200 468 "-" "WordPress/4.4.2; http://www.selectsifiso.com"
192.0.102.40 - - [16/Mar/2016:11:41:22 +0200] "HEAD / HTTP/1.0" 301 519 "-" "jetmon/1.0 (Jetpack Site Uptime Monitor by WordPress.com)"
41.78.28.152 - - [16/Mar/2016:11:41:25 +0200] "POST /wp-cron.php?7b2a592a357264cf3f6f358ff3783d74&action=wysija_cron&process=bounce&silent=1 HTTP/1.0" 200 468 "-" "WordPress/4.4.2; http://www.selectsifiso.com"
41.78.28.152 - - [16/Mar/2016:11:41:23 +0200] "POST /wp-cron.php?doing_wp_cron=1458121283.4257290363311767578125 HTTP/1.0" 200 468 "-" "WordPress/4.4.2; http://www.selectsifiso.com"
192.0.102.40 - - [16/Mar/2016:11:41:31 +0200] "HEAD / HTTP/1.0" 200 464 "-" "jetmon/1.0 (Jetpack Site Uptime Monitor by WordPress.com)"
192.0.102.40 - - [16/Mar/2016:11:46:22 +0200] "HEAD / HTTP/1.0" 301 519 "-" "jetmon/1.0 (Jetpack Site Uptime Monitor by WordPress.com)"
192.0.102.40 - - [16/Mar/2016:11:46:28 +0200] "HEAD / HTTP/1.0" 200 464 "-" "jetmon/1.0 (Jetpack Site Uptime Monitor by WordPress.com)"
41.78.28.152 - - [16/Mar/2016:11:46:28 +0200] "POST /wp-cron.php?7b2a592a357264cf3f6f358ff3783d74&action=wysija_cron&process=bounce&silent=1 HTTP/1.0" 200 468 "-" "WordPress/4.4.2; http://www.selectsifiso.com"
41.78.28.152 - - [16/Mar/2016:12:06:24 +0200] "POST /wp-cron.php?7b2a592a357264cf3f6f358ff3783d74&action=wysija_cron&process=bounce&silent=1 HTTP/1.0" 200 468 "-" "WordPress/4.4.2; http://www.selectsifiso.com"
41.78.28.152 - - [16/Mar/2016:12:06:25 +0200] "POST /wp-cron.php?doing_wp_cron=1458122785.8554260730743408203125 HTTP/1.0" 200 468 "-" "WordPress/4.4.2; http://www.selectsifiso.com"
192.0.102.40 - - [16/Mar/2016:12:06:24 +0200] "HEAD / HTTP/1.0" 301 519 "-" "jetmon/1.0 (Jetpack Site Uptime Monitor by WordPress.com)"
192.0.102.40 - - [16/Mar/2016:12:11:16 +0200] "HEAD / HTTP/1.0" 301 519 "-" "jetmon/1.0 (Jetpack Site Uptime Monitor by WordPress.com)"
192.0.102.40 - - [16/Mar/2016:12:11:22 +0200] "HEAD / HTTP/1.0" 200 464 "-" "jetmon/1.0 (Jetpack Site Uptime Monitor by WordPress.com)"
196.11.134.77 - - [16/Mar/2016:12:13:43 +0200] "GET /wp-content/plugins/contact-form-7/includes/js/jquery.form.min.js?ver=3.51.0-2014.06.20 HTTP/1.0" 200 311 "-" "Mozilla/4.0 (compatible;)"
41.78.28.152 - - [16/Mar/2016:12:16:20 +0200] "POST /wp-cron.php?7b2a592a357264cf3f6f358ff3783d74&action=wysija_cron&process=bounce&silent=1 HTTP/1.0" 200 468 "-" "WordPress/4.4.2; http://www.selectsifiso.com"
192.0.102.40 - - [16/Mar/2016:12:16:19 +0200] "HEAD / HTTP/1.0" 301 519 "-" "jetmon/1.0 (Jetpack Site Uptime Monitor by WordPress.com)"
41.78.28.152 - - [16/Mar/2016:12:16:21 +0200] "POST /wp-cron.php?doing_wp_cron=1458123381.6179358959197998046875 HTTP/1.0" 200 468 "-" "WordPress/4.4.2; http://www.selectsifiso.com"
192.0.102.40 - - [16/Mar/2016:12:16:27 +0200] "HEAD / HTTP/1.0" 200 464 "-" "jetmon/1.0 (Jetpack Site Uptime Monitor by WordPress.com)"
192.0.102.40 - - [16/Mar/2016:12:21:19 +0200] "HEAD / HTTP/1.0" 301 519 "-" "jetmon/1.0 (Jetpack Site Uptime Monitor by WordPress.com)"
192.0.102.40 - - [16/Mar/2016:12:21:26 +0200] "HEAD / HTTP/1.0" 200 464 "-" "jetmon/1.0 (Jetpack Site Uptime Monitor by WordPress.com)"
41.78.28.152 - - [16/Mar/2016:12:21:26 +0200] "POST /wp-cron.php?7b2a592a357264cf3f6f358ff3783d74&action=wysija_cron&process=queue,bounce&silent=1 HTTP/1.0" 200 468 "-" "WordPress/4.4.2; http://www.selectsifiso.com"
130.193.50.32 - - [16/Mar/2016:12:25:46 +0200] "GET /about/ HTTP/1.0" 200 1868 "-" "Mozilla/5.0 (compatible; YandexBot/3.0; +http://yandex.com/bots)"
192.0.102.40 - - [16/Mar/2016:12:26:31 +0200] "HEAD / HTTP/1.0" 301 519 "-" "jetmon/1.0 (Jetpack Site Uptime Monitor by WordPress.com)"
41.78.28.152 - - [16/Mar/2016:12:26:32 +0200] "POST /wp-cron.php?7b2a592a357264cf3f6f358ff3783d74&action=wysija_cron&process=bounce&silent=1 HTTP/1.0" 200 468 "-" "WordPress/4.4.2; http://www.selectsifiso.com"
192.0.102.40 - - [16/Mar/2016:12:26:35 +0200] "HEAD / HTTP/1.0" 200 464 "-" "jetmon/1.0 (Jetpack Site Uptime Monitor by WordPress.com)"
192.0.102.40 - - [16/Mar/2016:12:31:25 +0200] "HEAD / HTTP/1.0" 301 519 "-" "jetmon/1.0 (Jetpack Site Uptime Monitor by WordPress.com)"
41.78.28.152 - - [16/Mar/2016:12:31:26 +0200] "POST /wp-cron.php?doing_wp_cron=1458124286.1528120040893554687500 HTTP/1.0" 200 468 "-" "WordPress/4.4.2; http://www.selectsifiso.com"
192.0.102.40 - - [16/Mar/2016:12:31:29 +0200] "HEAD / HTTP/1.0" 200 464 "-" "jetmon/1.0 (Jetpack Site Uptime Monitor by WordPress.com)"
192.0.102.40 - - [16/Mar/2016:12:36:22 +0200] "HEAD / HTTP/1.0" 301 519 "-" "jetmon/1.0 (Jetpack Site Uptime Monitor by WordPress.com)"
41.78.28.152 - - [16/Mar/2016:12:36:23 +0200] "POST /wp-cron.php?7b2a592a357264cf3f6f358ff3783d74&action=wysija_cron&process=bounce&silent=1 HTTP/1.0" 200 468 "-" "WordPress/4.4.2; http://www.selectsifiso.com"
192.0.102.40 - - [16/Mar/2016:12:36:28 +0200] "HEAD / HTTP/1.0" 200 464 "-" "jetmon/1.0 (Jetpack Site Uptime Monitor by WordPress.com)"
192.0.102.40 - - [16/Mar/2016:12:41:24 +0200] "HEAD / HTTP/1.0" 301 519 "-" "jetmon/1.0 (Jetpack Site Uptime Monitor by WordPress.com)"
41.78.28.152 - - [16/Mar/2016:12:41:26 +0200] "POST /wp-cron.php?7b2a592a357264cf3f6f358ff3783d74&action=wysija_cron&process=bounce&silent=1 HTTP/1.0" 200 468 "-" "WordPress/4.4.2; http://www.selectsifiso.com"
41.78.28.152 - - [16/Mar/2016:12:41:24 +0200] "POST /wp-cron.php?doing_wp_cron=1458124884.9795479774475097656250 HTTP/1.0" 200 468 "-" "WordPress/4.4.2; http://www.selectsifiso.com"
192.0.102.40 - - [16/Mar/2016:12:41:30 +0200] "HEAD / HTTP/1.0" 200 464 "-" "jetmon/1.0 (Jetpack Site Uptime Monitor by WordPress.com)"
192.0.102.40 - - [16/Mar/2016:12:46:24 +0200] "HEAD / HTTP/1.0" 301 519 "-" "jetmon/1.0 (Jetpack Site Uptime Monitor by WordPress.com)"
192.0.102.40 - - [16/Mar/2016:12:46:28 +0200] "HEAD / HTTP/1.0" 200 464 "-" "jetmon/1.0 (Jetpack Site Uptime Monitor by WordPress.com)"
41.78.28.152 - - [16/Mar/2016:12:46:28 +0200] "POST /wp-cron.php?7b2a592a357264cf3f6f358ff3783d74&action=wysija_cron&process=bounce&silent=1 HTTP/1.0" 200 468 "-" "WordPress/4.4.2; http://www.selectsifiso.com"
192.0.102.40 - - [16/Mar/2016:12:51:24 +0200] "HEAD / HTTP/1.0" 301 519 "-" "jetmon/1.0 (Jetpack Site Uptime Monitor by WordPress.com)"
192.0.102.40 - - [16/Mar/2016:12:51:28 +0200] "HEAD / HTTP/1.0" 200 464 "-" "jetmon/1.0 (Jetpack Site Uptime Monitor by WordPress.com)"
192.0.102.40 - - [16/Mar/2016:12:56:22 +0200] "HEAD / HTTP/1.0" 301 519 "-" "jetmon/1.0 (Jetpack Site Uptime Monitor by WordPress.com)"
41.78.28.152 - - [16/Mar/2016:12:56:23 +0200] "POST /wp-cron.php?7b2a592a357264cf3f6f358ff3783d74&action=wysija_cron&process=bounce&silent=1 HTTP/1.0" 200 468 "-" "WordPress/4.4.2; http://www.selectsifiso.com"
192.0.102.40 - - [16/Mar/2016:12:56:31 +0200] "HEAD / HTTP/1.0" 200 464 "-" "jetmon/1.0 (Jetpack Site Uptime Monitor by WordPress.com)"
192.0.102.40 - - [16/Mar/2016:13:01:27 +0200] "HEAD / HTTP/1.0" 301 519 "-" "jetmon/1.0 (Jetpack Site Uptime Monitor by WordPress.com)"
41.78.28.152 - - [16/Mar/2016:13:01:28 +0200] "POST /wp-cron.php?7b2a592a357264cf3f6f358ff3783d74&action=wysija_cron&process=bounce&silent=1 HTTP/1.0" 200 468 "-" "WordPress/4.4.2; http://www.selectsifiso.com"
192.0.102.40 - - [16/Mar/2016:13:01:33 +0200] "HEAD / HTTP/1.0" 200 464 "-" "jetmon/1.0 (Jetpack Site Uptime Monitor by WordPress.com)"
192.0.102.40 - - [16/Mar/2016:13:06:29 +0200] "HEAD / HTTP/1.0" 301 519 "-" "jetmon/1.0 (Jetpack Site Uptime Monitor by WordPress.com)"
41.78.28.152 - - [16/Mar/2016:13:06:32 +0200] "POST /wp-cron.php?7b2a592a357264cf3f6f358ff3783d74&action=wysija_cron&process=bounce&silent=1 HTTP/1.0" 200 468 "-" "WordPress/4.4.2; http://www.selectsifiso.com"
41.78.28.152 - - [16/Mar/2016:13:06:30 +0200] "POST /wp-cron.php?doing_wp_cron=1458126390.3051741123199462890625 HTTP/1.0" 200 468 "-" "WordPress/4.4.2; http://www.selectsifiso.com"
192.0.102.40 - - [16/Mar/2016:13:06:33 +0200] "HEAD / HTTP/1.0" 200 464 "-" "jetmon/1.0 (Jetpack Site Uptime Monitor by WordPress.com)"
192.0.102.40 - - [16/Mar/2016:13:11:29 +0200] "HEAD / HTTP/1.0" 301 519 "-" "jetmon/1.0 (Jetpack Site Uptime Monitor by WordPress.com)"
41.78.28.152 - - [16/Mar/2016:13:16:20 +0200] "POST /wp-cron.php?7b2a592a357264cf3f6f358ff3783d74&action=wysija_cron&process=bounce&silent=1 HTTP/1.0" 200 468 "-" "WordPress/4.4.2; http://www.selectsifiso.com"
192.0.102.40 - - [16/Mar/2016:13:16:19 +0200] "HEAD / HTTP/1.0" 301 519 "-" "jetmon/1.0 (Jetpack Site Uptime Monitor by WordPress.com)"
41.78.28.152 - - [16/Mar/2016:13:16:22 +0200] "POST /wp-cron.php?doing_wp_cron=1458126982.1968710422515869140625 HTTP/1.0" 200 468 "-" "WordPress/4.4.2; http://www.selectsifiso.com"
192.0.102.40 - - [16/Mar/2016:13:16:24 +0200] "HEAD / HTTP/1.0" 200 464 "-" "jetmon/1.0 (Jetpack Site Uptime Monitor by WordPress.com)"
192.0.102.40 - - [16/Mar/2016:13:21:19 +0200] "HEAD / HTTP/1.0" 301 519 "-" "jetmon/1.0 (Jetpack Site Uptime Monitor by WordPress.com)"
192.0.102.40 - - [16/Mar/2016:13:21:21 +0200] "HEAD / HTTP/1.0" 200 464 "-" "jetmon/1.0 (Jetpack Site Uptime Monitor by WordPress.com)"
192.0.102.40 - - [16/Mar/2016:13:26:15 +0200] "HEAD / HTTP/1.0" 301 519 "-" "jetmon/1.0 (Jetpack Site Uptime Monitor by WordPress.com)"
41.78.28.152 - - [16/Mar/2016:13:26:16 +0200] "POST /wp-cron.php?7b2a592a357264cf3f6f358ff3783d74&action=wysija_cron&process=queue,bounce&silent=1 HTTP/1.0" 200 468 "-" "WordPress/4.4.2; http://www.selectsifiso.com"
192.0.102.40 - - [16/Mar/2016:13:26:18 +0200] "HEAD / HTTP/1.0" 200 464 "-" "jetmon/1.0 (Jetpack Site Uptime Monitor by WordPress.com)"
41.78.28.152 - - [16/Mar/2016:13:31:24 +0200] "POST /wp-cron.php?7b2a592a357264cf3f6f358ff3783d74&action=wysija_cron&process=bounce&silent=1 HTTP/1.0" 200 468 "-" "WordPress/4.4.2; http://www.selectsifiso.com"
192.0.102.40 - - [16/Mar/2016:13:31:24 +0200] "HEAD / HTTP/1.0" 301 519 "-" "jetmon/1.0 (Jetpack Site Uptime Monitor by WordPress.com)"
41.78.28.152 - - [16/Mar/2016:13:31:26 +0200] "POST /wp-cron.php?doing_wp_cron=1458127886.1971189975738525390625 HTTP/1.0" 200 468 "-" "WordPress/4.4.2; http://www.selectsifiso.com"
192.0.102.40 - - [16/Mar/2016:13:31:32 +0200] "HEAD / HTTP/1.0" 200 464 "-" "jetmon/1.0 (Jetpack Site Uptime Monitor by WordPress.com)"
192.0.102.40 - - [16/Mar/2016:13:36:16 +0200] "HEAD / HTTP/1.0" 301 519 "-" "jetmon/1.0 (Jetpack Site Uptime Monitor by WordPress.com)"
192.0.102.40 - - [16/Mar/2016:13:36:18 +0200] "HEAD / HTTP/1.0" 200 464 "-" "jetmon/1.0 (Jetpack Site Uptime Monitor by WordPress.com)"
41.78.28.152 - - [16/Mar/2016:13:41:17 +0200] "POST /wp-cron.php?7b2a592a357264cf3f6f358ff3783d74&action=wysija_cron&process=bounce&silent=1 HTTP/1.0" 200 468 "-" "WordPress/4.4.2; http://www.selectsifiso.com"
192.0.102.40 - - [16/Mar/2016:13:41:16 +0200] "HEAD / HTTP/1.0" 301 519 "-" "jetmon/1.0 (Jetpack Site Uptime Monitor by WordPress.com)"
41.78.28.152 - - [16/Mar/2016:13:41:18 +0200] "POST /wp-cron.php?doing_wp_cron=1458128478.7608499526977539062500 HTTP/1.0" 200 468 "-" "WordPress/4.4.2; http://www.selectsifiso.com"
192.0.102.40 - - [16/Mar/2016:13:41:24 +0200] "HEAD / HTTP/1.0" 200 464 "-" "jetmon/1.0 (Jetpack Site Uptime Monitor by WordPress.com)"
178.149.200.171 - - [16/Mar/2016:13:45:43 +0200] "GET / HTTP/1.0" 200 1816 "-" "Mozilla/5.0 (X11; Linux x86_64) AppleWebKit/537.36 (KHTML, like Gecko) Chrome/49.0.2623.75 Safari/537.36 Google Favicon"
178.149.200.171 - - [16/Mar/2016:13:45:45 +0200] "GET /favicon.ico HTTP/1.0" 200 260 "-" "Mozilla/5.0 (X11; Linux x86_64) AppleWebKit/537.36 (KHTML, like Gecko) Chrome/49.0.2623.75 Safari/537.36 Google Favicon"
178.149.200.171 - - [16/Mar/2016:13:45:44 +0200] "GET / HTTP/1.0" 301 538 "-" "Mozilla/5.0 (X11; Linux x86_64) AppleWebKit/537.36 (KHTML, like Gecko) Chrome/49.0.2623.75 Safari/537.36 Google Favicon"
178.149.200.171 - - [16/Mar/2016:13:45:45 +0200] "GET /favicon.ico HTTP/1.0" 200 260 "-" "Mozilla/5.0 (X11; Linux x86_64) AppleWebKit/537.36 (KHTML, like Gecko) Chrome/49.0.2623.75 Safari/537.36 Google Favicon"
192.0.102.40 - - [16/Mar/2016:13:46:24 +0200] "HEAD / HTTP/1.0" 301 519 "-" "jetmon/1.0 (Jetpack Site Uptime Monitor by WordPress.com)"
41.78.28.152 - - [16/Mar/2016:13:46:24 +0200] "POST /wp-cron.php?7b2a592a357264cf3f6f358ff3783d74&action=wysija_cron&process=bounce&silent=1 HTTP/1.0" 200 468 "-" "WordPress/4.4.2; http://www.selectsifiso.com"
192.0.102.40 - - [16/Mar/2016:13:46:27 +0200] "HEAD / HTTP/1.0" 200 464 "-" "jetmon/1.0 (Jetpack Site Uptime Monitor by WordPress.com)"
192.0.102.40 - - [16/Mar/2016:13:51:22 +0200] "HEAD / HTTP/1.0" 301 519 "-" "jetmon/1.0 (Jetpack Site Uptime Monitor by WordPress.com)"
192.0.102.40 - - [16/Mar/2016:13:51:24 +0200] "HEAD / HTTP/1.0" 200 464 "-" "jetmon/1.0 (Jetpack Site Uptime Monitor by WordPress.com)"
199.59.148.211 - - [16/Mar/2016:13:52:10 +0200] "GET /robots.txt HTTP/1.0" 200 1816 "-" "Twitterbot/1.0"
41.78.28.152 - - [16/Mar/2016:13:52:10 +0200] "POST /wp-cron.php?7b2a592a357264cf3f6f358ff3783d74&action=wysija_cron&process=bounce&silent=1 HTTP/1.0" 200 468 "-" "WordPress/4.4.2; http://www.selectsifiso.com"
199.59.148.211 - - [16/Mar/2016:13:52:12 +0200] "GET / HTTP/1.0" 200 1816 "-" "Twitterbot/1.0"
5.39.64.220 - - [16/Mar/2016:13:52:38 +0200] "GET / HTTP/1.0" 200 1816 "-" "Mozilla/5.0 (Windows NT 6.1; WOW64) AppleWebKit/537.36 (KHTML, like Gecko) Chrome/43.0.2357.65 Safari/537.36"
192.0.102.40 - - [16/Mar/2016:13:56:22 +0200] "HEAD / HTTP/1.0" 301 519 "-" "jetmon/1.0 (Jetpack Site Uptime Monitor by WordPress.com)"
192.0.102.40 - - [16/Mar/2016:13:56:28 +0200] "HEAD / HTTP/1.0" 200 464 "-" "jetmon/1.0 (Jetpack Site Uptime Monitor by WordPress.com)"
180.76.15.137 - - [16/Mar/2016:14:01:18 +0200] "GET /?cyclone_templates_css=1&ver=3.9.1 HTTP/1.0" 301 572 "-" "Mozilla/5.0 (compatible; Baiduspider/2.0; +http://www.baidu.com/search/spider.html)"
41.78.28.152 - - [16/Mar/2016:14:01:19 +0200] "POST /wp-cron.php?7b2a592a357264cf3f6f358ff3783d74&action=wysija_cron&process=bounce&silent=1 HTTP/1.0" 200 468 "-" "WordPress/4.4.2; http://www.selectsifiso.com"
180.76.15.11 - - [16/Mar/2016:14:01:21 +0200] "GET /?cyclone_templates_css=1&ver=3.9.1 HTTP/1.0" 200 1758 "-" "Mozilla/5.0 (compatible; Baiduspider/2.0; +http://www.baidu.com/search/spider.html)"
192.0.102.40 - - [16/Mar/2016:14:01:24 +0200] "HEAD / HTTP/1.0" 301 519 "-" "jetmon/1.0 (Jetpack Site Uptime Monitor by WordPress.com)"
192.0.102.40 - - [16/Mar/2016:14:01:25 +0200] "HEAD / HTTP/1.0" 200 464 "-" "jetmon/1.0 (Jetpack Site Uptime Monitor by WordPress.com)"
192.0.102.40 - - [16/Mar/2016:14:06:19 +0200] "HEAD / HTTP/1.0" 301 519 "-" "jetmon/1.0 (Jetpack Site Uptime Monitor by WordPress.com)"
192.0.102.40 - - [16/Mar/2016:14:11:17 +0200] "HEAD / HTTP/1.0" 301 519 "-" "jetmon/1.0 (Jetpack Site Uptime Monitor by WordPress.com)"
41.78.28.152 - - [16/Mar/2016:14:11:18 +0200] "POST /wp-cron.php?7b2a592a357264cf3f6f358ff3783d74&action=wysija_cron&process=bounce&silent=1 HTTP/1.0" 200 468 "-" "WordPress/4.4.2; http://www.selectsifiso.com"
41.78.28.152 - - [16/Mar/2016:14:11:21 +0200] "POST /wp-cron.php?doing_wp_cron=1458130281.2286479473114013671875 HTTP/1.0" 200 468 "-" "WordPress/4.4.2; http://www.selectsifiso.com"
192.0.102.40 - - [16/Mar/2016:14:11:24 +0200] "HEAD / HTTP/1.0" 200 464 "-" "jetmon/1.0 (Jetpack Site Uptime Monitor by WordPress.com)"
41.78.28.152 - - [16/Mar/2016:14:16:21 +0200] "POST /wp-cron.php?7b2a592a357264cf3f6f358ff3783d74&action=wysija_cron&process=bounce&silent=1 HTTP/1.0" 200 468 "-" "WordPress/4.4.2; http://www.selectsifiso.com"
192.0.102.40 - - [16/Mar/2016:14:16:20 +0200] "HEAD / HTTP/1.0" 301 519 "-" "jetmon/1.0 (Jetpack Site Uptime Monitor by WordPress.com)"
192.0.102.40 - - [16/Mar/2016:14:16:26 +0200] "HEAD / HTTP/1.0" 200 464 "-" "jetmon/1.0 (Jetpack Site Uptime Monitor by WordPress.com)"
41.78.28.152 - - [16/Mar/2016:14:16:23 +0200] "POST /wp-cron.php?doing_wp_cron=1458130583.1864240169525146484375 HTTP/1.0" 200 468 "-" "WordPress/4.4.2; http://www.selectsifiso.com"
192.0.102.40 - - [16/Mar/2016:14:22:42 +0200] "HEAD / HTTP/1.0" 301 519 "-" "jetmon/1.0 (Jetpack Site Uptime Monitor by WordPress.com)"
41.78.28.152 - - [16/Mar/2016:14:22:42 +0200] "POST /wp-cron.php?7b2a592a357264cf3f6f358ff3783d74&action=wysija_cron&process=bounce&silent=1 HTTP/1.0" 200 468 "-" "WordPress/4.4.2; http://www.selectsifiso.com"
192.0.102.40 - - [16/Mar/2016:14:22:45 +0200] "HEAD / HTTP/1.0" 200 464 "-" "jetmon/1.0 (Jetpack Site Uptime Monitor by WordPress.com)"
41.78.28.152 - - [16/Mar/2016:14:27:51 +0200] "POST /wp-cron.php?7b2a592a357264cf3f6f358ff3783d74&action=wysija_cron&process=queue,bounce&silent=1 HTTP/1.0" 200 468 "-" "WordPress/4.4.2; http://www.selectsifiso.com"
192.0.102.40 - - [16/Mar/2016:14:27:51 +0200] "HEAD / HTTP/1.0" 301 519 "-" "jetmon/1.0 (Jetpack Site Uptime Monitor by WordPress.com)"
41.78.28.152 - - [16/Mar/2016:14:27:53 +0200] "POST /wp-cron.php?doing_wp_cron=1458131273.0628039836883544921875 HTTP/1.0" 200 468 "-" "WordPress/4.4.2; http://www.selectsifiso.com"
192.0.102.40 - - [16/Mar/2016:14:31:17 +0200] "HEAD / HTTP/1.0" 301 519 "-" "jetmon/1.0 (Jetpack Site Uptime Monitor by WordPress.com)"
192.0.102.40 - - [16/Mar/2016:14:31:20 +0200] "HEAD / HTTP/1.0" 200 464 "-" "jetmon/1.0 (Jetpack Site Uptime Monitor by WordPress.com)"
192.0.102.40 - - [16/Mar/2016:14:36:45 +0200] "HEAD / HTTP/1.0" 301 519 "-" "jetmon/1.0 (Jetpack Site Uptime Monitor by WordPress.com)"
41.78.28.152 - - [16/Mar/2016:14:36:46 +0200] "POST /wp-cron.php?7b2a592a357264cf3f6f358ff3783d74&action=wysija_cron&process=bounce&silent=1 HTTP/1.0" 200 468 "-" "WordPress/4.4.2; http://www.selectsifiso.com"
41.78.28.152 - - [16/Mar/2016:14:36:52 +0200] "POST /wp-cron.php?doing_wp_cron=1458131812.3492009639739990234375 HTTP/1.0" 200 468 "-" "WordPress/4.4.2; http://www.selectsifiso.com"
192.0.102.40 - - [16/Mar/2016:14:36:51 +0200] "HEAD / HTTP/1.0" 200 464 "-" "jetmon/1.0 (Jetpack Site Uptime Monitor by WordPress.com)"
192.0.102.40 - - [16/Mar/2016:14:41:22 +0200] "HEAD / HTTP/1.0" 301 519 "-" "jetmon/1.0 (Jetpack Site Uptime Monitor by WordPress.com)"
192.0.102.40 - - [16/Mar/2016:14:41:25 +0200] "HEAD / HTTP/1.0" 200 464 "-" "jetmon/1.0 (Jetpack Site Uptime Monitor by WordPress.com)"
41.0.69.247 - - [16/Mar/2016:14:46:05 +0200] "GET /wp-content/plugins/counterize/counterize.css.php HTTP/1.0" 200 1373 "-" "Mozilla/4.0 (compatible; MSIE 7.0; Windows NT 6.1; WOW64; Trident/6.0; SLCC2; .NET CLR 2.0.50727; .NET CLR 3.5.30729; .NET CLR 3.0.30729; Media Center PC 6.0; .NET4.0C; .NET4.0E; InfoPath.3; Microsoft Outlook 15.0.4569; ms-office; MSOffice 15)"
192.0.102.40 - - [16/Mar/2016:14:46:21 +0200] "HEAD / HTTP/1.0" 301 519 "-" "jetmon/1.0 (Jetpack Site Uptime Monitor by WordPress.com)"
41.78.28.152 - - [16/Mar/2016:14:46:21 +0200] "POST /wp-cron.php?7b2a592a357264cf3f6f358ff3783d74&action=wysija_cron&process=bounce&silent=1 HTTP/1.0" 200 468 "-" "WordPress/4.4.2; http://www.selectsifiso.com"
192.0.102.40 - - [16/Mar/2016:14:46:24 +0200] "HEAD / HTTP/1.0" 200 464 "-" "jetmon/1.0 (Jetpack Site Uptime Monitor by WordPress.com)"
192.0.102.40 - - [16/Mar/2016:14:51:27 +0200] "HEAD / HTTP/1.0" 301 519 "-" "jetmon/1.0 (Jetpack Site Uptime Monitor by WordPress.com)"
41.78.28.152 - - [16/Mar/2016:14:51:28 +0200] "POST /wp-cron.php?7b2a592a357264cf3f6f358ff3783d74&action=wysija_cron&process=bounce&silent=1 HTTP/1.0" 200 468 "-" "WordPress/4.4.2; http://www.selectsifiso.com"
192.0.102.40 - - [16/Mar/2016:14:51:31 +0200] "HEAD / HTTP/1.0" 200 464 "-" "jetmon/1.0 (Jetpack Site Uptime Monitor by WordPress.com)"
192.0.102.40 - - [16/Mar/2016:14:57:42 +0200] "HEAD / HTTP/1.0" 301 519 "-" "jetmon/1.0 (Jetpack Site Uptime Monitor by WordPress.com)"
41.78.28.152 - - [16/Mar/2016:14:57:43 +0200] "POST /wp-cron.php?7b2a592a357264cf3f6f358ff3783d74&action=wysija_cron&process=bounce&silent=1 HTTP/1.0" 200 468 "-" "WordPress/4.4.2; http://www.selectsifiso.com"
192.0.102.40 - - [16/Mar/2016:14:57:51 +0200] "HEAD / HTTP/1.0" 200 464 "-" "jetmon/1.0 (Jetpack Site Uptime Monitor by WordPress.com)"
192.0.102.40 - - [16/Mar/2016:15:01:38 +0200] "HEAD / HTTP/1.0" 301 519 "-" "jetmon/1.0 (Jetpack Site Uptime Monitor by WordPress.com)"
192.0.102.40 - - [16/Mar/2016:15:01:44 +0200] "HEAD / HTTP/1.0" 200 464 "-" "jetmon/1.0 (Jetpack Site Uptime Monitor by WordPress.com)"
41.78.28.152 - - [16/Mar/2016:15:06:23 +0200] "POST /wp-cron.php?7b2a592a357264cf3f6f358ff3783d74&action=wysija_cron&process=bounce&silent=1 HTTP/1.0" 200 468 "-" "WordPress/4.4.2; http://www.selectsifiso.com"
192.0.102.40 - - [16/Mar/2016:15:06:23 +0200] "HEAD / HTTP/1.0" 301 519 "-" "jetmon/1.0 (Jetpack Site Uptime Monitor by WordPress.com)"
41.78.28.152 - - [16/Mar/2016:15:06:25 +0200] "POST /wp-cron.php?doing_wp_cron=1458133585.2516410350799560546875 HTTP/1.0" 200 468 "-" "WordPress/4.4.2; http://www.selectsifiso.com"
192.0.102.40 - - [16/Mar/2016:15:06:27 +0200] "HEAD / HTTP/1.0" 200 464 "-" "jetmon/1.0 (Jetpack Site Uptime Monitor by WordPress.com)"
192.0.102.40 - - [16/Mar/2016:15:11:25 +0200] "HEAD / HTTP/1.0" 301 519 "-" "jetmon/1.0 (Jetpack Site Uptime Monitor by WordPress.com)"
41.78.28.152 - - [16/Mar/2016:15:11:26 +0200] "POST /wp-cron.php?7b2a592a357264cf3f6f358ff3783d74&action=wysija_cron&process=bounce&silent=1 HTTP/1.0" 200 468 "-" "WordPress/4.4.2; http://www.selectsifiso.com"
192.0.102.40 - - [16/Mar/2016:15:11:30 +0200] "HEAD / HTTP/1.0" 200 464 "-" "jetmon/1.0 (Jetpack Site Uptime Monitor by WordPress.com)"
41.78.28.152 - - [16/Mar/2016:15:16:29 +0200] "POST /wp-cron.php?7b2a592a357264cf3f6f358ff3783d74&action=wysija_cron&process=bounce&silent=1 HTTP/1.0" 200 468 "-" "WordPress/4.4.2; http://www.selectsifiso.com"
192.0.102.40 - - [16/Mar/2016:15:16:29 +0200] "HEAD / HTTP/1.0" 301 519 "-" "jetmon/1.0 (Jetpack Site Uptime Monitor by WordPress.com)"
41.78.28.152 - - [16/Mar/2016:15:16:31 +0200] "POST /wp-cron.php?doing_wp_cron=1458134191.3534269332885742187500 HTTP/1.0" 200 468 "-" "WordPress/4.4.2; http://www.selectsifiso.com"
192.0.102.40 - - [16/Mar/2016:15:16:33 +0200] "HEAD / HTTP/1.0" 200 464 "-" "jetmon/1.0 (Jetpack Site Uptime Monitor by WordPress.com)"
192.0.102.40 - - [16/Mar/2016:15:21:27 +0200] "HEAD / HTTP/1.0" 301 519 "-" "jetmon/1.0 (Jetpack Site Uptime Monitor by WordPress.com)"
192.0.102.40 - - [16/Mar/2016:15:21:31 +0200] "HEAD / HTTP/1.0" 200 464 "-" "jetmon/1.0 (Jetpack Site Uptime Monitor by WordPress.com)"
41.78.28.152 - - [16/Mar/2016:15:21:31 +0200] "POST /wp-cron.php?7b2a592a357264cf3f6f358ff3783d74&action=wysija_cron&process=bounce,daily&silent=1 HTTP/1.0" 200 468 "-" "WordPress/4.4.2; http://www.selectsifiso.com"
192.0.102.40 - - [16/Mar/2016:15:26:21 +0200] "HEAD / HTTP/1.0" 301 519 "-" "jetmon/1.0 (Jetpack Site Uptime Monitor by WordPress.com)"
41.78.28.152 - - [16/Mar/2016:15:26:22 +0200] "POST /wp-cron.php?doing_wp_cron=1458134782.7032699584960937500000 HTTP/1.0" 200 468 "-" "WordPress/4.4.2; http://www.selectsifiso.com"
192.0.102.40 - - [16/Mar/2016:15:26:25 +0200] "HEAD / HTTP/1.0" 200 464 "-" "jetmon/1.0 (Jetpack Site Uptime Monitor by WordPress.com)"
192.0.102.40 - - [16/Mar/2016:15:31:25 +0200] "HEAD / HTTP/1.0" 301 519 "-" "jetmon/1.0 (Jetpack Site Uptime Monitor by WordPress.com)"
41.78.28.152 - - [16/Mar/2016:15:31:25 +0200] "POST /wp-cron.php?7b2a592a357264cf3f6f358ff3783d74&action=wysija_cron&process=queue,bounce&silent=1 HTTP/1.0" 200 468 "-" "WordPress/4.4.2; http://www.selectsifiso.com"
41.78.28.152 - - [16/Mar/2016:15:31:27 +0200] "POST /wp-cron.php?doing_wp_cron=1458135087.4293889999389648437500 HTTP/1.0" 200 468 "-" "WordPress/4.4.2; http://www.selectsifiso.com"
192.0.102.40 - - [16/Mar/2016:15:31:29 +0200] "HEAD / HTTP/1.0" 200 464 "-" "jetmon/1.0 (Jetpack Site Uptime Monitor by WordPress.com)"
192.0.102.40 - - [16/Mar/2016:15:36:22 +0200] "HEAD / HTTP/1.0" 301 519 "-" "jetmon/1.0 (Jetpack Site Uptime Monitor by WordPress.com)"
192.0.102.40 - - [16/Mar/2016:15:36:24 +0200] "HEAD / HTTP/1.0" 200 464 "-" "jetmon/1.0 (Jetpack Site Uptime Monitor by WordPress.com)"
192.0.102.40 - - [16/Mar/2016:15:41:18 +0200] "HEAD / HTTP/1.0" 301 519 "-" "jetmon/1.0 (Jetpack Site Uptime Monitor by WordPress.com)"
41.78.28.152 - - [16/Mar/2016:15:41:19 +0200] "POST /wp-cron.php?7b2a592a357264cf3f6f358ff3783d74&action=wysija_cron&process=bounce&silent=1 HTTP/1.0" 200 468 "-" "WordPress/4.4.2; http://www.selectsifiso.com"
192.0.102.40 - - [16/Mar/2016:15:41:24 +0200] "HEAD / HTTP/1.0" 200 464 "-" "jetmon/1.0 (Jetpack Site Uptime Monitor by WordPress.com)"
41.78.28.152 - - [16/Mar/2016:15:41:21 +0200] "POST /wp-cron.php?doing_wp_cron=1458135681.8603539466857910156250 HTTP/1.0" 200 468 "-" "WordPress/4.4.2; http://www.selectsifiso.com"
192.0.102.40 - - [16/Mar/2016:15:46:26 +0200] "HEAD / HTTP/1.0" 301 519 "-" "jetmon/1.0 (Jetpack Site Uptime Monitor by WordPress.com)"
41.78.28.152 - - [16/Mar/2016:15:46:27 +0200] "POST /wp-cron.php?7b2a592a357264cf3f6f358ff3783d74&action=wysija_cron&process=bounce&silent=1 HTTP/1.0" 200 468 "-" "WordPress/4.4.2; http://www.selectsifiso.com"
192.0.102.40 - - [16/Mar/2016:15:46:30 +0200] "HEAD / HTTP/1.0" 200 464 "-" "jetmon/1.0 (Jetpack Site Uptime Monitor by WordPress.com)"
192.0.102.40 - - [16/Mar/2016:15:51:34 +0200] "HEAD / HTTP/1.0" 301 519 "-" "jetmon/1.0 (Jetpack Site Uptime Monitor by WordPress.com)"
41.78.28.152 - - [16/Mar/2016:15:51:35 +0200] "POST /wp-cron.php?7b2a592a357264cf3f6f358ff3783d74&action=wysija_cron&process=bounce&silent=1 HTTP/1.0" 200 468 "-" "WordPress/4.4.2; http://www.selectsifiso.com"
192.0.102.40 - - [16/Mar/2016:15:51:41 +0200] "HEAD / HTTP/1.0" 200 464 "-" "jetmon/1.0 (Jetpack Site Uptime Monitor by WordPress.com)"
46.148.22.18 - - [16/Mar/2016:15:52:02 +0200] "POST /xmlrpc.php HTTP/1.0" 403 1259 "http://www.selectsifiso.com/xmlrpc.php" "Mozilla/5.0 (Windows; U; Windows NT 6.0; fr-ch) AppleWebKit/531.9 (KHTML, like Gecko) Version/4.0.3 Safari/531.9"
46.148.22.18 - - [16/Mar/2016:15:52:21 +0200] "POST /xmlrpc.php HTTP/1.0" 403 1259 "http://www.selectsifiso.com/xmlrpc.php" "Mozilla/5.0 (Windows; U; Windows NT 6.0; fr-ch) AppleWebKit/531.9 (KHTML, like Gecko) Version/4.0.3 Safari/531.9"
192.0.102.40 - - [16/Mar/2016:15:56:24 +0200] "HEAD / HTTP/1.0" 301 519 "-" "jetmon/1.0 (Jetpack Site Uptime Monitor by WordPress.com)"
192.0.102.40 - - [16/Mar/2016:15:56:26 +0200] "HEAD / HTTP/1.0" 200 464 "-" "jetmon/1.0 (Jetpack Site Uptime Monitor by WordPress.com)"
46.148.18.162 - - [16/Mar/2016:15:58:12 +0200] "POST /xmlrpc.php HTTP/1.0" 403 1259 "http://www.selectsifiso.com/xmlrpc.php" "Mozilla/5.0 (X11; U; Linux i686; en-US; rv:0.9.2.1) Gecko/20010901"
46.148.18.162 - - [16/Mar/2016:15:58:21 +0200] "POST /xmlrpc.php HTTP/1.0" 403 1259 "http://www.selectsifiso.com/xmlrpc.php" "Mozilla/5.0 (X11; U; Linux i686; en-US; rv:0.9.2.1) Gecko/20010901"
192.0.102.40 - - [16/Mar/2016:16:01:28 +0200] "HEAD / HTTP/1.0" 301 519 "-" "jetmon/1.0 (Jetpack Site Uptime Monitor by WordPress.com)"
192.0.102.40 - - [16/Mar/2016:16:01:30 +0200] "HEAD / HTTP/1.0" 200 464 "-" "jetmon/1.0 (Jetpack Site Uptime Monitor by WordPress.com)"
41.78.28.152 - - [16/Mar/2016:16:01:28 +0200] "POST /wp-cron.php?7b2a592a357264cf3f6f358ff3783d74&action=wysija_cron&process=bounce&silent=1 HTTP/1.0" 200 468 "-" "WordPress/4.4.2; http://www.selectsifiso.com"
41.78.28.152 - - [16/Mar/2016:16:06:30 +0200] "POST /wp-cron.php?7b2a592a357264cf3f6f358ff3783d74&action=wysija_cron&process=bounce&silent=1 HTTP/1.0" 200 468 "-" "WordPress/4.4.2; http://www.selectsifiso.com"
192.0.102.40 - - [16/Mar/2016:16:06:29 +0200] "HEAD / HTTP/1.0" 301 519 "-" "jetmon/1.0 (Jetpack Site Uptime Monitor by WordPress.com)"
41.78.28.152 - - [16/Mar/2016:16:06:31 +0200] "POST /wp-cron.php?doing_wp_cron=1458137191.6439490318298339843750 HTTP/1.0" 200 468 "-" "WordPress/4.4.2; http://www.selectsifiso.com"
192.0.102.40 - - [16/Mar/2016:16:06:36 +0200] "HEAD / HTTP/1.0" 200 464 "-" "jetmon/1.0 (Jetpack Site Uptime Monitor by WordPress.com)"
41.78.28.152 - - [16/Mar/2016:16:12:47 +0200] "POST /wp-cron.php?7b2a592a357264cf3f6f358ff3783d74&action=wysija_cron&process=bounce&silent=1 HTTP/1.0" 200 468 "-" "WordPress/4.4.2; http://www.selectsifiso.com"
192.0.102.40 - - [16/Mar/2016:16:12:45 +0200] "HEAD / HTTP/1.0" 301 519 "-" "jetmon/1.0 (Jetpack Site Uptime Monitor by WordPress.com)"
41.78.28.152 - - [16/Mar/2016:16:12:49 +0200] "POST /wp-cron.php?doing_wp_cron=1458137569.0783529281616210937500 HTTP/1.0" 200 468 "-" "WordPress/4.4.2; http://www.selectsifiso.com"
192.0.102.40 - - [16/Mar/2016:16:12:51 +0200] "HEAD / HTTP/1.0" 200 464 "-" "jetmon/1.0 (Jetpack Site Uptime Monitor by WordPress.com)"
196.11.134.77 - - [16/Mar/2016:16:13:39 +0200] "GET /wp-content/plugins/jetpack/css/jetpack.css?ver=3.6 HTTP/1.0" 200 275 "-" "Mozilla/4.0 (compatible;)"
192.0.102.40 - - [16/Mar/2016:16:16:33 +0200] "HEAD / HTTP/1.0" 301 519 "-" "jetmon/1.0 (Jetpack Site Uptime Monitor by WordPress.com)"
192.0.102.40 - - [16/Mar/2016:16:16:35 +0200] "HEAD / HTTP/1.0" 200 464 "-" "jetmon/1.0 (Jetpack Site Uptime Monitor by WordPress.com)"
192.0.102.40 - - [16/Mar/2016:16:21:22 +0200] "HEAD / HTTP/1.0" 301 519 "-" "jetmon/1.0 (Jetpack Site Uptime Monitor by WordPress.com)"
41.78.28.152 - - [16/Mar/2016:16:21:22 +0200] "POST /wp-cron.php?7b2a592a357264cf3f6f358ff3783d74&action=wysija_cron&process=bounce&silent=1 HTTP/1.0" 200 468 "-" "WordPress/4.4.2; http://www.selectsifiso.com"
192.0.102.40 - - [16/Mar/2016:16:21:26 +0200] "HEAD / HTTP/1.0" 200 464 "-" "jetmon/1.0 (Jetpack Site Uptime Monitor by WordPress.com)"
192.0.102.40 - - [16/Mar/2016:16:26:18 +0200] "HEAD / HTTP/1.0" 301 519 "-" "jetmon/1.0 (Jetpack Site Uptime Monitor by WordPress.com)"
41.78.28.152 - - [16/Mar/2016:16:26:19 +0200] "POST /wp-cron.php?doing_wp_cron=1458138379.4015169143676757812500 HTTP/1.0" 200 468 "-" "WordPress/4.4.2; http://www.selectsifiso.com"
192.0.102.40 - - [16/Mar/2016:16:26:21 +0200] "HEAD / HTTP/1.0" 200 464 "-" "jetmon/1.0 (Jetpack Site Uptime Monitor by WordPress.com)"
41.78.28.152 - - [16/Mar/2016:16:31:26 +0200] "POST /wp-cron.php?7b2a592a357264cf3f6f358ff3783d74&action=wysija_cron&process=bounce&silent=1 HTTP/1.0" 200 468 "-" "WordPress/4.4.2; http://www.selectsifiso.com"
192.0.102.40 - - [16/Mar/2016:16:31:25 +0200] "HEAD / HTTP/1.0" 301 519 "-" "jetmon/1.0 (Jetpack Site Uptime Monitor by WordPress.com)"
41.78.28.152 - - [16/Mar/2016:16:31:27 +0200] "POST /wp-cron.php?doing_wp_cron=1458138687.4223918914794921875000 HTTP/1.0" 200 468 "-" "WordPress/4.4.2; http://www.selectsifiso.com"
192.0.102.40 - - [16/Mar/2016:16:31:29 +0200] "HEAD / HTTP/1.0" 200 464 "-" "jetmon/1.0 (Jetpack Site Uptime Monitor by WordPress.com)"
192.0.102.40 - - [16/Mar/2016:16:36:23 +0200] "HEAD / HTTP/1.0" 301 519 "-" "jetmon/1.0 (Jetpack Site Uptime Monitor by WordPress.com)"
192.0.102.40 - - [16/Mar/2016:16:36:25 +0200] "HEAD / HTTP/1.0" 200 464 "-" "jetmon/1.0 (Jetpack Site Uptime Monitor by WordPress.com)"
41.78.28.152 - - [16/Mar/2016:16:41:30 +0200] "POST /wp-cron.php?7b2a592a357264cf3f6f358ff3783d74&action=wysija_cron&process=queue,bounce&silent=1 HTTP/1.0" 200 468 "-" "WordPress/4.4.2; http://www.selectsifiso.com"
192.0.102.40 - - [16/Mar/2016:16:41:29 +0200] "HEAD / HTTP/1.0" 301 519 "-" "jetmon/1.0 (Jetpack Site Uptime Monitor by WordPress.com)"
41.78.28.152 - - [16/Mar/2016:16:41:33 +0200] "POST /wp-admin/admin-ajax.php?action=wordfence_testAjax HTTP/1.0" 200 622 "-" "WordPress/4.4.2; http://www.selectsifiso.com"
192.0.102.40 - - [16/Mar/2016:16:41:36 +0200] "HEAD / HTTP/1.0" 200 464 "-" "jetmon/1.0 (Jetpack Site Uptime Monitor by WordPress.com)"
41.78.28.152 - - [16/Mar/2016:16:41:31 +0200] "POST /wp-cron.php?doing_wp_cron=1458139291.6937930583953857421875 HTTP/1.0" 200 468 "-" "WordPress/4.4.2; http://www.selectsifiso.com"
41.78.28.152 - - [16/Mar/2016:16:42:17 +0200] "POST /wp-admin/admin-ajax.php?action=wordfence_testAjax HTTP/1.0" 200 622 "-" "WordPress/4.4.2; http://www.selectsifiso.com"
41.78.28.152 - - [16/Mar/2016:16:41:34 +0200] "GET /wp-admin/admin-ajax.php?action=wordfence_doScan&isFork=0&cronKey=418bc94534603a6321256e7c HTTP/1.0" 200 542 "-" "WordPress/4.4.2; http://www.selectsifiso.com"
41.78.28.152 - - [16/Mar/2016:16:42:51 +0200] "POST /wp-admin/admin-ajax.php?action=wordfence_testAjax HTTP/1.0" 200 622 "-" "WordPress/4.4.2; http://www.selectsifiso.com"
41.78.28.152 - - [16/Mar/2016:16:42:52 +0200] "GET /wp-admin/admin-ajax.php?action=wordfence_doScan&isFork=1&cronKey=1332199f42a114823e5e1b11 HTTP/1.0" 200 542 "-" "WordPress/4.4.2; http://www.selectsifiso.com"
41.78.28.152 - - [16/Mar/2016:16:42:19 +0200] "GET /wp-admin/admin-ajax.php?action=wordfence_doScan&isFork=1&cronKey=7cb6595422408dc475c95792 HTTP/1.0" 200 542 "-" "WordPress/4.4.2; http://www.selectsifiso.com"
192.0.102.40 - - [16/Mar/2016:16:46:27 +0200] "HEAD / HTTP/1.0" 301 519 "-" "jetmon/1.0 (Jetpack Site Uptime Monitor by WordPress.com)"
192.0.102.40 - - [16/Mar/2016:16:46:30 +0200] "HEAD / HTTP/1.0" 200 464 "-" "jetmon/1.0 (Jetpack Site Uptime Monitor by WordPress.com)"
41.78.28.152 - - [16/Mar/2016:16:46:28 +0200] "POST /wp-cron.php?doing_wp_cron=1458139588.6006588935852050781250 HTTP/1.0" 200 468 "-" "WordPress/4.4.2; http://www.selectsifiso.com"
